Component: ARM Compiler 5.06 update 7 (build 960) Tool: armlink [4d3601]

==============================================================================

Section Cross References

    main.o(i.fputc) refers to stm32f10x_usart.o(i.USART_SendData) for USART_SendData
    main.o(i.fputc) refers to stm32f10x_usart.o(i.USART_GetFlagStatus) for USART_GetFlagStatus
    main.o(i.main) refers to systick.o(i.Delay_init) for Delay_init
    main.o(i.main) refers to led.o(i.LED_Init) for LED_Init
    main.o(i.main) refers to systick.o(i.delay_ms) for delay_ms
    main.o(i.main) refers to usart.o(i.USART_Configuration) for USART_Configuration
    main.o(i.main) refers to misc.o(i.NVIC_PriorityGroupConfig) for NVIC_PriorityGroupConfig
    main.o(i.main) refers to nodes.o(i.Node0) for Node0
    main.o(i.main) refers to nodes.o(i.Node1) for Node1
    main.o(i.main) refers to nodes.o(i.Node2) for Node2
    stm32f10x_it.o(i.CAN1_RX1_IRQHandler) refers to stm32f10x_can.o(i.CAN_Receive) for CAN_Receive
    stm32f10x_it.o(i.CAN1_RX1_IRQHandler) refers to stm32f10x_can.o(i.CAN_ClearITPendingBit) for CAN_ClearITPendingBit
    stm32f10x_it.o(i.CAN1_RX1_IRQHandler) refers to stm32f10x_it.o(.data) for CANRx_ID
    stm32f10x_it.o(i.TIM3_IRQHandler) refers to stm32f10x_tim.o(i.TIM_GetITStatus) for TIM_GetITStatus
    stm32f10x_it.o(i.TIM3_IRQHandler) refers to stm32f10x_tim.o(i.TIM_ClearITPendingBit) for TIM_ClearITPendingBit
    stm32f10x_it.o(i.TIM3_IRQHandler) refers to printfa.o(i.__0printf) for __2printf
    stm32f10x_it.o(i.TIM3_IRQHandler) refers to stm32f10x_tim.o(i.TIM_Cmd) for TIM_Cmd
    stm32f10x_it.o(i.TIM3_IRQHandler) refers to nodes.o(.data) for MasterNodeFlag
    stm32f10x_it.o(i.TIM3_IRQHandler) refers to stm32f10x_it.o(.data) for SM_ID_Sent_Counter
    stm32f10x_it.o(i.TIM4_IRQHandler) refers to stm32f10x_tim.o(i.TIM_GetITStatus) for TIM_GetITStatus
    stm32f10x_it.o(i.TIM4_IRQHandler) refers to stm32f10x_tim.o(i.TIM_ClearITPendingBit) for TIM_ClearITPendingBit
    stm32f10x_it.o(i.TIM4_IRQHandler) refers to stm32f10x_it.o(.data) for EncoderFlag
    stm32f10x_it.o(i.USB_LP_CAN1_RX0_IRQHandler) refers to stm32f10x_can.o(i.CAN_Receive) for CAN_Receive
    stm32f10x_it.o(i.USB_LP_CAN1_RX0_IRQHandler) refers to stm32f10x_can.o(i.CAN_ClearITPendingBit) for CAN_ClearITPendingBit
    stm32f10x_it.o(i.USB_LP_CAN1_RX0_IRQHandler) refers to stm32f10x_it.o(.data) for CANSM_ID
    systick.o(i.Delay_init) refers to stm32f10x_rcc.o(i.RCC_GetClocksFreq) for RCC_GetClocksFreq
    systick.o(i.Delay_init) refers to misc.o(i.SysTick_CLKSourceConfig) for SysTick_CLKSourceConfig
    systick.o(i.Delay_init) refers to stm32f10x_systick.o(i.SysTick_ITConfig) for SysTick_ITConfig
    systick.o(i.Delay_init) refers to systick.o(.data) for delay_fac_us
    systick.o(i.delay_ms) refers to stm32f10x_systick.o(i.SysTick_SetReload) for SysTick_SetReload
    systick.o(i.delay_ms) refers to stm32f10x_systick.o(i.SysTick_CounterCmd) for SysTick_CounterCmd
    systick.o(i.delay_ms) refers to stm32f10x_systick.o(i.SysTick_GetFlagStatus) for SysTick_GetFlagStatus
    systick.o(i.delay_ms) refers to systick.o(.data) for delay_fac_ms
    systick.o(i.delay_us) refers to stm32f10x_systick.o(i.SysTick_SetReload) for SysTick_SetReload
    systick.o(i.delay_us) refers to stm32f10x_systick.o(i.SysTick_CounterCmd) for SysTick_CounterCmd
    systick.o(i.delay_us) refers to stm32f10x_systick.o(i.SysTick_GetFlagStatus) for SysTick_GetFlagStatus
    systick.o(i.delay_us) refers to systick.o(.data) for delay_fac_us
    stm32f10x_flash.o(i.FLASH_EnableWriteProtection) refers to stm32f10x_flash.o(i.FLASH_WaitForLastOperation) for FLASH_WaitForLastOperation
    stm32f10x_flash.o(i.FLASH_EraseAllBank1Pages) refers to stm32f10x_flash.o(i.FLASH_WaitForLastBank1Operation) for FLASH_WaitForLastBank1Operation
    stm32f10x_flash.o(i.FLASH_EraseAllPages) refers to stm32f10x_flash.o(i.FLASH_WaitForLastOperation) for FLASH_WaitForLastOperation
    stm32f10x_flash.o(i.FLASH_EraseOptionBytes) refers to stm32f10x_flash.o(i.FLASH_GetReadOutProtectionStatus) for FLASH_GetReadOutProtectionStatus
    stm32f10x_flash.o(i.FLASH_EraseOptionBytes) refers to stm32f10x_flash.o(i.FLASH_WaitForLastOperation) for FLASH_WaitForLastOperation
    stm32f10x_flash.o(i.FLASH_ErasePage) refers to stm32f10x_flash.o(i.FLASH_WaitForLastOperation) for FLASH_WaitForLastOperation
    stm32f10x_flash.o(i.FLASH_ProgramHalfWord) refers to stm32f10x_flash.o(i.FLASH_WaitForLastOperation) for FLASH_WaitForLastOperation
    stm32f10x_flash.o(i.FLASH_ProgramOptionByteData) refers to stm32f10x_flash.o(i.FLASH_WaitForLastOperation) for FLASH_WaitForLastOperation
    stm32f10x_flash.o(i.FLASH_ProgramWord) refers to stm32f10x_flash.o(i.FLASH_WaitForLastOperation) for FLASH_WaitForLastOperation
    stm32f10x_flash.o(i.FLASH_ReadOutProtection) refers to stm32f10x_flash.o(i.FLASH_WaitForLastOperation) for FLASH_WaitForLastOperation
[...]
    ..\Libraries\STM32F10x_StdPeriph_Driver\src\stm32f10x_fsmc.c 0x00000000   Number         0  stm32f10x_fsmc.o ABSOLUTE
    ..\Libraries\STM32F10x_StdPeriph_Driver\src\stm32f10x_gpio.c 0x00000000   Number         0  stm32f10x_gpio.o ABSOLUTE
    ..\Libraries\STM32F10x_StdPeriph_Driver\src\stm32f10x_i2c.c 0x00000000   Number         0  stm32f10x_i2c.o ABSOLUTE
    ..\Libraries\STM32F10x_StdPeriph_Driver\src\stm32f10x_iwdg.c 0x00000000   Number         0  stm32f10x_iwdg.o ABSOLUTE
    ..\Libraries\STM32F10x_StdPeriph_Driver\src\stm32f10x_pwr.c 0x00000000   Number         0  stm32f10x_pwr.o ABSOLUTE
    ..\Libraries\STM32F10x_StdPeriph_Driver\src\stm32f10x_rcc.c 0x00000000   Number         0  stm32f10x_rcc.o ABSOLUTE
    ..\Libraries\STM32F10x_StdPeriph_Driver\src\stm32f10x_rtc.c 0x00000000   Number         0  stm32f10x_rtc.o ABSOLUTE
    ..\Libraries\STM32F10x_StdPeriph_Driver\src\stm32f10x_sdio.c 0x00000000   Number         0  stm32f10x_sdio.o ABSOLUTE
    ..\Libraries\STM32F10x_StdPeriph_Driver\src\stm32f10x_spi.c 0x00000000   Number         0  stm32f10x_spi.o ABSOLUTE
    ..\Libraries\STM32F10x_StdPeriph_Driver\src\stm32f10x_tim.c 0x00000000   Number         0  stm32f10x_tim.o ABSOLUTE
    ..\Libraries\STM32F10x_StdPeriph_Driver\src\stm32f10x_usart.c 0x00000000   Number         0  stm32f10x_usart.o ABSOLUTE
    ..\Libraries\STM32F10x_StdPeriph_Driver\src\stm32f10x_wwdg.c 0x00000000   Number         0  stm32f10x_wwdg.o ABSOLUTE
    ..\USER\SysTick\stm32f10x_systick.c      0x00000000   Number         0  stm32f10x_systick.o ABSOLUTE
    ..\USER\SysTick\systick.c                0x00000000   Number         0  systick.o ABSOLUTE
    ..\USER\can\can_config.c                 0x00000000   Number         0  can_config.o ABSOLUTE
    ..\USER\led\led.c                        0x00000000   Number         0  led.o ABSOLUTE
    ..\USER\main.c                           0x00000000   Number         0  main.o ABSOLUTE
    ..\USER\nodes\nodes.c                    0x00000000   Number         0  nodes.o ABSOLUTE
    ..\USER\stm32f10x_it.c                   0x00000000   Number         0  stm32f10x_it.o ABSOLUTE
    ..\USER\sys\sys.c                        0x00000000   Number         0  sys.o ABSOLUTE
    ..\USER\system_stm32f10x.c               0x00000000   Number         0  system_stm32f10x.o ABSOLUTE
    ..\USER\timer\timer.c                    0x00000000   Number         0  timer.o ABSOLUTE
    ..\USER\ttcan\TTCAN_mes.c                0x00000000   Number         0  ttcan_mes.o ABSOLUTE
    ..\USER\ttcan\ttcan.c                    0x00000000   Number         0  ttcan.o ABSOLUTE
    ..\USER\usart\usart.c                    0x00000000   Number         0  usart.o ABSOLUTE
    ..\\Libraries\\CMSIS\\CM3\\CoreSupport\\core_cm3.c 0x00000000   Number         0  core_cm3.o ABSOLUTE
    ..\\USER\\sys\\sys.c                     0x00000000   Number         0  sys.o ABSOLUTE
    cdcmple.s                                0x00000000   Number         0  cdcmple.o ABSOLUTE
    cdrcmple.s                               0x00000000   Number         0  cdrcmple.o ABSOLUTE
    cfcmple.s                                0x00000000   Number         0  cfcmple.o ABSOLUTE
    dc.s                                     0x00000000   Number         0  dc.o ABSOLUTE
    handlers.s                               0x00000000   Number         0  handlers.o ABSOLUTE
    init.s                                   0x00000000   Number         0  init.o ABSOLUTE
    RESET                                    0x08000000   Section      304  startup_stm32f10x_hd.o(RESET)
    .ARM.Collect$$$$00000000                 0x08000130   Section        0  entry.o(.ARM.Collect$$$$00000000)
    .ARM.Collect$$$$00000001                 0x08000130   Section        4  entry2.o(.ARM.Collect$$$$00000001)
    .ARM.Collect$$$$00000004                 0x08000134   Section        4  entry5.o(.ARM.Collect$$$$00000004)
    .ARM.Collect$$$$00000008                 0x08000138   Section        0  entry7b.o(.ARM.Collect$$$$00000008)
    .ARM.Collect$$$$0000000A                 0x08000138   Section        0  entry8b.o(.ARM.Collect$$$$0000000A)
    .ARM.Collect$$$$0000000B                 0x08000138   Section        8  entry9a.o(.ARM.Collect$$$$0000000B)
    .ARM.Collect$$$$0000000E                 0x08000140   Section        4  entry12b.o(.ARM.Collect$$$$0000000E)
    .ARM.Collect$$$$0000000F                 0x08000144   Section        0  entry10a.o(.ARM.Collect$$$$0000000F)
    .ARM.Collect$$$$00000011                 0x08000144   Section        0  entry11a.o(.ARM.Collect$$$$00000011)
    .ARM.Collect$$$$00002712                 0x08000144   Section        4  entry2.o(.ARM.Collect$$$$00002712)
    __lit__00000000                          0x08000144   Data           4  entry2.o(.ARM.Collect$$$$00002712)
    .text                                    0x08000148   Section       36  startup_stm32f10x_hd.o(.text)
    .text                                    0x0800016c   Section        0  fmul.o(.text)
    .text                                    0x080001d0   Section        0  dadd.o(.text)
    .text                                    0x0800031e   Section        0  dmul.o(.text)
    .text                                    0x08000402   Section        0  ddiv.o(.text)
    .text                                    0x080004e0   Section        0  dflti.o(.text)
    .text                                    0x08000502   Section        0  dfltui.o(.text)
    .text                                    0x0800051c   Section        0  ffixui.o(.text)
    .text                                    0x08000544   Section        0  dfixi.o(.text)
    .text                                    0x08000582   Section        0  f2d.o(.text)
    .text                                    0x080005a8   Section       48  cdcmple.o(.text)
    .text                                    0x080005d8   Section       48  cdrcmple.o(.text)
    .text                                    0x08000608   Section        0  d2f.o(.text)
    .text                                    0x08000640   Section       20  cfcmple.o(.text)
    .text                                    0x08000654   Section        0  uidiv.o(.text)
    .text                                    0x08000680   Section        0  uldiv.o(.text)
    .text                                    0x080006e2   Section        0  llshl.o(.text)
    .text                                    0x08000700   Section        0  llushr.o(.text)
    .text                                    0x08000720   Section        0  llsshr.o(.text)
    .text                                    0x08000744   Section        0  iusefp.o(.text)
    .text                                    0x08000744   Section        0  fepilogue.o(.text)
    .text                                    0x080007b2   Section        0  depilogue.o(.text)
    .text                                    0x0800086c   Section        0  dscalb.o(.text)
    .text                                    0x0800089a   Section        0  dsqrt.o(.text)
    .text                                    0x0800093c   Section        0  dfixul.o(.text)
    .text                                    0x0800096c   Section       36  init.o(.text)
    .text                                    0x08000990   Section        0  __dczerorl2.o(.text)
    i.ArraySum                               0x080009e6   Section        0  ttcan.o(i.ArraySum)
    i.BusFault_Handler                       0x08000a00   Section        0  stm32f10x_it.o(i.BusFault_Handler)
    i.CAN1_RX1_IRQHandler                    0x08000a04   Section        0  stm32f10x_it.o(i.CAN1_RX1_IRQHandler)
    i.CAN_ClearITPendingBit                  0x08000a5c   Section        0  stm32f10x_can.o(i.CAN_ClearITPendingBit)
    i.CAN_Configuration                      0x08000b04   Section        0  can_config.o(i.CAN_Configuration)
    i.CAN_DeInit                             0x08000b20   Section        0  stm32f10x_can.o(i.CAN_DeInit)
    i.CAN_FIFORelease                        0x08000b58   Section        0  stm32f10x_can.o(i.CAN_FIFORelease)
    i.CAN_FilterInit                         0x08000b70   Section        0  stm32f10x_can.o(i.CAN_FilterInit)
    i.CAN_ITConfig                           0x08000c78   Section        0  stm32f10x_can.o(i.CAN_ITConfig)
    i.CAN_Init                               0x08000c8a   Section        0  stm32f10x_can.o(i.CAN_Init)
    i.CAN_Receive                            0x08000d9e   Section        0  stm32f10x_can.o(i.CAN_Receive)
    i.CAN_StructInit                         0x08000e9c   Section        0  stm32f10x_can.o(i.CAN_StructInit)
    i.CAN_Transmit                           0x08000ebc   Section        0  stm32f10x_can.o(i.CAN_Transmit)
    i.CAN_TransmitStatus                     0x08000fe2   Section        0  stm32f10x_can.o(i.CAN_TransmitStatus)
    i.CAN__Master_Configuration              0x08001070   Section        0  can_config.o(i.CAN__Master_Configuration)
    i.CanFilter_0_Configure                  0x08001114   Section        0  can_config.o(i.CanFilter_0_Configure)
    i.CanFilter_1_Configure                  0x08001164   Section        0  can_config.o(i.CanFilter_1_Configure)
    i.CanInit                                0x080011b4   Section        0  can_config.o(i.CanInit)
    i.DebugMon_Handler                       0x08001218   Section        0  stm32f10x_it.o(i.DebugMon_Handler)
    i.Delay_init                             0x0800121c   Section        0  systick.o(i.Delay_init)
    i.GPIO_Configuration                     0x08001260   Section        0  usart.o(i.GPIO_Configuration)
    i.GPIO_Init                              0x080012c8   Section        0  stm32f10x_gpio.o(i.GPIO_Init)
    i.GPIO_ResetBits                         0x080013de   Section        0  stm32f10x_gpio.o(i.GPIO_ResetBits)
    i.GPIO_SetBits                           0x080013e2   Section        0  stm32f10x_gpio.o(i.GPIO_SetBits)
    i.GPIO_StructInit                        0x080013e6   Section        0  stm32f10x_gpio.o(i.GPIO_StructInit)
    i.HardFault_Handler                      0x080013f6   Section        0  stm32f10x_it.o(i.HardFault_Handler)
    i.LED_Init                               0x080013fc   Section        0  led.o(i.LED_Init)
    i.MemManage_Handler                      0x0800146c   Section        0  stm32f10x_it.o(i.MemManage_Handler)
    i.MesTransmitTime                        0x08001470   Section        0  ttcan.o(i.MesTransmitTime)
    i.NMI_Handler                            0x080014a0   Section        0  stm32f10x_it.o(i.NMI_Handler)
    i.NVIC0_Configuration                    0x080014a2   Section        0  usart.o(i.NVIC0_Configuration)
    i.NVIC1_Configuration                    0x080014ca   Section        0  usart.o(i.NVIC1_Configuration)
    i.NVIC_Init                              0x080014f4   Section        0  misc.o(i.NVIC_Init)
    i.NVIC_PriorityGroupConfig               0x08001564   Section        0  misc.o(i.NVIC_PriorityGroupConfig)
    i.Node0                                  0x08001578   Section        0  nodes.o(i.Node0)
    i.Node1                                  0x0800169c   Section        0  nodes.o(i.Node1)
    i.Node2                                  0x080027bc   Section        0  nodes.o(i.Node2)
    i.NodeMesTransmit                        0x08003840   Section        0  can_config.o(i.NodeMesTransmit)
    i.PendSV_Handler                         0x08003898   Section        0  stm32f10x_it.o(i.PendSV_Handler)
    i.RCC_APB1PeriphClockCmd                 0x0800389c   Section        0  stm32f10x_rcc.o(i.RCC_APB1PeriphClockCmd)
    i.RCC_APB1PeriphResetCmd                 0x080038bc   Section        0  stm32f10x_rcc.o(i.RCC_APB1PeriphResetCmd)
    i.RCC_APB2PeriphClockCmd                 0x080038dc   Section        0  stm32f10x_rcc.o(i.RCC_APB2PeriphClockCmd)
    i.RCC_GetClocksFreq                      0x080038fc   Section        0  stm32f10x_rcc.o(i.RCC_GetClocksFreq)
    i.SOS_ID                                 0x080039d0   Section        0  ttcan.o(i.SOS_ID)
    i.SVC_Handler                            0x08003afc   Section        0  stm32f10x_it.o(i.SVC_Handler)
    i.SendMatrix                             0x08003b00   Section        0  ttcan.o(i.SendMatrix)
    i.SendRef                                0x08003c20   Section        0  can_config.o(i.SendRef)
    i.SetSysClock                            0x08003d20   Section        0  system_stm32f10x.o(i.SetSysClock)
    SetSysClock                              0x08003d21   Thumb Code     8  system_stm32f10x.o(i.SetSysClock)
    i.SetSysClockTo72                        0x08003d28   Section        0  system_stm32f10x.o(i.SetSysClockTo72)
    SetSysClockTo72                          0x08003d29   Thumb Code   214  system_stm32f10x.o(i.SetSysClockTo72)
    i.SysTick_CLKSourceConfig                0x08003e08   Section        0  misc.o(i.SysTick_CLKSourceConfig)
    i.SysTick_CounterCmd                     0x08003e30   Section        0  stm32f10x_systick.o(i.SysTick_CounterCmd)
    i.SysTick_GetFlagStatus                  0x08003e66   Section        0  stm32f10x_systick.o(i.SysTick_GetFlagStatus)
    i.SysTick_Handler                        0x08003e94   Section        0  stm32f10x_it.o(i.SysTick_Handler)
    i.SysTick_ITConfig                       0x08003e96   Section        0  stm32f10x_systick.o(i.SysTick_ITConfig)
    i.SysTick_SetReload                      0x08003ebc   Section        0  stm32f10x_systick.o(i.SysTick_SetReload)
    i.SystemInit                             0x08003ec4   Section        0  system_stm32f10x.o(i.SystemInit)
    i.TI1_Config                             0x08003f24   Section        0  stm32f10x_tim.o(i.TI1_Config)
    TI1_Config                               0x08003f25   Thumb Code   108  stm32f10x_tim.o(i.TI1_Config)
    i.TI2_Config                             0x08003fa4   Section        0  stm32f10x_tim.o(i.TI2_Config)
    TI2_Config                               0x08003fa5   Thumb Code   130  stm32f10x_tim.o(i.TI2_Config)
    i.TI3_Config                             0x0800403c   Section        0  stm32f10x_tim.o(i.TI3_Config)
    TI3_Config                               0x0800403d   Thumb Code   122  stm32f10x_tim.o(i.TI3_Config)
    i.TI4_Config                             0x080040cc   Section        0  stm32f10x_tim.o(i.TI4_Config)
    TI4_Config                               0x080040cd   Thumb Code   130  stm32f10x_tim.o(i.TI4_Config)
    i.TIM2_IRQHandler                        0x08004164   Section        0  timer.o(i.TIM2_IRQHandler)
    i.TIM2_Int_Init                          0x080041b8   Section        0  timer.o(i.TIM2_Int_Init)
    i.TIM3_IRQHandler                        0x08004218   Section        0  stm32f10x_it.o(i.TIM3_IRQHandler)
    i.TIM3_Int_Init                          0x080042c4   Section        0  timer.o(i.TIM3_Int_Init)
    i.TIM4_EncoderMode_Config                0x08004324   Section        0  timer.o(i.TIM4_EncoderMode_Config)
    i.TIM4_IRQHandler                        0x080043dc   Section        0  stm32f10x_it.o(i.TIM4_IRQHandler)
    i.TIM4_PWM_Init                          0x08004400   Section        0  timer.o(i.TIM4_PWM_Init)
    i.TIM_ClearITPendingBit                  0x08004484   Section        0  stm32f10x_tim.o(i.TIM_ClearITPendingBit)
    i.TIM_Cmd                                0x0800448a   Section        0  stm32f10x_tim.o(i.TIM_Cmd)
    i.TIM_EncoderInterfaceConfig             0x080044a2   Section        0  stm32f10x_tim.o(i.TIM_EncoderInterfaceConfig)
    i.TIM_GetITStatus                        0x080044e4   Section        0  stm32f10x_tim.o(i.TIM_GetITStatus)
    i.TIM_ICInit                             0x08004508   Section        0  stm32f10x_tim.o(i.TIM_ICInit)
    i.TIM_ICStructInit                       0x080045b4   Section        0  stm32f10x_tim.o(i.TIM_ICStructInit)
    i.TIM_ITConfig                           0x080045c6   Section        0  stm32f10x_tim.o(i.TIM_ITConfig)
    i.TIM_OC2Init                            0x080045d8   Section        0  stm32f10x_tim.o(i.TIM_OC2Init)
    i.TIM_OC2PreloadConfig                   0x0800467c   Section        0  stm32f10x_tim.o(i.TIM_OC2PreloadConfig)
    i.TIM_SetCompare2                        0x08004696   Section        0  stm32f10x_tim.o(i.TIM_SetCompare2)
    i.TIM_SetCounter                         0x0800469a   Section        0  stm32f10x_tim.o(i.TIM_SetCounter)
    i.TIM_SetIC1Prescaler                    0x0800469e   Section        0  stm32f10x_tim.o(i.TIM_SetIC1Prescaler)
    i.TIM_SetIC2Prescaler                    0x080046b0   Section        0  stm32f10x_tim.o(i.TIM_SetIC2Prescaler)
    i.TIM_SetIC3Prescaler                    0x080046ca   Section        0  stm32f10x_tim.o(i.TIM_SetIC3Prescaler)
    i.TIM_SetIC4Prescaler                    0x080046dc   Section        0  stm32f10x_tim.o(i.TIM_SetIC4Prescaler)
    i.TIM_TimeBaseInit                       0x080046f8   Section        0  stm32f10x_tim.o(i.TIM_TimeBaseInit)
    i.TIM_TimeBaseStructInit                 0x0800479c   Section        0  stm32f10x_tim.o(i.TIM_TimeBaseStructInit)
    i.TSpeed                                 0x080047b0   Section        0  timer.o(i.TSpeed)
    i.TimerISR                               0x08004864   Section        0  ttcan.o(i.TimerISR)
    i.TimerSlotSet                           0x080049e4   Section        0  ttcan.o(i.TimerSlotSet)
    i.USART_Cmd                              0x08004a38   Section        0  stm32f10x_usart.o(i.USART_Cmd)
    i.USART_Configuration                    0x08004a50   Section        0  usart.o(i.USART_Configuration)
    i.USART_GetFlagStatus                    0x08004af8   Section        0  stm32f10x_usart.o(i.USART_GetFlagStatus)
    i.USART_ITConfig                         0x08004b12   Section        0  stm32f10x_usart.o(i.USART_ITConfig)
    i.USART_Init                             0x08004b5c   Section        0  stm32f10x_usart.o(i.USART_Init)
    i.USART_SendData                         0x08004c34   Section        0  stm32f10x_usart.o(i.USART_SendData)
    i.USB_LP_CAN1_RX0_IRQHandler             0x08004c3c   Section        0  stm32f10x_it.o(i.USB_LP_CAN1_RX0_IRQHandler)
    i.UsageFault_Handler                     0x08004cf4   Section        0  stm32f10x_it.o(i.UsageFault_Handler)
    i.WheelSpeed                             0x08004cf8   Section        0  ttcan_mes.o(i.WheelSpeed)
    i.__0printf                              0x08004d84   Section        0  printfa.o(i.__0printf)
    i.__ARM_fpclassify                       0x08004da4   Section        0  fpclassify.o(i.__ARM_fpclassify)
    i.__kernel_poly                          0x08004dcc   Section        0  poly.o(i.__kernel_poly)
    i.__mathlib_dbl_divzero                  0x08004e78   Section        0  dunder.o(i.__mathlib_dbl_divzero)
    i.__mathlib_dbl_infnan2                  0x08004e88   Section        0  dunder.o(i.__mathlib_dbl_infnan2)
    i.__mathlib_dbl_invalid                  0x08004e8c   Section        0  dunder.o(i.__mathlib_dbl_invalid)
    i.__mathlib_dbl_overflow                 0x08004e98   Section        0  dunder.o(i.__mathlib_dbl_overflow)
    i.__mathlib_dbl_underflow                0x08004ea8   Section        0  dunder.o(i.__mathlib_dbl_underflow)
    i.__scatterload_copy                     0x08004eb8   Section       14  handlers.o(i.__scatterload_copy)
    i.__scatterload_null                     0x08004ec6   Section        2  handlers.o(i.__scatterload_null)
    i.__scatterload_zeroinit                 0x08004ec8   Section       14  handlers.o(i.__scatterload_zeroinit)
    i.__set_errno                            0x08004ed8   Section        0  errno.o(i.__set_errno)
    i._fp_digits                             0x08004ee4   Section        0  printfa.o(i._fp_digits)
    _fp_digits                               0x08004ee5   Thumb Code   366  printfa.o(i._fp_digits)
    i._printf_core                           0x08005068   Section        0  printfa.o(i._printf_core)
    _printf_core                             0x08005069   Thumb Code  1704  printfa.o(i._printf_core)
    i._printf_post_padding                   0x0800571c   Section        0  printfa.o(i._printf_post_padding)
    _printf_post_padding                     0x0800571d   Thumb Code    36  printfa.o(i._printf_post_padding)
    i._printf_pre_padding                    0x08005740   Section        0  printfa.o(i._printf_pre_padding)
    _printf_pre_padding                      0x08005741   Thumb Code    46  printfa.o(i._printf_pre_padding)
    i.delay_ms                               0x08005770   Section        0  systick.o(i.delay_ms)
    i.delay_us                               0x080057c4   Section        0  systick.o(i.delay_us)
    i.fputc                                  0x0800580c   Section        0  main.o(i.fputc)
    i.main                                   0x08005830   Section        0  main.o(i.main)
    i.message1                               0x08005874   Section        0  ttcan_mes.o(i.message1)
    i.message2                               0x0800597c   Section        0  ttcan_mes.o(i.message2)
    i.message3                               0x08005a84   Section        0  ttcan_mes.o(i.message3)
    i.message5                               0x08005b18   Section        0  ttcan_mes.o(i.message5)
    i.message6                               0x08005c20   Section        0  ttcan_mes.o(i.message6)
    i.pow                                    0x08005d2c   Section        0  pow.o(i.pow)
    i.sqrt                                   0x08006704   Section        0  sqrt.o(i.sqrt)
    .constdata                               0x08006750   Section       24  nodes.o(.constdata)
    .constdata                               0x08006768   Section      136  pow.o(.constdata)
    bp                                       0x08006768   Data          16  pow.o(.constdata)
    dp_h                                     0x08006778   Data          16  pow.o(.constdata)
    dp_l                                     0x08006788   Data          16  pow.o(.constdata)
    L                                        0x08006798   Data          48  pow.o(.constdata)
    P                                        0x080067c8   Data          40  pow.o(.constdata)
    .constdata                               0x080067f0   Section        8  qnan.o(.constdata)
    .conststring                             0x080067f8   Section      652  nodes.o(.conststring)
    .data                                    0x20000000   Section       48  stm32f10x_it.o(.data)
    .data                                    0x20000030   Section        5  systick.o(.data)
    delay_fac_us                             0x20000030   Data           1  systick.o(.data)
    delay_fac_ms                             0x20000032   Data           2  systick.o(.data)
    Status                                   0x20000034   Data           1  systick.o(.data)
    .data                                    0x20000035   Section       20  stm32f10x_rcc.o(.data)
    APBAHBPrescTable                         0x20000035   Data          16  stm32f10x_rcc.o(.data)
    ADCPrescTable                            0x20000045   Data           4  stm32f10x_rcc.o(.data)
    .data                                    0x20000050   Section       32  can_config.o(.data)
    .data                                    0x20000070   Section        8  timer.o(.data)
    .data                                    0x20000078   Section      200  ttcan.o(.data)
    .data                                    0x20000140   Section       49  ttcan_mes.o(.data)
    .data                                    0x20000174   Section      128  nodes.o(.data)
    .data                                    0x200001f4   Section        4  stdout.o(.data)
    .data                                    0x200001f8   Section        4  errno.o(.data)
    _errno                                   0x200001f8   Data           4  errno.o(.data)
    .bss                                     0x200001fc   Section      168  ttcan.o(.bss)
    STACK                                    0x200002a8   Section     1024  startup_stm32f10x_hd.o(STACK)

    Global Symbols

    Symbol Name                              Value     Ov Type        Size  Object(Section)

    BuildAttributes$$THM_ISAv4$P$D$K$B$S$PE$A:L22UL41UL21$X:L11$S22US41US21$IEEE1$IW$USESV6$~STKCKD$USESV7$~SHL$OTIME$ROPI$IEEEX$EBA8$MICROLIB$REQ8$PRES8$EABIv2 0x00000000   Number         0  anon$$obj.o ABSOLUTE
    __ARM_use_no_argv                        0x00000000   Number         0  main.o ABSOLUTE
    _printf_a                                0x00000000   Number         0  stubs.o ABSOLUTE
    _printf_c                                0x00000000   Number         0  stubs.o ABSOLUTE
    _printf_charcount                        0x00000000   Number         0  stubs.o ABSOLUTE
    _printf_d                                0x00000000   Number         0  stubs.o ABSOLUTE
    _printf_e                                0x00000000   Number         0  stubs.o ABSOLUTE
    _printf_f                                0x00000000   Number         0  stubs.o ABSOLUTE
    _printf_flags                            0x00000000   Number         0  stubs.o ABSOLUTE
    _printf_fp_dec                           0x00000000   Number         0  stubs.o ABSOLUTE
    _printf_fp_hex                           0x00000000   Number         0  stubs.o ABSOLUTE
    _printf_g                                0x00000000   Number         0  stubs.o ABSOLUTE
    _printf_i                                0x00000000   Number         0  stubs.o ABSOLUTE
    _printf_int_dec                          0x00000000   Number         0  stubs.o ABSOLUTE
    _printf_l                                0x00000000   Number         0  stubs.o ABSOLUTE
    _printf_lc                               0x00000000   Number         0  stubs.o ABSOLUTE
    _printf_ll                               0x00000000   Number         0  stubs.o ABSOLUTE
    _printf_lld                              0x00000000   Number         0  stubs.o ABSOLUTE
    _printf_lli                              0x00000000   Number         0  stubs.o ABSOLUTE
    _printf_llo                              0x00000000   Number         0  stubs.o ABSOLUTE
    _printf_llu                              0x00000000   Number         0  stubs.o ABSOLUTE
    _printf_llx                              0x00000000   Number         0  stubs.o ABSOLUTE
    _printf_longlong_dec                     0x00000000   Number         0  stubs.o ABSOLUTE
    _printf_longlong_hex                     0x00000000   Number         0  stubs.o ABSOLUTE
    _printf_longlong_oct                     0x00000000   Number         0  stubs.o ABSOLUTE
    _printf_ls                               0x00000000   Number         0  stubs.o ABSOLUTE
    _printf_mbtowc                           0x00000000   Number         0  stubs.o ABSOLUTE
    _printf_n                                0x00000000   Number         0  stubs.o ABSOLUTE
    _printf_o                                0x00000000   Number         0  stubs.o ABSOLUTE
    _printf_p                                0x00000000   Number         0  stubs.o ABSOLUTE
    _printf_percent                          0x00000000   Number         0  stubs.o ABSOLUTE
    _printf_pre_padding                      0x00000000   Number         0  stubs.o ABSOLUTE
    _printf_return_value                     0x00000000   Number         0  stubs.o ABSOLUTE
    _printf_s                                0x00000000   Number         0  stubs.o ABSOLUTE
    _printf_sizespec                         0x00000000   Number         0  stubs.o ABSOLUTE
    _printf_str                              0x00000000   Number         0  stubs.o ABSOLUTE
    _printf_truncate_signed                  0x00000000   Number         0  stubs.o ABSOLUTE
    _printf_truncate_unsigned                0x00000000   Number         0  stubs.o ABSOLUTE
    _printf_u                                0x00000000   Number         0  stubs.o ABSOLUTE
    _printf_wc                               0x00000000   Number         0  stubs.o ABSOLUTE
    _printf_wctomb                           0x00000000   Number         0  stubs.o ABSOLUTE
    _printf_widthprec                        0x00000000   Number         0  stubs.o ABSOLUTE
    _printf_x                                0x00000000   Number         0  stubs.o ABSOLUTE
    __arm_fini_                               - Undefined Weak Reference
    __cpp_initialize__aeabi_                  - Undefined Weak Reference
    __cxa_finalize                            - Undefined Weak Reference
    _clock_init                               - Undefined Weak Reference
    _microlib_exit                            - Undefined Weak Reference
    __Vectors_Size                           0x00000130   Number         0  startup_stm32f10x_hd.o ABSOLUTE
    __Vectors                                0x08000000   Data           4  startup_stm32f10x_hd.o(RESET)
    __Vectors_End                            0x08000130   Data           0  startup_stm32f10x_hd.o(RESET)
    __main                                   0x08000131   Thumb Code     0  entry.o(.ARM.Collect$$$$00000000)
    _main_stk                                0x08000131   Thumb Code     0  entry2.o(.ARM.Collect$$$$00000001)
    _main_scatterload                        0x08000135   Thumb Code     0  entry5.o(.ARM.Collect$$$$00000004)
    __main_after_scatterload                 0x08000139   Thumb Code     0  entry5.o(.ARM.Collect$$$$00000004)
    _main_clock                              0x08000139   Thumb Code     0  entry7b.o(.ARM.Collect$$$$00000008)
    _main_cpp_init                           0x08000139   Thumb Code     0  entry8b.o(.ARM.Collect$$$$0000000A)
    _main_init                               0x08000139   Thumb Code     0  entry9a.o(.ARM.Collect$$$$0000000B)
    __rt_lib_shutdown_fini                   0x08000141   Thumb Code     0  entry12b.o(.ARM.Collect$$$$0000000E)
    __rt_final_cpp                           0x08000145   Thumb Code     0  entry10a.o(.ARM.Collect$$$$0000000F)
    __rt_final_exit                          0x08000145   Thumb Code     0  entry11a.o(.ARM.Collect$$$$00000011)
    Reset_Handler                            0x08000149   Thumb Code     8  startup_stm32f10x_hd.o(.text)
    ADC1_2_IRQHandler                        0x08000163   Thumb Code     0  startup_stm32f10x_hd.o(.text)
    ADC3_IRQHandler                          0x08000163   Thumb Code     0  startup_stm32f10x_hd.o(.text)
    CAN1_SCE_IRQHandler                      0x08000163   Thumb Code     0  startup_stm32f10x_hd.o(.text)
    DMA1_Channel1_IRQHandler                 0x08000163   Thumb Code     0  startup_stm32f10x_hd.o(.text)
    DMA1_Channel2_IRQHandler                 0x08000163   Thumb Code     0  startup_stm32f10x_hd.o(.text)
    DMA1_Channel3_IRQHandler                 0x08000163   Thumb Code     0  startup_stm32f10x_hd.o(.text)
    DMA1_Channel4_IRQHandler                 0x08000163   Thumb Code     0  startup_stm32f10x_hd.o(.text)
    DMA1_Channel5_IRQHandler                 0x08000163   Thumb Code     0  startup_stm32f10x_hd.o(.text)
    DMA1_Channel6_IRQHandler                 0x08000163   Thumb Code     0  startup_stm32f10x_hd.o(.text)
    DMA1_Channel7_IRQHandler                 0x08000163   Thumb Code     0  startup_stm32f10x_hd.o(.text)
    DMA2_Channel1_IRQHandler                 0x08000163   Thumb Code     0  startup_stm32f10x_hd.o(.text)
    DMA2_Channel2_IRQHandler                 0x08000163   Thumb Code     0  startup_stm32f10x_hd.o(.text)
    DMA2_Channel3_IRQHandler                 0x08000163   Thumb Code     0  startup_stm32f10x_hd.o(.text)
    DMA2_Channel4_5_IRQHandler               0x08000163   Thumb Code     0  startup_stm32f10x_hd.o(.text)
    EXTI0_IRQHandler                         0x08000163   Thumb Code     0  startup_stm32f10x_hd.o(.text)
    EXTI15_10_IRQHandler                     0x08000163   Thumb Code     0  startup_stm32f10x_hd.o(.text)
    EXTI1_IRQHandler                         0x08000163   Thumb Code     0  startup_stm32f10x_hd.o(.text)
    EXTI2_IRQHandler                         0x08000163   Thumb Code     0  startup_stm32f10x_hd.o(.text)
    EXTI3_IRQHandler                         0x08000163   Thumb Code     0  startup_stm32f10x_hd.o(.text)
    EXTI4_IRQHandler                         0x08000163   Thumb Code     0  startup_stm32f10x_hd.o(.text)
    EXTI9_5_IRQHandler                       0x08000163   Thumb Code     0  startup_stm32f10x_hd.o(.text)
    FLASH_IRQHandler                         0x08000163   Thumb Code     0  startup_stm32f10x_hd.o(.text)
    FSMC_IRQHandler                          0x08000163   Thumb Code     0  startup_stm32f10x_hd.o(.text)
    I2C1_ER_IRQHandler                       0x08000163   Thumb Code     0  startup_stm32f10x_hd.o(.text)
    I2C1_EV_IRQHandler                       0x08000163   Thumb Code     0  startup_stm32f10x_hd.o(.text)
    I2C2_ER_IRQHandler                       0x08000163   Thumb Code     0  startup_stm32f10x_hd.o(.text)
    I2C2_EV_IRQHandler                       0x08000163   Thumb Code     0  startup_stm32f10x_hd.o(.text)
    PVD_IRQHandler                           0x08000163   Thumb Code     0  startup_stm32f10x_hd.o(.text)
    RCC_IRQHandler                           0x08000163   Thumb Code     0  startup_stm32f10x_hd.o(.text)
    RTCAlarm_IRQHandler                      0x08000163   Thumb Code     0  startup_stm32f10x_hd.o(.text)
    RTC_IRQHandler                           0x08000163   Thumb Code     0  startup_stm32f10x_hd.o(.text)
    SDIO_IRQHandler                          0x08000163   Thumb Code     0  startup_stm32f10x_hd.o(.text)
    SPI1_IRQHandler                          0x08000163   Thumb Code     0  startup_stm32f10x_hd.o(.text)
    SPI2_IRQHandler                          0x08000163   Thumb Code     0  startup_stm32f10x_hd.o(.text)
    SPI3_IRQHandler                          0x08000163   Thumb Code     0  startup_stm32f10x_hd.o(.text)
    TAMPER_IRQHandler                        0x08000163   Thumb Code     0  startup_stm32f10x_hd.o(.text)
    TIM1_BRK_IRQHandler                      0x08000163   Thumb Code     0  startup_stm32f10x_hd.o(.text)
    TIM1_CC_IRQHandler                       0x08000163   Thumb Code     0  startup_stm32f10x_hd.o(.text)
    TIM1_TRG_COM_IRQHandler                  0x08000163   Thumb Code     0  startup_stm32f10x_hd.o(.text)
    TIM1_UP_IRQHandler                       0x08000163   Thumb Code     0  startup_stm32f10x_hd.o(.text)
    TIM5_IRQHandler                          0x08000163   Thumb Code     0  startup_stm32f10x_hd.o(.text)
    TIM6_IRQHandler                          0x08000163   Thumb Code     0  startup_stm32f10x_hd.o(.text)
    TIM7_IRQHandler                          0x08000163   Thumb Code     0  startup_stm32f10x_hd.o(.text)
    TIM8_BRK_IRQHandler                      0x08000163   Thumb Code     0  startup_stm32f10x_hd.o(.text)
    TIM8_CC_IRQHandler                       0x08000163   Thumb Code     0  startup_stm32f10x_hd.o(.text)
    TIM8_TRG_COM_IRQHandler                  0x08000163   Thumb Code     0  startup_stm32f10x_hd.o(.text)
    TIM8_UP_IRQHandler                       0x08000163   Thumb Code     0  startup_stm32f10x_hd.o(.text)
    UART4_IRQHandler                         0x08000163   Thumb Code     0  startup_stm32f10x_hd.o(.text)
    UART5_IRQHandler                         0x08000163   Thumb Code     0  startup_stm32f10x_hd.o(.text)
    USART1_IRQHandler                        0x08000163   Thumb Code     0  startup_stm32f10x_hd.o(.text)
    USART2_IRQHandler                        0x08000163   Thumb Code     0  startup_stm32f10x_hd.o(.text)
    USART3_IRQHandler                        0x08000163   Thumb Code     0  startup_stm32f10x_hd.o(.text)
    USBWakeUp_IRQHandler                     0x08000163   Thumb Code     0  startup_stm32f10x_hd.o(.text)
    USB_HP_CAN1_TX_IRQHandler                0x08000163   Thumb Code     0  startup_stm32f10x_hd.o(.text)
    WWDG_IRQHandler                          0x08000163   Thumb Code     0  startup_stm32f10x_hd.o(.text)
    __aeabi_fmul                             0x0800016d   Thumb Code   100  fmul.o(.text)
    __aeabi_dadd                             0x080001d1   Thumb Code   322  dadd.o(.text)
    __aeabi_dsub                             0x08000313   Thumb Code     6  dadd.o(.text)
    __aeabi_drsub                            0x08000319   Thumb Code     6  dadd.o(.text)
    __aeabi_dmul                             0x0800031f   Thumb Code   228  dmul.o(.text)
    __aeabi_ddiv                             0x08000403   Thumb Code   222  ddiv.o(.text)
    __aeabi_i2d                              0x080004e1   Thumb Code    34  dflti.o(.text)
    __aeabi_ui2d                             0x08000503   Thumb Code    26  dfltui.o(.text)
    __aeabi_f2uiz                            0x0800051d   Thumb Code    40  ffixui.o(.text)
    __aeabi_d2iz                             0x08000545   Thumb Code    62  dfixi.o(.text)
    __aeabi_f2d                              0x08000583   Thumb Code    38  f2d.o(.text)
    __aeabi_cdcmpeq                          0x080005a9   Thumb Code     0  cdcmple.o(.text)
    __aeabi_cdcmple                          0x080005a9   Thumb Code    48  cdcmple.o(.text)
    __aeabi_cdrcmple                         0x080005d9   Thumb Code    48  cdrcmple.o(.text)
    __aeabi_d2f                              0x08000609   Thumb Code    56  d2f.o(.text)
    __aeabi_cfcmpeq                          0x08000641   Thumb Code     0  cfcmple.o(.text)
    __aeabi_cfcmple                          0x08000641   Thumb Code    20  cfcmple.o(.text)
    __aeabi_uidiv                            0x08000655   Thumb Code     0  uidiv.o(.text)
    __aeabi_uidivmod                         0x08000655   Thumb Code    44  uidiv.o(.text)
    __aeabi_uldivmod                         0x08000681   Thumb Code    98  uldiv.o(.text)
    __aeabi_llsl                             0x080006e3   Thumb Code    30  llshl.o(.text)
    _ll_shift_l                              0x080006e3   Thumb Code     0  llshl.o(.text)
    __aeabi_llsr                             0x08000701   Thumb Code    32  llushr.o(.text)
    _ll_ushift_r                             0x08000701   Thumb Code     0  llushr.o(.text)
    __aeabi_lasr                             0x08000721   Thumb Code    36  llsshr.o(.text)
    _ll_sshift_r                             0x08000721   Thumb Code     0  llsshr.o(.text)
    __I$use$fp                               0x08000745   Thumb Code     0  iusefp.o(.text)
    _float_round                             0x08000745   Thumb Code    18  fepilogue.o(.text)
    _float_epilogue                          0x08000757   Thumb Code    92  fepilogue.o(.text)
    _double_round                            0x080007b3   Thumb Code    30  depilogue.o(.text)
    _double_epilogue                         0x080007d1   Thumb Code   156  depilogue.o(.text)
    __ARM_scalbn                             0x0800086d   Thumb Code    46  dscalb.o(.text)
    scalbn                                   0x0800086d   Thumb Code     0  dscalb.o(.text)
    _dsqrt                                   0x0800089b   Thumb Code   162  dsqrt.o(.text)
    __aeabi_d2ulz                            0x0800093d   Thumb Code    48  dfixul.o(.text)
    __scatterload                            0x0800096d   Thumb Code    28  init.o(.text)
    __scatterload_rt2                        0x0800096d   Thumb Code     0  init.o(.text)
    __decompress                             0x08000991   Thumb Code     0  __dczerorl2.o(.text)
    __decompress1                            0x08000991   Thumb Code    86  __dczerorl2.o(.text)
    ArraySum                                 0x080009e7   Thumb Code    26  ttcan.o(i.ArraySum)
    BusFault_Handler                         0x08000a01   Thumb Code     4  stm32f10x_it.o(i.BusFault_Handler)
    CAN1_RX1_IRQHandler                      0x08000a05   Thumb Code    62  stm32f10x_it.o(i.CAN1_RX1_IRQHandler)
    CAN_ClearITPendingBit                    0x08000a5d   Thumb Code   162  stm32f10x_can.o(i.CAN_ClearITPendingBit)
    CAN_Configuration                        0x08000b05   Thumb Code    28  can_config.o(i.CAN_Configuration)
    CAN_DeInit                               0x08000b21   Thumb Code    50  stm32f10x_can.o(i.CAN_DeInit)
    CAN_FIFORelease                          0x08000b59   Thumb Code    22  stm32f10x_can.o(i.CAN_FIFORelease)
    CAN_FilterInit                           0x08000b71   Thumb Code   258  stm32f10x_can.o(i.CAN_FilterInit)
    CAN_ITConfig                             0x08000c79   Thumb Code    18  stm32f10x_can.o(i.CAN_ITConfig)
    CAN_Init                                 0x08000c8b   Thumb Code   276  stm32f10x_can.o(i.CAN_Init)
    CAN_Receive                              0x08000d9f   Thumb Code   254  stm32f10x_can.o(i.CAN_Receive)
    CAN_StructInit                           0x08000e9d   Thumb Code    32  stm32f10x_can.o(i.CAN_StructInit)
    CAN_Transmit                             0x08000ebd   Thumb Code   294  stm32f10x_can.o(i.CAN_Transmit)
    CAN_TransmitStatus                       0x08000fe3   Thumb Code   142  stm32f10x_can.o(i.CAN_TransmitStatus)
    CAN__Master_Configuration                0x08001071   Thumb Code   160  can_config.o(i.CAN__Master_Configuration)
    CanFilter_0_Configure                    0x08001115   Thumb Code    74  can_config.o(i.CanFilter_0_Configure)
    CanFilter_1_Configure                    0x08001165   Thumb Code    76  can_config.o(i.CanFilter_1_Configure)
    CanInit                                  0x080011b5   Thumb Code    96  can_config.o(i.CanInit)
    DebugMon_Handler                         0x08001219   Thumb Code     2  stm32f10x_it.o(i.DebugMon_Handler)
    Delay_init                               0x0800121d   Thumb Code    54  systick.o(i.Delay_init)
    GPIO_Configuration                       0x08001261   Thumb Code    96  usart.o(i.GPIO_Configuration)
    GPIO_Init                                0x080012c9   Thumb Code   278  stm32f10x_gpio.o(i.GPIO_Init)
    GPIO_ResetBits                           0x080013df   Thumb Code     4  stm32f10x_gpio.o(i.GPIO_ResetBits)
    GPIO_SetBits                             0x080013e3   Thumb Code     4  stm32f10x_gpio.o(i.GPIO_SetBits)
    GPIO_StructInit                          0x080013e7   Thumb Code    16  stm32f10x_gpio.o(i.GPIO_StructInit)
    HardFault_Handler                        0x080013f7   Thumb Code     4  stm32f10x_it.o(i.HardFault_Handler)
    LED_Init                                 0x080013fd   Thumb Code    98  led.o(i.LED_Init)
    MemManage_Handler                        0x0800146d   Thumb Code     4  stm32f10x_it.o(i.MemManage_Handler)
    MesTransmitTime                          0x08001471   Thumb Code    44  ttcan.o(i.MesTransmitTime)
    NMI_Handler                              0x080014a1   Thumb Code     2  stm32f10x_it.o(i.NMI_Handler)
    NVIC0_Configuration                      0x080014a3   Thumb Code    40  usart.o(i.NVIC0_Configuration)
    NVIC1_Configuration                      0x080014cb   Thumb Code    40  usart.o(i.NVIC1_Configuration)
    NVIC_Init                                0x080014f5   Thumb Code   100  misc.o(i.NVIC_Init)
    NVIC_PriorityGroupConfig                 0x08001565   Thumb Code    10  misc.o(i.NVIC_PriorityGroupConfig)
    Node0                                    0x08001579   Thumb Code   156  nodes.o(i.Node0)
    Node1                                    0x0800169d   Thumb Code  4176  nodes.o(i.Node1)
    Node2                                    0x080027bd   Thumb Code  4074  nodes.o(i.Node2)
    NodeMesTransmit                          0x08003841   Thumb Code    88  can_config.o(i.NodeMesTransmit)
    PendSV_Handler                           0x08003899   Thumb Code     2  stm32f10x_it.o(i.PendSV_Handler)
    RCC_APB1PeriphClockCmd                   0x0800389d   Thumb Code    26  stm32f10x_rcc.o(i.RCC_APB1PeriphClockCmd)
    RCC_APB1PeriphResetCmd                   0x080038bd   Thumb Code    26  stm32f10x_rcc.o(i.RCC_APB1PeriphResetCmd)
    RCC_APB2PeriphClockCmd                   0x080038dd   Thumb Code    26  stm32f10x_rcc.o(i.RCC_APB2PeriphClockCmd)
    RCC_GetClocksFreq                        0x080038fd   Thumb Code   192  stm32f10x_rcc.o(i.RCC_GetClocksFreq)
    SOS_ID                                   0x080039d1   Thumb Code   220  ttcan.o(i.SOS_ID)
    SVC_Handler                              0x08003afd   Thumb Code     2  stm32f10x_it.o(i.SVC_Handler)
    SendMatrix                               0x08003b01   Thumb Code   194  ttcan.o(i.SendMatrix)
    SendRef                                  0x08003c21   Thumb Code   180  can_config.o(i.SendRef)
    SysTick_CLKSourceConfig                  0x08003e09   Thumb Code    40  misc.o(i.SysTick_CLKSourceConfig)
    SysTick_CounterCmd                       0x08003e31   Thumb Code    54  stm32f10x_systick.o(i.SysTick_CounterCmd)
    SysTick_GetFlagStatus                    0x08003e67   Thumb Code    46  stm32f10x_systick.o(i.SysTick_GetFlagStatus)
    SysTick_Handler                          0x08003e95   Thumb Code     2  stm32f10x_it.o(i.SysTick_Handler)
    SysTick_ITConfig                         0x08003e97   Thumb Code    38  stm32f10x_systick.o(i.SysTick_ITConfig)
    SysTick_SetReload                        0x08003ebd   Thumb Code     8  stm32f10x_systick.o(i.SysTick_SetReload)
    SystemInit                               0x08003ec5   Thumb Code    78  system_stm32f10x.o(i.SystemInit)
    TIM2_IRQHandler                          0x08004165   Thumb Code    64  timer.o(i.TIM2_IRQHandler)
    TIM2_Int_Init                            0x080041b9   Thumb Code    96  timer.o(i.TIM2_Int_Init)
    TIM3_IRQHandler                          0x08004219   Thumb Code   102  stm32f10x_it.o(i.TIM3_IRQHandler)
    TIM3_Int_Init                            0x080042c5   Thumb Code    92  timer.o(i.TIM3_Int_Init)
    TIM4_EncoderMode_Config                  0x08004325   Thumb Code   174  timer.o(i.TIM4_EncoderMode_Config)
    TIM4_IRQHandler                          0x080043dd   Thumb Code    28  stm32f10x_it.o(i.TIM4_IRQHandler)
    TIM4_PWM_Init                            0x08004401   Thumb Code   122  timer.o(i.TIM4_PWM_Init)
    TIM_ClearITPendingBit                    0x08004485   Thumb Code     6  stm32f10x_tim.o(i.TIM_ClearITPendingBit)
    TIM_Cmd                                  0x0800448b   Thumb Code    24  stm32f10x_tim.o(i.TIM_Cmd)
    TIM_EncoderInterfaceConfig               0x080044a3   Thumb Code    66  stm32f10x_tim.o(i.TIM_EncoderInterfaceConfig)
    TIM_GetITStatus                          0x080044e5   Thumb Code    34  stm32f10x_tim.o(i.TIM_GetITStatus)
    TIM_ICInit                               0x08004509   Thumb Code   150  stm32f10x_tim.o(i.TIM_ICInit)
    TIM_ICStructInit                         0x080045b5   Thumb Code    18  stm32f10x_tim.o(i.TIM_ICStructInit)
    TIM_ITConfig                             0x080045c7   Thumb Code    18  stm32f10x_tim.o(i.TIM_ITConfig)
    TIM_OC2Init                              0x080045d9   Thumb Code   154  stm32f10x_tim.o(i.TIM_OC2Init)
    TIM_OC2PreloadConfig                     0x0800467d   Thumb Code    26  stm32f10x_tim.o(i.TIM_OC2PreloadConfig)
    TIM_SetCompare2                          0x08004697   Thumb Code     4  stm32f10x_tim.o(i.TIM_SetCompare2)
    TIM_SetCounter                           0x0800469b   Thumb Code     4  stm32f10x_tim.o(i.TIM_SetCounter)
    TIM_SetIC1Prescaler                      0x0800469f   Thumb Code    18  stm32f10x_tim.o(i.TIM_SetIC1Prescaler)
    TIM_SetIC2Prescaler                      0x080046b1   Thumb Code    26  stm32f10x_tim.o(i.TIM_SetIC2Prescaler)
    TIM_SetIC3Prescaler                      0x080046cb   Thumb Code    18  stm32f10x_tim.o(i.TIM_SetIC3Prescaler)
    TIM_SetIC4Prescaler                      0x080046dd   Thumb Code    26  stm32f10x_tim.o(i.TIM_SetIC4Prescaler)
    TIM_TimeBaseInit                         0x080046f9   Thumb Code   122  stm32f10x_tim.o(i.TIM_TimeBaseInit)
    TIM_TimeBaseStructInit                   0x0800479d   Thumb Code    18  stm32f10x_tim.o(i.TIM_TimeBaseStructInit)
    TSpeed                                   0x080047b1   Thumb Code   158  timer.o(i.TSpeed)
    TimerISR                                 0x08004865   Thumb Code   330  ttcan.o(i.TimerISR)
    TimerSlotSet                             0x080049e5   Thumb Code    72  ttcan.o(i.TimerSlotSet)
    USART_Cmd                                0x08004a39   Thumb Code    24  stm32f10x_usart.o(i.USART_Cmd)
    USART_Configuration                      0x08004a51   Thumb Code   160  usart.o(i.USART_Configuration)
    USART_GetFlagStatus                      0x08004af9   Thumb Code    26  stm32f10x_usart.o(i.USART_GetFlagStatus)
    USART_ITConfig                           0x08004b13   Thumb Code    74  stm32f10x_usart.o(i.USART_ITConfig)
    USART_Init                               0x08004b5d   Thumb Code   210  stm32f10x_usart.o(i.USART_Init)
    USART_SendData                           0x08004c35   Thumb Code     8  stm32f10x_usart.o(i.USART_SendData)
    USB_LP_CAN1_RX0_IRQHandler               0x08004c3d   Thumb Code   136  stm32f10x_it.o(i.USB_LP_CAN1_RX0_IRQHandler)
    UsageFault_Handler                       0x08004cf5   Thumb Code     4  stm32f10x_it.o(i.UsageFault_Handler)
    WheelSpeed                               0x08004cf9   Thumb Code   116  ttcan_mes.o(i.WheelSpeed)
    __0printf                                0x08004d85   Thumb Code    22  printfa.o(i.__0printf)
    __1printf                                0x08004d85   Thumb Code     0  printfa.o(i.__0printf)
    __2printf                                0x08004d85   Thumb Code     0  printfa.o(i.__0printf)
    __c89printf                              0x08004d85   Thumb Code     0  printfa.o(i.__0printf)
    printf                                   0x08004d85   Thumb Code     0  printfa.o(i.__0printf)
    __ARM_fpclassify                         0x08004da5   Thumb Code    40  fpclassify.o(i.__ARM_fpclassify)
    __kernel_poly                            0x08004dcd   Thumb Code   170  poly.o(i.__kernel_poly)
    __mathlib_dbl_divzero                    0x08004e79   Thumb Code    12  dunder.o(i.__mathlib_dbl_divzero)
    __mathlib_dbl_infnan2                    0x08004e89   Thumb Code     4  dunder.o(i.__mathlib_dbl_infnan2)
    __mathlib_dbl_invalid                    0x08004e8d   Thumb Code    12  dunder.o(i.__mathlib_dbl_invalid)
    __mathlib_dbl_overflow                   0x08004e99   Thumb Code    14  dunder.o(i.__mathlib_dbl_overflow)
    __mathlib_dbl_underflow                  0x08004ea9   Thumb Code    10  dunder.o(i.__mathlib_dbl_underflow)
    __scatterload_copy                       0x08004eb9   Thumb Code    14  handlers.o(i.__scatterload_copy)
    __scatterload_null                       0x08004ec7   Thumb Code     2  handlers.o(i.__scatterload_null)
    __scatterload_zeroinit                   0x08004ec9   Thumb Code    14  handlers.o(i.__scatterload_zeroinit)
    __set_errno                              0x08004ed9   Thumb Code     6  errno.o(i.__set_errno)
    delay_ms                                 0x08005771   Thumb Code    74  systick.o(i.delay_ms)
    delay_us                                 0x080057c5   Thumb Code    62  systick.o(i.delay_us)
    fputc                                    0x0800580d   Thumb Code    32  main.o(i.fputc)
    main                                     0x08005831   Thumb Code    68  main.o(i.main)
    message1                                 0x08005875   Thumb Code   180  ttcan_mes.o(i.message1)
    message2                                 0x0800597d   Thumb Code   180  ttcan_mes.o(i.message2)
    message3                                 0x08005a85   Thumb Code   100  ttcan_mes.o(i.message3)
    message5                                 0x08005b19   Thumb Code   180  ttcan_mes.o(i.message5)
    message6                                 0x08005c21   Thumb Code   182  ttcan_mes.o(i.message6)
    pow                                      0x08005d2d   Thumb Code  2512  pow.o(i.pow)
    sqrt                                     0x08006705   Thumb Code    76  sqrt.o(i.sqrt)
    __mathlib_zero                           0x080067f0   Data           8  qnan.o(.constdata)
    Region$$Table$$Base                      0x08006a84   Number         0  anon$$obj.o(Region$$Table)
    Region$$Table$$Limit                     0x08006aa4   Number         0  anon$$obj.o(Region$$Table)
    CANSM_ID                                 0x20000000   Data           2  stm32f10x_it.o(.data)
    CanSMFlag                                0x20000002   Data           2  stm32f10x_it.o(.data)
    SOS_ISR_flag                             0x20000004   Data           2  stm32f10x_it.o(.data)
    SOS_ISR_Count                            0x20000006   Data           1  stm32f10x_it.o(.data)
    Rx0_DATA0                                0x20000007   Data           1  stm32f10x_it.o(.data)
    Rx0_DATA1                                0x20000008   Data           1  stm32f10x_it.o(.data)
    Rx0_DATA2                                0x20000009   Data           1  stm32f10x_it.o(.data)
    Rx0_DATA3                                0x2000000a   Data           1  stm32f10x_it.o(.data)
    Rx0_DATA4                                0x2000000b   Data           1  stm32f10x_it.o(.data)
    Rx0_DATA5                                0x2000000c   Data           1  stm32f10x_it.o(.data)
    Rx0_DATA6                                0x2000000d   Data           1  stm32f10x_it.o(.data)
    Rx0_DATA7                                0x2000000e   Data           1  stm32f10x_it.o(.data)
    CanRefFlag                               0x20000010   Data           2  stm32f10x_it.o(.data)
    timeStamp                                0x20000012   Data           2  stm32f10x_it.o(.data)
    TimeStampRx1                             0x20000014   Data           2  stm32f10x_it.o(.data)
    Rx1_DATA0                                0x20000016   Data           1  stm32f10x_it.o(.data)
    Rx1_DATA1                                0x20000017   Data           1  stm32f10x_it.o(.data)
    Rx1_DATA2                                0x20000018   Data           1  stm32f10x_it.o(.data)
    Rx1_DATA3                                0x20000019   Data           1  stm32f10x_it.o(.data)
    Rx1_DATA4                                0x2000001a   Data           1  stm32f10x_it.o(.data)
    Rx1_DATA5                                0x2000001b   Data           1  stm32f10x_it.o(.data)
    Rx1_DATA6                                0x2000001c   Data           1  stm32f10x_it.o(.data)
    Rx1_DATA7                                0x2000001d   Data           1  stm32f10x_it.o(.data)
    CanRxFlag                                0x2000001e   Data           1  stm32f10x_it.o(.data)
    CANRx_ID                                 0x20000020   Data           2  stm32f10x_it.o(.data)
    SM_ID_Sent_Counter                       0x20000024   Data           4  stm32f10x_it.o(.data)
    SM_ID_Sent_flag                          0x20000028   Data           2  stm32f10x_it.o(.data)
    EncoderFlag                              0x2000002c   Data           4  stm32f10x_it.o(.data)
    MasterNumBC                              0x20000050   Data           1  can_config.o(.data)
    MasterTimeTx                             0x20000058   Data           8  can_config.o(.data)
    MASTER_DATA0                             0x20000060   Data           1  can_config.o(.data)
    MASTER_DATA1                             0x20000061   Data           1  can_config.o(.data)
    MASTER_DATA2                             0x20000062   Data           1  can_config.o(.data)
    MASTER_DATA3                             0x20000063   Data           1  can_config.o(.data)
    MASTER_DATA4                             0x20000064   Data           1  can_config.o(.data)
    MASTER_DATA5                             0x20000065   Data           1  can_config.o(.data)
    MASTER_DATA6                             0x20000066   Data           1  can_config.o(.data)
    MASTER_DATA7                             0x20000067   Data           1  can_config.o(.data)
    CAN_DATA0                                0x20000068   Data           1  can_config.o(.data)
    CAN_DATA1                                0x20000069   Data           1  can_config.o(.data)
    CAN_DATA2                                0x2000006a   Data           1  can_config.o(.data)
    CAN_DATA3                                0x2000006b   Data           1  can_config.o(.data)
    CAN_DATA4                                0x2000006c   Data           1  can_config.o(.data)
    CAN_DATA5                                0x2000006d   Data           1  can_config.o(.data)
    CAN_DATA6                                0x2000006e   Data           1  can_config.o(.data)
    CAN_DATA7                                0x2000006f   Data           1  can_config.o(.data)
    mes_send_flag                            0x20000070   Data           2  timer.o(.data)
    Transmit_time_flag                       0x20000072   Data           1  timer.o(.data)
    NumHighFreq                              0x20000074   Data           4  timer.o(.data)
    NumOfSlot_flag                           0x20000078   Data           2  ttcan.o(.data)
    Slot_ISR_Timer                           0x2000007a   Data           2  ttcan.o(.data)
    node_time                                0x20000080   Data           8  ttcan.o(.data)
    timeTx                                   0x20000088   Data           8  ttcan.o(.data)
    NumBC                                    0x20000090   Data           2  ttcan.o(.data)
    TimerArray                               0x20000092   Data           4  ttcan.o(.data)
    Node1MesIDList                           0x20000096   Data           6  ttcan.o(.data)
    Node2MesIDList                           0x2000009c   Data           6  ttcan.o(.data)
    mes_id                                   0x200000a2   Data          24  ttcan.o(.data)
    Received_mes_id                          0x200000ba   Data          24  ttcan.o(.data)
    finalTimerValue                          0x200000d2   Data           6  ttcan.o(.data)
    selected_ID                              0x200000d8   Data           2  ttcan.o(.data)
    TimerArrayLocation                       0x200000dc   Data           4  ttcan.o(.data)
    is_exclusive_window                      0x200000e0   Data          24  ttcan.o(.data)
    Mes_list                                 0x200000f8   Data          36  ttcan.o(.data)
    finalTimerArrayShift_Nonzero             0x2000011c   Data           4  ttcan.o(.data)
    finalTimerArrayShift_zero                0x20000120   Data           4  ttcan.o(.data)
    IDsInOneBC_shift_Nonzero                 0x20000124   Data           4  ttcan.o(.data)
    IDsInOneBC_shift_zero                    0x20000128   Data           4  ttcan.o(.data)
    Locationjump                             0x2000012c   Data           4  ttcan.o(.data)
    tempMesLocation_y                        0x20000130   Data           4  ttcan.o(.data)
    everyBCmesTimes                          0x20000134   Data           2  ttcan.o(.data)
    i                                        0x20000138   Data           4  ttcan.o(.data)
    j                                        0x2000013c   Data           4  ttcan.o(.data)
    Mes1_TimeTx                              0x20000140   Data           8  ttcan_mes.o(.data)
    Mes2_TimeTx                              0x20000148   Data           8  ttcan_mes.o(.data)
    Mes3_TimeTx                              0x20000150   Data           8  ttcan_mes.o(.data)
    Mes4_TimeTx                              0x20000158   Data           8  ttcan_mes.o(.data)
    Mes5_TimeTx                              0x20000160   Data           8  ttcan_mes.o(.data)
    Mes6_TimeTx                              0x20000168   Data           8  ttcan_mes.o(.data)
    increase_flag                            0x20000170   Data           1  ttcan_mes.o(.data)
    sm_id_nonzero_flag                       0x20000174   Data           4  nodes.o(.data)
    MES1_DATA0                               0x20000178   Data           1  nodes.o(.data)
    MES1_DATA1                               0x20000179   Data           1  nodes.o(.data)
    MES1_DATA2                               0x2000017a   Data           1  nodes.o(.data)
    MES1_DATA3                               0x2000017b   Data           1  nodes.o(.data)
    MES1_DATA4                               0x2000017c   Data           1  nodes.o(.data)
    MES1_DATA5                               0x2000017d   Data           1  nodes.o(.data)
    MES1_DATA6                               0x2000017e   Data           1  nodes.o(.data)
    MES1_DATA7                               0x2000017f   Data           1  nodes.o(.data)
    MES2_DATA0                               0x20000180   Data           1  nodes.o(.data)
    MES2_DATA1                               0x20000181   Data           1  nodes.o(.data)
    MES2_DATA2                               0x20000182   Data           1  nodes.o(.data)
    MES2_DATA3                               0x20000183   Data           1  nodes.o(.data)
    MES2_DATA4                               0x20000184   Data           1  nodes.o(.data)
    MES2_DATA5                               0x20000185   Data           1  nodes.o(.data)
    MES2_DATA6                               0x20000186   Data           1  nodes.o(.data)
    MES2_DATA7                               0x20000187   Data           1  nodes.o(.data)
    MES3_DATA0                               0x20000188   Data           1  nodes.o(.data)
    MES3_DATA1                               0x20000189   Data           1  nodes.o(.data)
    MES3_DATA2                               0x2000018a   Data           1  nodes.o(.data)
    MES3_DATA3                               0x2000018b   Data           1  nodes.o(.data)
    MES3_DATA4                               0x2000018c   Data           1  nodes.o(.data)
    MES3_DATA5                               0x2000018d   Data           1  nodes.o(.data)
    MES3_DATA6                               0x2000018e   Data           1  nodes.o(.data)
    MES3_DATA7                               0x2000018f   Data           1  nodes.o(.data)
    MES4_DATA0                               0x20000190   Data           1  nodes.o(.data)
    MES4_DATA1                               0x20000191   Data           1  nodes.o(.data)
    MES4_DATA2                               0x20000192   Data           1  nodes.o(.data)
    MES4_DATA3                               0x20000193   Data           1  nodes.o(.data)
    MES4_DATA4                               0x20000194   Data           1  nodes.o(.data)
    MES4_DATA5                               0x20000195   Data           1  nodes.o(.data)
    MES4_DATA6                               0x20000196   Data           1  nodes.o(.data)
    MES4_DATA7                               0x20000197   Data           1  nodes.o(.data)
    MES5_DATA0                               0x20000198   Data           1  nodes.o(.data)
    MES5_DATA1                               0x20000199   Data           1  nodes.o(.data)
    MES5_DATA2                               0x2000019a   Data           1  nodes.o(.data)
    MES5_DATA3                               0x2000019b   Data           1  nodes.o(.data)
    MES5_DATA4                               0x2000019c   Data           1  nodes.o(.data)
    MES5_DATA5                               0x2000019d   Data           1  nodes.o(.data)
    MES5_DATA6                               0x2000019e   Data           1  nodes.o(.data)
    MES5_DATA7                               0x2000019f   Data           1  nodes.o(.data)
    MES6_DATA0                               0x200001a0   Data           1  nodes.o(.data)
    MES6_DATA1                               0x200001a1   Data           1  nodes.o(.data)
    MES6_DATA2                               0x200001a2   Data           1  nodes.o(.data)
    MES6_DATA3                               0x200001a3   Data           1  nodes.o(.data)
    MES6_DATA4                               0x200001a4   Data           1  nodes.o(.data)
    MES6_DATA5                               0x200001a5   Data           1  nodes.o(.data)
    MES6_DATA6                               0x200001a6   Data           1  nodes.o(.data)
    MES6_DATA7                               0x200001a7   Data           1  nodes.o(.data)
    MesTimesInBC                             0x200001a8   Data           4  nodes.o(.data)
    MasterNodeFlag                           0x200001ac   Data           1  nodes.o(.data)
    temp_receive_id                          0x200001ae   Data           2  nodes.o(.data)
    first_mes_after_ref                      0x200001b0   Data           2  nodes.o(.data)
    temp_MesTranTime                         0x200001b2   Data           2  nodes.o(.data)
    temp_sos_ID                              0x200001b4   Data           2  nodes.o(.data)
    interrupt_sos_times                      0x200001b6   Data           2  nodes.o(.data)
    temp                                     0x200001b8   Data           2  nodes.o(.data)
    SlaveNode1Flag                           0x200001ba   Data           1  nodes.o(.data)
    SlaveNode2Flag                           0x200001bb   Data           1  nodes.o(.data)
    speedArray                               0x200001bc   Data           8  nodes.o(.data)
    VeloVar1                                 0x200001c4   Data           4  nodes.o(.data)
    VeloVar2                                 0x200001c8   Data           4  nodes.o(.data)
    DecelerateRate                           0x200001cc   Data           4  nodes.o(.data)
    VeloThreshold                            0x200001d0   Data           4  nodes.o(.data)
    Phase1                                   0x200001d4   Data           4  nodes.o(.data)
    Phase2                                   0x200001d8   Data           4  nodes.o(.data)
    Decelerate                               0x200001dc   Data           4  nodes.o(.data)
    Radian                                   0x200001e0   Data           4  nodes.o(.data)
    Radius                                   0x200001e4   Data           4  nodes.o(.data)
    intermediate                             0x200001e8   Data           4  nodes.o(.data)
    arrValue                                 0x200001ec   Data           2  nodes.o(.data)
    pscValue                                 0x200001ee   Data           2  nodes.o(.data)
    TMethodSpeed                             0x200001f0   Data           4  nodes.o(.data)
    __stdout                                 0x200001f4   Data           4  stdout.o(.data)
    received_is_exclusive_window             0x200001fc   Data          12  ttcan.o(.bss)
    mes_ids                                  0x20000208   Data          32  ttcan.o(.bss)
    IDsInOneBC                               0x20000228   Data          16  ttcan.o(.bss)
    tempMesLocation                          0x20000238   Data          96  ttcan.o(.bss)
    tempTimerValue                           0x20000298   Data          12  ttcan.o(.bss)
    __initial_sp                             0x200006a8   Data           0  startup_stm32f10x_hd.o(STACK)



==============================================================================

Memory Map of the image

  Image Entry point : 0x08000131

  Load Region LR_IROM1 (Base: 0x08000000, Size: 0x00006ca0, Max: 0x00080000, ABSOLUTE, COMPRESSED[0x00006b20])

    Execution Region ER_IROM1 (Exec base: 0x08000000, Load base: 0x08000000, Size: 0x00006aa4, Max: 0x00080000, ABSOLUTE)

    Exec Addr    Load Addr    Size         Type   Attr      Idx    E Section Name        Object

    0x08000000   0x08000000   0x00000130   Data   RO         3284    RESET               startup_stm32f10x_hd.o
    0x08000130   0x08000130   0x00000000   Code   RO         3670  * .ARM.Collect$$$$00000000  mc_w.l(entry.o)
    0x08000130   0x08000130   0x00000004   Code   RO         3981    .ARM.Collect$$$$00000001  mc_w.l(entry2.o)
    0x08000134   0x08000134   0x00000004   Code   RO         3984    .ARM.Collect$$$$00000004  mc_w.l(entry5.o)
    0x08000138   0x08000138   0x00000000   Code   RO         3986    .ARM.Collect$$$$00000008  mc_w.l(entry7b.o)
    0x08000138   0x08000138   0x00000000   Code   RO         3988    .ARM.Collect$$$$0000000A  mc_w.l(entry8b.o)
    0x08000138   0x08000138   0x00000008   Code   RO         3989    .ARM.Collect$$$$0000000B  mc_w.l(entry9a.o)
    0x08000140   0x08000140   0x00000004   Code   RO         3996    .ARM.Collect$$$$0000000E  mc_w.l(entry12b.o)
    0x08000144   0x08000144   0x00000000   Code   RO         3991    .ARM.Collect$$$$0000000F  mc_w.l(entry10a.o)
    0x08000144   0x08000144   0x00000000   Code   RO         3993    .ARM.Collect$$$$00000011  mc_w.l(entry11a.o)
    0x08000144   0x08000144   0x00000004   Code   RO         3982    .ARM.Collect$$$$00002712  mc_w.l(entry2.o)
    0x08000148   0x08000148   0x00000024   Code   RO         3285    .text               startup_stm32f10x_hd.o
    0x0800016c   0x0800016c   0x00000064   Code   RO         3934    .text               mf_w.l(fmul.o)
    0x080001d0   0x080001d0   0x0000014e   Code   RO         3936    .text               mf_w.l(dadd.o)
    0x0800031e   0x0800031e   0x000000e4   Code   RO         3938    .text               mf_w.l(dmul.o)
    0x08000402   0x08000402   0x000000de   Code   RO         3940    .text               mf_w.l(ddiv.o)
    0x080004e0   0x080004e0   0x00000022   Code   RO         3942    .text               mf_w.l(dflti.o)
    0x08000502   0x08000502   0x0000001a   Code   RO         3944    .text               mf_w.l(dfltui.o)
    0x0800051c   0x0800051c   0x00000028   Code   RO         3948    .text               mf_w.l(ffixui.o)
    0x08000544   0x08000544   0x0000003e   Code   RO         3950    .text               mf_w.l(dfixi.o)
    0x08000582   0x08000582   0x00000026   Code   RO         3952    .text               mf_w.l(f2d.o)
    0x080005a8   0x080005a8   0x00000030   Code   RO         3954    .text               mf_w.l(cdcmple.o)
    0x080005d8   0x080005d8   0x00000030   Code   RO         3956    .text               mf_w.l(cdrcmple.o)
    0x08000608   0x08000608   0x00000038   Code   RO         3958    .text               mf_w.l(d2f.o)
    0x08000640   0x08000640   0x00000014   Code   RO         3960    .text               mf_w.l(cfcmple.o)
    0x08000654   0x08000654   0x0000002c   Code   RO         3998    .text               mc_w.l(uidiv.o)
    0x08000680   0x08000680   0x00000062   Code   RO         4000    .text               mc_w.l(uldiv.o)
    0x080006e2   0x080006e2   0x0000001e   Code   RO         4002    .text               mc_w.l(llshl.o)
    0x08000700   0x08000700   0x00000020   Code   RO         4004    .text               mc_w.l(llushr.o)
    0x08000720   0x08000720   0x00000024   Code   RO         4006    .text               mc_w.l(llsshr.o)
    0x08000744   0x08000744   0x00000000   Code   RO         4015    .text               mc_w.l(iusefp.o)
    0x08000744   0x08000744   0x0000006e   Code   RO         4016    .text               mf_w.l(fepilogue.o)
    0x080007b2   0x080007b2   0x000000ba   Code   RO         4018    .text               mf_w.l(depilogue.o)
    0x0800086c   0x0800086c   0x0000002e   Code   RO         4020    .text               mf_w.l(dscalb.o)
    0x0800089a   0x0800089a   0x000000a2   Code   RO         4022    .text               mf_w.l(dsqrt.o)
    0x0800093c   0x0800093c   0x00000030   Code   RO         4024    .text               mf_w.l(dfixul.o)
    0x0800096c   0x0800096c   0x00000024   Code   RO         4026    .text               mc_w.l(init.o)
    0x08000990   0x08000990   0x00000056   Code   RO         4036    .text               mc_w.l(__dczerorl2.o)
    0x080009e6   0x080009e6   0x0000001a   Code   RO         3494    i.ArraySum          ttcan.o
    0x08000a00   0x08000a00   0x00000004   Code   RO           99    i.BusFault_Handler  stm32f10x_it.o
    0x08000a04   0x08000a04   0x00000058   Code   RO          100    i.CAN1_RX1_IRQHandler  stm32f10x_it.o
    0x08000a5c   0x08000a5c   0x000000a8   Code   RO         1102    i.CAN_ClearITPendingBit  stm32f10x_can.o
    0x08000b04   0x08000b04   0x0000001c   Code   RO         3341    i.CAN_Configuration  can_config.o
    0x08000b20   0x08000b20   0x00000038   Code   RO         1104    i.CAN_DeInit        stm32f10x_can.o
    0x08000b58   0x08000b58   0x00000016   Code   RO         1105    i.CAN_FIFORelease   stm32f10x_can.o
    0x08000b6e   0x08000b6e   0x00000002   PAD
    0x08000b70   0x08000b70   0x00000108   Code   RO         1106    i.CAN_FilterInit    stm32f10x_can.o
    0x08000c78   0x08000c78   0x00000012   Code   RO         1109    i.CAN_ITConfig      stm32f10x_can.o
    0x08000c8a   0x08000c8a   0x00000114   Code   RO         1110    i.CAN_Init          stm32f10x_can.o
    0x08000d9e   0x08000d9e   0x000000fe   Code   RO         1112    i.CAN_Receive       stm32f10x_can.o
    0x08000e9c   0x08000e9c   0x00000020   Code   RO         1115    i.CAN_StructInit    stm32f10x_can.o
    0x08000ebc   0x08000ebc   0x00000126   Code   RO         1116    i.CAN_Transmit      stm32f10x_can.o
    0x08000fe2   0x08000fe2   0x0000008e   Code   RO         1117    i.CAN_TransmitStatus  stm32f10x_can.o
    0x08001070   0x08001070   0x000000a4   Code   RO         3342    i.CAN__Master_Configuration  can_config.o
    0x08001114   0x08001114   0x00000050   Code   RO         3343    i.CanFilter_0_Configure  can_config.o
    0x08001164   0x08001164   0x00000050   Code   RO         3344    i.CanFilter_1_Configure  can_config.o
    0x080011b4   0x080011b4   0x00000064   Code   RO         3345    i.CanInit           can_config.o
    0x08001218   0x08001218   0x00000002   Code   RO          101    i.DebugMon_Handler  stm32f10x_it.o
    0x0800121a   0x0800121a   0x00000002   PAD
    0x0800121c   0x0800121c   0x00000044   Code   RO          241    i.Delay_init        systick.o
    0x08001260   0x08001260   0x00000068   Code   RO         3289    i.GPIO_Configuration  usart.o
    0x080012c8   0x080012c8   0x00000116   Code   RO          486    i.GPIO_Init         stm32f10x_gpio.o
    0x080013de   0x080013de   0x00000004   Code   RO          493    i.GPIO_ResetBits    stm32f10x_gpio.o
    0x080013e2   0x080013e2   0x00000004   Code   RO          494    i.GPIO_SetBits      stm32f10x_gpio.o
    0x080013e6   0x080013e6   0x00000010   Code   RO          495    i.GPIO_StructInit   stm32f10x_gpio.o
    0x080013f6   0x080013f6   0x00000004   Code   RO          102    i.HardFault_Handler  stm32f10x_it.o
    0x080013fa   0x080013fa   0x00000002   PAD
    0x080013fc   0x080013fc   0x00000070   Code   RO         3326    i.LED_Init          led.o
    0x0800146c   0x0800146c   0x00000004   Code   RO          103    i.MemManage_Handler  stm32f10x_it.o
    0x08001470   0x08001470   0x00000030   Code   RO         3496    i.MesTransmitTime   ttcan.o
    0x080014a0   0x080014a0   0x00000002   Code   RO          104    i.NMI_Handler       stm32f10x_it.o
    0x080014a2   0x080014a2   0x00000028   Code   RO         3290    i.NVIC0_Configuration  usart.o
    0x080014ca   0x080014ca   0x00000028   Code   RO         3291    i.NVIC1_Configuration  usart.o
    0x080014f2   0x080014f2   0x00000002   PAD
    0x080014f4   0x080014f4   0x00000070   Code   RO          270    i.NVIC_Init         misc.o
    0x08001564   0x08001564   0x00000014   Code   RO          271    i.NVIC_PriorityGroupConfig  misc.o
    0x08001578   0x08001578   0x00000124   Code   RO         3615    i.Node0             nodes.o
    0x0800169c   0x0800169c   0x00001120   Code   RO         3616    i.Node1             nodes.o
    0x080027bc   0x080027bc   0x00001084   Code   RO         3617    i.Node2             nodes.o
    0x08003840   0x08003840   0x00000058   Code   RO         3346    i.NodeMesTransmit   can_config.o
    0x08003898   0x08003898   0x00000002   Code   RO          105    i.PendSV_Handler    stm32f10x_it.o
    0x0800389a   0x0800389a   0x00000002   PAD
    0x0800389c   0x0800389c   0x00000020   Code   RO          596    i.RCC_APB1PeriphClockCmd  stm32f10x_rcc.o
    0x080038bc   0x080038bc   0x00000020   Code   RO          597    i.RCC_APB1PeriphResetCmd  stm32f10x_rcc.o
    0x080038dc   0x080038dc   0x00000020   Code   RO          598    i.RCC_APB2PeriphClockCmd  stm32f10x_rcc.o
    0x080038fc   0x080038fc   0x000000d4   Code   RO          606    i.RCC_GetClocksFreq  stm32f10x_rcc.o
    0x080039d0   0x080039d0   0x0000012c   Code   RO         3498    i.SOS_ID            ttcan.o
    0x08003afc   0x08003afc   0x00000002   Code   RO          106    i.SVC_Handler       stm32f10x_it.o
    0x08003afe   0x08003afe   0x00000002   PAD
    0x08003b00   0x08003b00   0x00000120   Code   RO         3499    i.SendMatrix        ttcan.o
    0x08003c20   0x08003c20   0x00000100   Code   RO         3347    i.SendRef           can_config.o
    0x08003d20   0x08003d20   0x00000008   Code   RO         3248    i.SetSysClock       system_stm32f10x.o
    0x08003d28   0x08003d28   0x000000e0   Code   RO         3249    i.SetSysClockTo72   system_stm32f10x.o
    0x08003e08   0x08003e08   0x00000028   Code   RO          274    i.SysTick_CLKSourceConfig  misc.o
    0x08003e30   0x08003e30   0x00000036   Code   RO          202    i.SysTick_CounterCmd  stm32f10x_systick.o
    0x08003e66   0x08003e66   0x0000002e   Code   RO          204    i.SysTick_GetFlagStatus  stm32f10x_systick.o
    0x08003e94   0x08003e94   0x00000002   Code   RO          107    i.SysTick_Handler   stm32f10x_it.o
    0x08003e96   0x08003e96   0x00000026   Code   RO          205    i.SysTick_ITConfig  stm32f10x_systick.o
    0x08003ebc   0x08003ebc   0x00000008   Code   RO          206    i.SysTick_SetReload  stm32f10x_systick.o
    0x08003ec4   0x08003ec4   0x00000060   Code   RO         3251    i.SystemInit        system_stm32f10x.o
    0x08003f24   0x08003f24   0x00000080   Code   RO         2452    i.TI1_Config        stm32f10x_tim.o
    0x08003fa4   0x08003fa4   0x00000098   Code   RO         2453    i.TI2_Config        stm32f10x_tim.o
    0x0800403c   0x0800403c   0x00000090   Code   RO         2454    i.TI3_Config        stm32f10x_tim.o
    0x080040cc   0x080040cc   0x00000098   Code   RO         2455    i.TI4_Config        stm32f10x_tim.o
    0x08004164   0x08004164   0x00000054   Code   RO         3395    i.TIM2_IRQHandler   timer.o
    0x080041b8   0x080041b8   0x00000060   Code   RO         3396    i.TIM2_Int_Init     timer.o
    0x08004218   0x08004218   0x000000ac   Code   RO          108    i.TIM3_IRQHandler   stm32f10x_it.o
    0x080042c4   0x080042c4   0x00000060   Code   RO         3397    i.TIM3_Int_Init     timer.o
    0x08004324   0x08004324   0x000000b8   Code   RO         3398    i.TIM4_EncoderMode_Config  timer.o
    0x080043dc   0x080043dc   0x00000024   Code   RO          109    i.TIM4_IRQHandler   stm32f10x_it.o
    0x08004400   0x08004400   0x00000084   Code   RO         3400    i.TIM4_PWM_Init     timer.o
    0x08004484   0x08004484   0x00000006   Code   RO         2463    i.TIM_ClearITPendingBit  stm32f10x_tim.o
    0x0800448a   0x0800448a   0x00000018   Code   RO         2468    i.TIM_Cmd           stm32f10x_tim.o
    0x080044a2   0x080044a2   0x00000042   Code   RO         2477    i.TIM_EncoderInterfaceConfig  stm32f10x_tim.o
    0x080044e4   0x080044e4   0x00000022   Code   RO         2489    i.TIM_GetITStatus   stm32f10x_tim.o
    0x08004506   0x08004506   0x00000002   PAD
    0x08004508   0x08004508   0x000000ac   Code   RO         2491    i.TIM_ICInit        stm32f10x_tim.o
    0x080045b4   0x080045b4   0x00000012   Code   RO         2492    i.TIM_ICStructInit  stm32f10x_tim.o
    0x080045c6   0x080045c6   0x00000012   Code   RO         2493    i.TIM_ITConfig      stm32f10x_tim.o
    0x080045d8   0x080045d8   0x000000a4   Code   RO         2502    i.TIM_OC2Init       stm32f10x_tim.o
    0x0800467c   0x0800467c   0x0000001a   Code   RO         2505    i.TIM_OC2PreloadConfig  stm32f10x_tim.o
    0x08004696   0x08004696   0x00000004   Code   RO         2530    i.TIM_SetCompare2   stm32f10x_tim.o
    0x0800469a   0x0800469a   0x00000004   Code   RO         2533    i.TIM_SetCounter    stm32f10x_tim.o
    0x0800469e   0x0800469e   0x00000012   Code   RO         2534    i.TIM_SetIC1Prescaler  stm32f10x_tim.o
    0x080046b0   0x080046b0   0x0000001a   Code   RO         2535    i.TIM_SetIC2Prescaler  stm32f10x_tim.o
    0x080046ca   0x080046ca   0x00000012   Code   RO         2536    i.TIM_SetIC3Prescaler  stm32f10x_tim.o
    0x080046dc   0x080046dc   0x0000001a   Code   RO         2537    i.TIM_SetIC4Prescaler  stm32f10x_tim.o
    0x080046f6   0x080046f6   0x00000002   PAD
    0x080046f8   0x080046f8   0x000000a4   Code   RO         2539    i.TIM_TimeBaseInit  stm32f10x_tim.o
    0x0800479c   0x0800479c   0x00000012   Code   RO         2540    i.TIM_TimeBaseStructInit  stm32f10x_tim.o
    0x080047ae   0x080047ae   0x00000002   PAD
    0x080047b0   0x080047b0   0x000000b4   Code   RO         3401    i.TSpeed            timer.o
    0x08004864   0x08004864   0x00000180   Code   RO         3501    i.TimerISR          ttcan.o
    0x080049e4   0x080049e4   0x00000054   Code   RO         3502    i.TimerSlotSet      ttcan.o
    0x08004a38   0x08004a38   0x00000018   Code   RO         3004    i.USART_Cmd         stm32f10x_usart.o
    0x08004a50   0x08004a50   0x000000a8   Code   RO         3292    i.USART_Configuration  usart.o
    0x08004af8   0x08004af8   0x0000001a   Code   RO         3007    i.USART_GetFlagStatus  stm32f10x_usart.o
    0x08004b12   0x08004b12   0x0000004a   Code   RO         3010    i.USART_ITConfig    stm32f10x_usart.o
    0x08004b5c   0x08004b5c   0x000000d8   Code   RO         3011    i.USART_Init        stm32f10x_usart.o
    0x08004c34   0x08004c34   0x00000008   Code   RO         3021    i.USART_SendData    stm32f10x_usart.o
    0x08004c3c   0x08004c3c   0x000000b8   Code   RO          110    i.USB_LP_CAN1_RX0_IRQHandler  stm32f10x_it.o
    0x08004cf4   0x08004cf4   0x00000004   Code   RO          111    i.UsageFault_Handler  stm32f10x_it.o
    0x08004cf8   0x08004cf8   0x0000008c   Code   RO         3560    i.WheelSpeed        ttcan_mes.o
    0x08004d84   0x08004d84   0x00000020   Code   RO         3906    i.__0printf         mc_w.l(printfa.o)
    0x08004da4   0x08004da4   0x00000028   Code   RO         3976    i.__ARM_fpclassify  m_ws.l(fpclassify.o)
    0x08004dcc   0x08004dcc   0x000000aa   Code   RO         3978    i.__kernel_poly     m_ws.l(poly.o)
    0x08004e76   0x08004e76   0x00000002   PAD
    0x08004e78   0x08004e78   0x00000010   Code   RO         3962    i.__mathlib_dbl_divzero  m_ws.l(dunder.o)
    0x08004e88   0x08004e88   0x00000004   Code   RO         3964    i.__mathlib_dbl_infnan2  m_ws.l(dunder.o)
    0x08004e8c   0x08004e8c   0x0000000c   Code   RO         3965    i.__mathlib_dbl_invalid  m_ws.l(dunder.o)
    0x08004e98   0x08004e98   0x0000000e   Code   RO         3966    i.__mathlib_dbl_overflow  m_ws.l(dunder.o)
    0x08004ea6   0x08004ea6   0x00000002   PAD
    0x08004ea8   0x08004ea8   0x00000010   Code   RO         3968    i.__mathlib_dbl_underflow  m_ws.l(dunder.o)
    0x08004eb8   0x08004eb8   0x0000000e   Code   RO         4030    i.__scatterload_copy  mc_w.l(handlers.o)
    0x08004ec6   0x08004ec6   0x00000002   Code   RO         4031    i.__scatterload_null  mc_w.l(handlers.o)
    0x08004ec8   0x08004ec8   0x0000000e   Code   RO         4032    i.__scatterload_zeroinit  mc_w.l(handlers.o)
    0x08004ed6   0x08004ed6   0x00000002   PAD
    0x08004ed8   0x08004ed8   0x0000000c   Code   RO         4010    i.__set_errno       mc_w.l(errno.o)
    0x08004ee4   0x08004ee4   0x00000184   Code   RO         3913    i._fp_digits        mc_w.l(printfa.o)
    0x08005068   0x08005068   0x000006b4   Code   RO         3914    i._printf_core      mc_w.l(printfa.o)
    0x0800571c   0x0800571c   0x00000024   Code   RO         3915    i._printf_post_padding  mc_w.l(printfa.o)
    0x08005740   0x08005740   0x0000002e   Code   RO         3916    i._printf_pre_padding  mc_w.l(printfa.o)
    0x0800576e   0x0800576e   0x00000002   PAD
    0x08005770   0x08005770   0x00000054   Code   RO          242    i.delay_ms          systick.o
    0x080057c4   0x080057c4   0x00000048   Code   RO          243    i.delay_us          systick.o
    0x0800580c   0x0800580c   0x00000024   Code   RO            1    i.fputc             main.o
    0x08005830   0x08005830   0x00000044   Code   RO            2    i.main              main.o
    0x08005874   0x08005874   0x00000108   Code   RO         3561    i.message1          ttcan_mes.o
    0x0800597c   0x0800597c   0x00000108   Code   RO         3562    i.message2          ttcan_mes.o
    0x08005a84   0x08005a84   0x00000094   Code   RO         3563    i.message3          ttcan_mes.o
    0x08005b18   0x08005b18   0x00000108   Code   RO         3564    i.message5          ttcan_mes.o
    0x08005c20   0x08005c20   0x0000010c   Code   RO         3565    i.message6          ttcan_mes.o
    0x08005d2c   0x08005d2c   0x000009d8   Code   RO         3653    i.pow               m_ws.l(pow.o)
    0x08006704   0x08006704   0x0000004c   Code   RO         3663    i.sqrt              m_ws.l(sqrt.o)
    0x08006750   0x08006750   0x00000018   Data   RO         3618    .constdata          nodes.o
    0x08006768   0x08006768   0x00000088   Data   RO         3654    .constdata          m_ws.l(pow.o)
    0x080067f0   0x080067f0   0x00000008   Data   RO         3980    .constdata          m_ws.l(qnan.o)
    0x080067f8   0x080067f8   0x0000028c   Data   RO         3619    .conststring        nodes.o
    0x08006a84   0x08006a84   0x00000020   Data   RO         4028    Region$$Table       anon$$obj.o


    Execution Region RW_IRAM1 (Exec base: 0x20000000, Load base: 0x08006aa4, Size: 0x000006a8, Max: 0x00010000, ABSOLUTE, COMPRESSED[0x0000007c])

    Exec Addr    Load Addr    Size         Type   Attr      Idx    E Section Name        Object

    0x20000000   COMPRESSED   0x00000030   Data   RW          112    .data               stm32f10x_it.o
    0x20000030   COMPRESSED   0x00000005   Data   RW          244    .data               systick.o
    0x20000035   COMPRESSED   0x00000014   Data   RW          626    .data               stm32f10x_rcc.o
    0x20000049   COMPRESSED   0x00000007   PAD
    0x20000050   COMPRESSED   0x00000020   Data   RW         3348    .data               can_config.o
    0x20000070   COMPRESSED   0x00000008   Data   RW         3404    .data               timer.o
    0x20000078   COMPRESSED   0x000000c8   Data   RW         3504    .data               ttcan.o
    0x20000140   COMPRESSED   0x00000031   Data   RW         3566    .data               ttcan_mes.o
    0x20000171   COMPRESSED   0x00000003   PAD
    0x20000174   COMPRESSED   0x00000080   Data   RW         3620    .data               nodes.o
    0x200001f4   COMPRESSED   0x00000004   Data   RW         3997    .data               mc_w.l(stdout.o)
    0x200001f8   COMPRESSED   0x00000004   Data   RW         4011    .data               mc_w.l(errno.o)
    0x200001fc        -       0x000000a8   Zero   RW         3503    .bss                ttcan.o
    0x200002a4   COMPRESSED   0x00000004   PAD
    0x200002a8        -       0x00000400   Zero   RW         3282    STACK               startup_stm32f10x_hd.o


==============================================================================

Image component sizes


      Code (inc. data)   RO Data    RW Data    ZI Data      Debug   Object Name

       796        100          0         32          0       4921   can_config.o
         0          0          0          0          0         32   core_cm3.o
       112         14          0          0          0        487   led.o
       104          4          0          0          0     261195   main.o
       172         22          0          0          0       2177   misc.o
      8904       1116        676        128          0       7648   nodes.o
        36          8        304          0       1024        888   startup_stm32f10x_hd.o
      1526         18          0          0          0       7517   stm32f10x_can.o
       302          0          0          0          0       3698   stm32f10x_gpio.o
       506        152          0         48          0       7021   stm32f10x_it.o
       308         38          0         20          0       5143   stm32f10x_rcc.o
       146          0          0          0          0       2136   stm32f10x_systick.o
      1382        160          0          0          0      14368   stm32f10x_tim.o
       348          6          0          0          0       5033   stm32f10x_usart.o
       328         28          0          0          0       1837   system_stm32f10x.o
       224         34          0          5          0       1811   systick.o
       772         66          0          8          0       4236   timer.o
      1130        244          0        200        168       6509   ttcan.o
      1348        410          0         49          0       4240   ttcan_mes.o
       352         16          0          0          0       2171   usart.o

    ----------------------------------------------------------------------
     18814       2436       1012        500       1196     343068   Object Totals
         0          0         32          0          0          0   (incl. Generated)
        18          0          0         10          4          0   (incl. Padding)

    ----------------------------------------------------------------------

      Code (inc. data)   RO Data    RW Data    ZI Data      Debug   Library Member Name

        62         10          0          0          0        340   dunder.o
        40          0          0          0          0         68   fpclassify.o
       170          0          0          0          0         96   poly.o
      2520        190        136          0          0        324   pow.o
         0          0          8          0          0          0   qnan.o
        76          0          0          0          0         84   sqrt.o
        86          0          0          0          0          0   __dczerorl2.o
         0          0          0          0          0          0   entry.o
         0          0          0          0          0          0   entry10a.o
         0          0          0          0          0          0   entry11a.o
         4          0          0          0          0          0   entry12b.o
         8          4          0          0          0          0   entry2.o
         4          0          0          0          0          0   entry5.o
         0          0          0          0          0          0   entry7b.o
         0          0          0          0          0          0   entry8b.o
         8          4          0          0          0          0   entry9a.o
        12          6          0          4          0         68   errno.o
        30          0          0          0          0          0   handlers.o
        36          8          0          0          0         68   init.o
         0          0          0          0          0          0   iusefp.o
        30          0          0          0          0         68   llshl.o
        36          0          0          0          0         68   llsshr.o
        32          0          0          0          0         68   llushr.o
      2218         90          0          0          0        464   printfa.o
         0          0          0          4          0          0   stdout.o
        44          0          0          0          0         80   uidiv.o
        98          0          0          0          0         92   uldiv.o
        48          0          0          0          0         68   cdcmple.o
        48          0          0          0          0         68   cdrcmple.o
        20          0          0          0          0         68   cfcmple.o
        56          0          0          0          0         88   d2f.o
       334          0          0          0          0        148   dadd.o
       222          0          0          0          0        100   ddiv.o
       186          0          0          0          0        176   depilogue.o
        62          0          0          0          0         80   dfixi.o
        48          0          0          0          0         68   dfixul.o
        34          0          0          0          0         76   dflti.o
        26          0          0          0          0         76   dfltui.o
       228          0          0          0          0         96   dmul.o
        46          0          0          0          0         80   dscalb.o
       162          0          0          0          0        100   dsqrt.o
        38          0          0          0          0         68   f2d.o
       110          0          0          0          0        168   fepilogue.o
        40          0          0          0          0         68   ffixui.o
       100          0          0          0          0         76   fmul.o

    ----------------------------------------------------------------------
      7330        312        144          8          0       3560   Library Totals
         8          0          0          0          0          0   (incl. Padding)

    ----------------------------------------------------------------------

      Code (inc. data)   RO Data    RW Data    ZI Data      Debug   Library Name

      2868        200        144          0          0        912   m_ws.l
      2646        112          0          8          0        976   mc_w.l
      1808          0          0          0          0       1672   mf_w.l

    ----------------------------------------------------------------------
      7330        312        144          8          0       3560   Library Totals

    ----------------------------------------------------------------------

==============================================================================


      Code (inc. data)   RO Data    RW Data    ZI Data      Debug   

     26144       2748       1156        508       1196     339684   Grand Totals
     26144       2748       1156        124       1196     339684   ELF Image Totals (compressed)
     26144       2748       1156        124          0          0   ROM Totals

==============================================================================

    Total RO  Size (Code + RO Data)                27300 (  26.66kB)
    Total RW  Size (RW Data + ZI Data)              1704 (   1.66kB)
    Total ROM Size (Code + RO Data + RW Data)      27424 (  26.78kB)

==============================================================================

