<html>
<body>
<pre>
<h1>µVision Build Log</h1>
<h2>Tool Versions:</h2>
IDE-Version: ¦ÌVision V5.36.0.0
Copyright (C) 2021 ARM Ltd and ARM Germany GmbH. All rights reserved.
License Information: jiabin wang, freiburg, LIC=WHYH9-4A92X-HLMCL-0C78W-IEFBT-GUH3X
 
Tool Versions:
Toolchain:       MDK-ARM Plus  Version: 5.36.0.0
Toolchain Path:  F:\keil\ARM\ARMCC\Bin
C Compiler:      Armcc.exe V5.06 update 7 (build 960)
Assembler:       Armasm.exe V5.06 update 7 (build 960)
Linker/Locator:  ArmLink.exe V5.06 update 7 (build 960)
Library Manager: ArmAr.exe V5.06 update 7 (build 960)
Hex Converter:   FromElf.exe V5.06 update 7 (build 960)
CPU DLL:         SARMCM3.DLL V5.36.0.0
Dialog DLL:      DCM.DLL V1.17.3.0
Target DLL:      STLink\ST-LINKIII-KEIL_SWO.dll V3.0.9.0
Dialog DLL:      TCM.DLL V1.53.0.0
 
<h2>Project:</h2>
E:\jiabin_github\TTCan-\TTCAN\TTCAN_v2.0\MDK-ARM\Project.uvproj
Project File Date:  04/29/2022

<h2>Output:</h2>
*** Using Compiler 'V5.06 update 7 (build 960)', folder: 'F:\keil\ARM\ARMCC\Bin'
Build target 'HY-RedBull V3.0'
compiling nodes.c...
..\USER\nodes\nodes.h(39): warning:  #1-D: last line of file ends without a newline
  #endif 
..\USER\nodes\nodes.c(95): warning:  #177-D: variable "len"  was declared but never referenced
    u16 len;
..\USER\nodes\nodes.c(96): warning:  #177-D: variable "times"  was declared but never referenced
    u16 times=0;
..\USER\nodes\nodes.c(422): warning:  #177-D: variable "times"  was declared but never referenced
    u16 times=0;
..\USER\nodes\nodes.c: 4 warnings, 0 errors
linking...
Program Size: Code=25304 RO-data=1300 RW-data=484 ZI-data=1396  
FromELF: creating hex file...
".\Obj\Project.axf" - 0 Error(s), 4 Warning(s).
Build Time Elapsed:  00:00:07
</pre>
</body>
</html>
