Component: ARM Compiler 5.06 update 7 (build 960) Tool: armlink [4d3601]

==============================================================================

Section Cross References

    main.o(i.fputc) refers to stm32f10x_usart.o(i.USART_SendData) for USART_SendData
    main.o(i.fputc) refers to stm32f10x_usart.o(i.USART_GetFlagStatus) for USART_GetFlagStatus
    main.o(i.main) refers to systick.o(i.Delay_init) for Delay_init
    main.o(i.main) refers to led.o(i.LED_Init) for LED_Init
    main.o(i.main) refers to usart.o(i.USART_Configuration) for USART_Configuration
    main.o(i.main) refers to misc.o(i.NVIC_PriorityGroupConfig) for NVIC_PriorityGroupConfig
    main.o(i.main) refers to nodes.o(i.Node0) for Node0
    main.o(i.main) refers to nodes.o(i.Node1) for Node1
    main.o(i.main) refers to nodes.o(i.Node2) for Node2
    stm32f10x_it.o(i.CAN1_RX1_IRQHandler) refers to stm32f10x_can.o(i.CAN_Receive) for CAN_Receive
    stm32f10x_it.o(i.CAN1_RX1_IRQHandler) refers to stm32f10x_can.o(i.CAN_ClearITPendingBit) for CAN_ClearITPendingBit
    stm32f10x_it.o(i.CAN1_RX1_IRQHandler) refers to stm32f10x_it.o(.data) for CANRx_ID
    stm32f10x_it.o(i.TIM3_IRQHandler) refers to stm32f10x_tim.o(i.TIM_GetITStatus) for TIM_GetITStatus
    stm32f10x_it.o(i.TIM3_IRQHandler) refers to stm32f10x_tim.o(i.TIM_ClearITPendingBit) for TIM_ClearITPendingBit
    stm32f10x_it.o(i.TIM3_IRQHandler) refers to printfa.o(i.__0printf) for __2printf
    stm32f10x_it.o(i.TIM3_IRQHandler) refers to stm32f10x_tim.o(i.TIM_Cmd) for TIM_Cmd
    stm32f10x_it.o(i.TIM3_IRQHandler) refers to nodes.o(.data) for MasterNodeFlag
    stm32f10x_it.o(i.TIM3_IRQHandler) refers to stm32f10x_it.o(.data) for SM_ID_Sent_Counter
    stm32f10x_it.o(i.USB_LP_CAN1_RX0_IRQHandler) refers to stm32f10x_can.o(i.CAN_Receive) for CAN_Receive
    stm32f10x_it.o(i.USB_LP_CAN1_RX0_IRQHandler) refers to stm32f10x_can.o(i.CAN_ClearITPendingBit) for CAN_ClearITPendingBit
    stm32f10x_it.o(i.USB_LP_CAN1_RX0_IRQHandler) refers to stm32f10x_it.o(.data) for CANSM_ID
    systick.o(i.Delay_init) refers to stm32f10x_rcc.o(i.RCC_GetClocksFreq) for RCC_GetClocksFreq
    systick.o(i.Delay_init) refers to misc.o(i.SysTick_CLKSourceConfig) for SysTick_CLKSourceConfig
    systick.o(i.Delay_init) refers to stm32f10x_systick.o(i.SysTick_ITConfig) for SysTick_ITConfig
    systick.o(i.Delay_init) refers to systick.o(.data) for delay_fac_us
    systick.o(i.delay_ms) refers to stm32f10x_systick.o(i.SysTick_SetReload) for SysTick_SetReload
    systick.o(i.delay_ms) refers to stm32f10x_systick.o(i.SysTick_CounterCmd) for SysTick_CounterCmd
    systick.o(i.delay_ms) refers to stm32f10x_systick.o(i.SysTick_GetFlagStatus) for SysTick_GetFlagStatus
    systick.o(i.delay_ms) refers to systick.o(.data) for delay_fac_ms
    systick.o(i.delay_us) refers to stm32f10x_systick.o(i.SysTick_SetReload) for SysTick_SetReload
    systick.o(i.delay_us) refers to stm32f10x_systick.o(i.SysTick_CounterCmd) for SysTick_CounterCmd
    systick.o(i.delay_us) refers to stm32f10x_systick.o(i.SysTick_GetFlagStatus) for SysTick_GetFlagStatus
    systick.o(i.delay_us) refers to systick.o(.data) for delay_fac_us
    stm32f10x_flash.o(i.FLASH_EnableWriteProtection) refers to stm32f10x_flash.o(i.FLASH_WaitForLastOperation) for FLASH_WaitForLastOperation
    stm32f10x_flash.o(i.FLASH_EraseAllBank1Pages) refers to stm32f10x_flash.o(i.FLASH_WaitForLastBank1Operation) for FLASH_WaitForLastBank1Operation
    stm32f10x_flash.o(i.FLASH_EraseAllPages) refers to stm32f10x_flash.o(i.FLASH_WaitForLastOperation) for FLASH_WaitForLastOperation
    stm32f10x_flash.o(i.FLASH_EraseOptionBytes) refers to stm32f10x_flash.o(i.FLASH_GetReadOutProtectionStatus) for FLASH_GetReadOutProtectionStatus
    stm32f10x_flash.o(i.FLASH_EraseOptionBytes) refers to stm32f10x_flash.o(i.FLASH_WaitForLastOperation) for FLASH_WaitForLastOperation
    stm32f10x_flash.o(i.FLASH_ErasePage) refers to stm32f10x_flash.o(i.FLASH_WaitForLastOperation) for FLASH_WaitForLastOperation
    stm32f10x_flash.o(i.FLASH_ProgramHalfWord) refers to stm32f10x_flash.o(i.FLASH_WaitForLastOperation) for FLASH_WaitForLastOperation
    stm32f10x_flash.o(i.FLASH_ProgramOptionByteData) refers to stm32f10x_flash.o(i.FLASH_WaitForLastOperation) for FLASH_WaitForLastOperation
    stm32f10x_flash.o(i.FLASH_ProgramWord) refers to stm32f10x_flash.o(i.FLASH_WaitForLastOperation) for FLASH_WaitForLastOperation
    stm32f10x_flash.o(i.FLASH_ReadOutProtection) refers to stm32f10x_flash.o(i.FLASH_WaitForLastOperation) for FLASH_WaitForLastOperation
    stm32f10x_flash.o(i.FLASH_UserOptionByteConfig) refers to stm32f10x_flash.o(i.FLASH_WaitForLastOperation) for FLASH_WaitForLastOperation
    stm32f10x_flash.o(i.FLASH_WaitForLastBank1Operation) refers to stm32f10x_flash.o(i.FLASH_GetBank1Status) for FLASH_GetBank1Status
    stm32f10x_flash.o(i.FLASH_WaitForLastOperation) refers to stm32f10x_flash.o(i.FLASH_GetBank1Status) for FLASH_GetBank1Status
[...]
    ..\Libraries\STM32F10x_StdPeriph_Driver\src\stm32f10x_iwdg.c 0x00000000   Number         0  stm32f10x_iwdg.o ABSOLUTE
    ..\Libraries\STM32F10x_StdPeriph_Driver\src\stm32f10x_pwr.c 0x00000000   Number         0  stm32f10x_pwr.o ABSOLUTE
    ..\Libraries\STM32F10x_StdPeriph_Driver\src\stm32f10x_rcc.c 0x00000000   Number         0  stm32f10x_rcc.o ABSOLUTE
    ..\Libraries\STM32F10x_StdPeriph_Driver\src\stm32f10x_rtc.c 0x00000000   Number         0  stm32f10x_rtc.o ABSOLUTE
    ..\Libraries\STM32F10x_StdPeriph_Driver\src\stm32f10x_sdio.c 0x00000000   Number         0  stm32f10x_sdio.o ABSOLUTE
    ..\Libraries\STM32F10x_StdPeriph_Driver\src\stm32f10x_spi.c 0x00000000   Number         0  stm32f10x_spi.o ABSOLUTE
    ..\Libraries\STM32F10x_StdPeriph_Driver\src\stm32f10x_tim.c 0x00000000   Number         0  stm32f10x_tim.o ABSOLUTE
    ..\Libraries\STM32F10x_StdPeriph_Driver\src\stm32f10x_usart.c 0x00000000   Number         0  stm32f10x_usart.o ABSOLUTE
    ..\Libraries\STM32F10x_StdPeriph_Driver\src\stm32f10x_wwdg.c 0x00000000   Number         0  stm32f10x_wwdg.o ABSOLUTE
    ..\USER\SysTick\stm32f10x_systick.c      0x00000000   Number         0  stm32f10x_systick.o ABSOLUTE
    ..\USER\SysTick\systick.c                0x00000000   Number         0  systick.o ABSOLUTE
    ..\USER\can\can_config.c                 0x00000000   Number         0  can_config.o ABSOLUTE
    ..\USER\led\led.c                        0x00000000   Number         0  led.o ABSOLUTE
    ..\USER\main.c                           0x00000000   Number         0  main.o ABSOLUTE
    ..\USER\nodes\nodes.c                    0x00000000   Number         0  nodes.o ABSOLUTE
    ..\USER\stm32f10x_it.c                   0x00000000   Number         0  stm32f10x_it.o ABSOLUTE
    ..\USER\sys\sys.c                        0x00000000   Number         0  sys.o ABSOLUTE
    ..\USER\system_stm32f10x.c               0x00000000   Number         0  system_stm32f10x.o ABSOLUTE
    ..\USER\timer\timer.c                    0x00000000   Number         0  timer.o ABSOLUTE
    ..\USER\ttcan\TTCAN_mes.c                0x00000000   Number         0  ttcan_mes.o ABSOLUTE
    ..\USER\ttcan\ttcan.c                    0x00000000   Number         0  ttcan.o ABSOLUTE
    ..\USER\usart\usart.c                    0x00000000   Number         0  usart.o ABSOLUTE
    ..\\Libraries\\CMSIS\\CM3\\CoreSupport\\core_cm3.c 0x00000000   Number         0  core_cm3.o ABSOLUTE
    ..\\USER\\sys\\sys.c                     0x00000000   Number         0  sys.o ABSOLUTE
    cdcmple.s                                0x00000000   Number         0  cdcmple.o ABSOLUTE
    cdrcmple.s                               0x00000000   Number         0  cdrcmple.o ABSOLUTE
    cfcmple.s                                0x00000000   Number         0  cfcmple.o ABSOLUTE
    dc.s                                     0x00000000   Number         0  dc.o ABSOLUTE
    handlers.s                               0x00000000   Number         0  handlers.o ABSOLUTE
    init.s                                   0x00000000   Number         0  init.o ABSOLUTE
    RESET                                    0x08000000   Section      304  startup_stm32f10x_hd.o(RESET)
    .ARM.Collect$$$$00000000                 0x08000130   Section        0  entry.o(.ARM.Collect$$$$00000000)
    .ARM.Collect$$$$00000001                 0x08000130   Section        4  entry2.o(.ARM.Collect$$$$00000001)
    .ARM.Collect$$$$00000004                 0x08000134   Section        4  entry5.o(.ARM.Collect$$$$00000004)
    .ARM.Collect$$$$00000008                 0x08000138   Section        0  entry7b.o(.ARM.Collect$$$$00000008)
    .ARM.Collect$$$$0000000A                 0x08000138   Section        0  entry8b.o(.ARM.Collect$$$$0000000A)
    .ARM.Collect$$$$0000000B                 0x08000138   Section        8  entry9a.o(.ARM.Collect$$$$0000000B)
    .ARM.Collect$$$$0000000E                 0x08000140   Section        4  entry12b.o(.ARM.Collect$$$$0000000E)
    .ARM.Collect$$$$0000000F                 0x08000144   Section        0  entry10a.o(.ARM.Collect$$$$0000000F)
    .ARM.Collect$$$$00000011                 0x08000144   Section        0  entry11a.o(.ARM.Collect$$$$00000011)
    .ARM.Collect$$$$00002712                 0x08000144   Section        4  entry2.o(.ARM.Collect$$$$00002712)
    __lit__00000000                          0x08000144   Data           4  entry2.o(.ARM.Collect$$$$00002712)
    .text                                    0x08000148   Section       36  startup_stm32f10x_hd.o(.text)
    .text                                    0x0800016c   Section        0  fmul.o(.text)
    .text                                    0x080001d0   Section        0  dadd.o(.text)
    .text                                    0x0800031e   Section        0  dmul.o(.text)
    .text                                    0x08000402   Section        0  ddiv.o(.text)
    .text                                    0x080004e0   Section        0  dflti.o(.text)
    .text                                    0x08000502   Section        0  ffixui.o(.text)
    .text                                    0x0800052a   Section        0  f2d.o(.text)
    .text                                    0x08000550   Section       48  cdcmple.o(.text)
    .text                                    0x08000580   Section       48  cdrcmple.o(.text)
    .text                                    0x080005b0   Section        0  d2f.o(.text)
    .text                                    0x080005e8   Section       20  cfcmple.o(.text)
    .text                                    0x080005fc   Section        0  uidiv.o(.text)
    .text                                    0x08000628   Section        0  uldiv.o(.text)
    .text                                    0x0800068a   Section        0  llshl.o(.text)
    .text                                    0x080006a8   Section        0  llushr.o(.text)
    .text                                    0x080006c8   Section        0  llsshr.o(.text)
    .text                                    0x080006ec   Section        0  iusefp.o(.text)
    .text                                    0x080006ec   Section        0  fepilogue.o(.text)
    .text                                    0x0800075a   Section        0  depilogue.o(.text)
    .text                                    0x08000814   Section        0  dscalb.o(.text)
    .text                                    0x08000842   Section        0  dsqrt.o(.text)
    .text                                    0x080008e4   Section        0  dfixul.o(.text)
    .text                                    0x08000914   Section       36  init.o(.text)
    .text                                    0x08000938   Section        0  __dczerorl2.o(.text)
    i.ArraySum                               0x0800098e   Section        0  ttcan.o(i.ArraySum)
    i.BusFault_Handler                       0x080009a8   Section        0  stm32f10x_it.o(i.BusFault_Handler)
    i.CAN1_RX1_IRQHandler                    0x080009ac   Section        0  stm32f10x_it.o(i.CAN1_RX1_IRQHandler)
    i.CAN_ClearITPendingBit                  0x08000a04   Section        0  stm32f10x_can.o(i.CAN_ClearITPendingBit)
    i.CAN_Configuration                      0x08000aac   Section        0  can_config.o(i.CAN_Configuration)
    i.CAN_DeInit                             0x08000ac8   Section        0  stm32f10x_can.o(i.CAN_DeInit)
    i.CAN_FIFORelease                        0x08000b00   Section        0  stm32f10x_can.o(i.CAN_FIFORelease)
    i.CAN_FilterInit                         0x08000b18   Section        0  stm32f10x_can.o(i.CAN_FilterInit)
    i.CAN_ITConfig                           0x08000c20   Section        0  stm32f10x_can.o(i.CAN_ITConfig)
    i.CAN_Init                               0x08000c32   Section        0  stm32f10x_can.o(i.CAN_Init)
    i.CAN_Receive                            0x08000d46   Section        0  stm32f10x_can.o(i.CAN_Receive)
    i.CAN_StructInit                         0x08000e44   Section        0  stm32f10x_can.o(i.CAN_StructInit)
    i.CAN_Transmit                           0x08000e64   Section        0  stm32f10x_can.o(i.CAN_Transmit)
    i.CAN_TransmitStatus                     0x08000f8a   Section        0  stm32f10x_can.o(i.CAN_TransmitStatus)
    i.CAN__Master_Configuration              0x08001018   Section        0  can_config.o(i.CAN__Master_Configuration)
    i.CanFilter_0_Configure                  0x080010bc   Section        0  can_config.o(i.CanFilter_0_Configure)
    i.CanFilter_1_Configure                  0x0800110c   Section        0  can_config.o(i.CanFilter_1_Configure)
    i.CanInit                                0x0800115c   Section        0  can_config.o(i.CanInit)
    i.DebugMon_Handler                       0x080011c0   Section        0  stm32f10x_it.o(i.DebugMon_Handler)
    i.Delay_init                             0x080011c4   Section        0  systick.o(i.Delay_init)
    i.GPIO_Configuration                     0x08001208   Section        0  usart.o(i.GPIO_Configuration)
    i.GPIO_Init                              0x08001270   Section        0  stm32f10x_gpio.o(i.GPIO_Init)
    i.GPIO_ResetBits                         0x08001386   Section        0  stm32f10x_gpio.o(i.GPIO_ResetBits)
    i.GPIO_SetBits                           0x0800138a   Section        0  stm32f10x_gpio.o(i.GPIO_SetBits)
    i.GPIO_StructInit                        0x0800138e   Section        0  stm32f10x_gpio.o(i.GPIO_StructInit)
    i.HardFault_Handler                      0x0800139e   Section        0  stm32f10x_it.o(i.HardFault_Handler)
    i.LED_Init                               0x080013a4   Section        0  led.o(i.LED_Init)
    i.MemManage_Handler                      0x08001414   Section        0  stm32f10x_it.o(i.MemManage_Handler)
    i.MesTransmitTime                        0x08001418   Section        0  ttcan.o(i.MesTransmitTime)
    i.Mspeed                                 0x08001448   Section        0  timer.o(i.Mspeed)
    i.NMI_Handler                            0x080014f0   Section        0  stm32f10x_it.o(i.NMI_Handler)
    i.NVIC0_Configuration                    0x080014f2   Section        0  usart.o(i.NVIC0_Configuration)
    i.NVIC1_Configuration                    0x0800151a   Section        0  usart.o(i.NVIC1_Configuration)
    i.NVIC_Init                              0x08001544   Section        0  misc.o(i.NVIC_Init)
    i.NVIC_PriorityGroupConfig               0x080015b4   Section        0  misc.o(i.NVIC_PriorityGroupConfig)
    i.Node0                                  0x080015c8   Section        0  nodes.o(i.Node0)
    i.Node1                                  0x080016ec   Section        0  nodes.o(i.Node1)
    i.Node2                                  0x08001ca8   Section        0  nodes.o(i.Node2)
    i.NodeMesTransmit                        0x08002c24   Section        0  can_config.o(i.NodeMesTransmit)
    i.PendSV_Handler                         0x08002ca4   Section        0  stm32f10x_it.o(i.PendSV_Handler)
    i.RCC_APB1PeriphClockCmd                 0x08002ca8   Section        0  stm32f10x_rcc.o(i.RCC_APB1PeriphClockCmd)
    i.RCC_APB1PeriphResetCmd                 0x08002cc8   Section        0  stm32f10x_rcc.o(i.RCC_APB1PeriphResetCmd)
    i.RCC_APB2PeriphClockCmd                 0x08002ce8   Section        0  stm32f10x_rcc.o(i.RCC_APB2PeriphClockCmd)
    i.RCC_GetClocksFreq                      0x08002d08   Section        0  stm32f10x_rcc.o(i.RCC_GetClocksFreq)
    i.ReiceiveSM                             0x08002ddc   Section        0  ttcan.o(i.ReiceiveSM)
    i.SOS_ID                                 0x08002ed4   Section        0  ttcan.o(i.SOS_ID)
    i.SVC_Handler                            0x08003000   Section        0  stm32f10x_it.o(i.SVC_Handler)
    i.SendMatrix                             0x08003004   Section        0  ttcan.o(i.SendMatrix)
    i.SendRef                                0x08003124   Section        0  can_config.o(i.SendRef)
    i.SetSysClock                            0x08003224   Section        0  system_stm32f10x.o(i.SetSysClock)
    SetSysClock                              0x08003225   Thumb Code     8  system_stm32f10x.o(i.SetSysClock)
    i.SetSysClockTo72                        0x0800322c   Section        0  system_stm32f10x.o(i.SetSysClockTo72)
    SetSysClockTo72                          0x0800322d   Thumb Code   214  system_stm32f10x.o(i.SetSysClockTo72)
    i.SysTick_CLKSourceConfig                0x0800330c   Section        0  misc.o(i.SysTick_CLKSourceConfig)
    i.SysTick_CounterCmd                     0x08003334   Section        0  stm32f10x_systick.o(i.SysTick_CounterCmd)
    i.SysTick_GetFlagStatus                  0x0800336a   Section        0  stm32f10x_systick.o(i.SysTick_GetFlagStatus)
    i.SysTick_Handler                        0x08003398   Section        0  stm32f10x_it.o(i.SysTick_Handler)
    i.SysTick_ITConfig                       0x0800339a   Section        0  stm32f10x_systick.o(i.SysTick_ITConfig)
    i.SysTick_SetReload                      0x080033c0   Section        0  stm32f10x_systick.o(i.SysTick_SetReload)
    i.SystemInit                             0x080033c8   Section        0  system_stm32f10x.o(i.SystemInit)
    i.TI1_Config                             0x08003428   Section        0  stm32f10x_tim.o(i.TI1_Config)
    TI1_Config                               0x08003429   Thumb Code   108  stm32f10x_tim.o(i.TI1_Config)
    i.TI2_Config                             0x080034a8   Section        0  stm32f10x_tim.o(i.TI2_Config)
    TI2_Config                               0x080034a9   Thumb Code   130  stm32f10x_tim.o(i.TI2_Config)
    i.TI3_Config                             0x08003540   Section        0  stm32f10x_tim.o(i.TI3_Config)
    TI3_Config                               0x08003541   Thumb Code   122  stm32f10x_tim.o(i.TI3_Config)
    i.TI4_Config                             0x080035d0   Section        0  stm32f10x_tim.o(i.TI4_Config)
    TI4_Config                               0x080035d1   Thumb Code   130  stm32f10x_tim.o(i.TI4_Config)
    i.TIM2_IRQHandler                        0x08003668   Section        0  timer.o(i.TIM2_IRQHandler)
    i.TIM2_Int_Init                          0x080036b8   Section        0  timer.o(i.TIM2_Int_Init)
    i.TIM3_IRQHandler                        0x08003718   Section        0  stm32f10x_it.o(i.TIM3_IRQHandler)
    i.TIM3_Int_Init                          0x080037c4   Section        0  timer.o(i.TIM3_Int_Init)
    i.TIM4_EncoderMode_Config                0x08003824   Section        0  timer.o(i.TIM4_EncoderMode_Config)
    i.TIM4_IRQHandler                        0x080038dc   Section        0  timer.o(i.TIM4_IRQHandler)
    i.TIM4_PWM_Init                          0x0800390c   Section        0  timer.o(i.TIM4_PWM_Init)
    i.TIM_ClearITPendingBit                  0x08003990   Section        0  stm32f10x_tim.o(i.TIM_ClearITPendingBit)
    i.TIM_Cmd                                0x08003996   Section        0  stm32f10x_tim.o(i.TIM_Cmd)
    i.TIM_EncoderInterfaceConfig             0x080039ae   Section        0  stm32f10x_tim.o(i.TIM_EncoderInterfaceConfig)
    i.TIM_GetITStatus                        0x080039f0   Section        0  stm32f10x_tim.o(i.TIM_GetITStatus)
    i.TIM_ICInit                             0x08003a14   Section        0  stm32f10x_tim.o(i.TIM_ICInit)
    i.TIM_ICStructInit                       0x08003ac0   Section        0  stm32f10x_tim.o(i.TIM_ICStructInit)
    i.TIM_ITConfig                           0x08003ad2   Section        0  stm32f10x_tim.o(i.TIM_ITConfig)
    i.TIM_OC2Init                            0x08003ae4   Section        0  stm32f10x_tim.o(i.TIM_OC2Init)
    i.TIM_OC2PreloadConfig                   0x08003b88   Section        0  stm32f10x_tim.o(i.TIM_OC2PreloadConfig)
    i.TIM_SetCompare2                        0x08003ba2   Section        0  stm32f10x_tim.o(i.TIM_SetCompare2)
    i.TIM_SetCounter                         0x08003ba6   Section        0  stm32f10x_tim.o(i.TIM_SetCounter)
    i.TIM_SetIC1Prescaler                    0x08003baa   Section        0  stm32f10x_tim.o(i.TIM_SetIC1Prescaler)
    i.TIM_SetIC2Prescaler                    0x08003bbc   Section        0  stm32f10x_tim.o(i.TIM_SetIC2Prescaler)
    i.TIM_SetIC3Prescaler                    0x08003bd6   Section        0  stm32f10x_tim.o(i.TIM_SetIC3Prescaler)
    i.TIM_SetIC4Prescaler                    0x08003be8   Section        0  stm32f10x_tim.o(i.TIM_SetIC4Prescaler)
    i.TIM_TimeBaseInit                       0x08003c04   Section        0  stm32f10x_tim.o(i.TIM_TimeBaseInit)
    i.TIM_TimeBaseStructInit                 0x08003ca8   Section        0  stm32f10x_tim.o(i.TIM_TimeBaseStructInit)
    i.TimerISR                               0x08003cbc   Section        0  ttcan.o(i.TimerISR)
    i.TimerSlotSet                           0x08003e3c   Section        0  ttcan.o(i.TimerSlotSet)
    i.USART_Cmd                              0x08003e90   Section        0  stm32f10x_usart.o(i.USART_Cmd)
    i.USART_Configuration                    0x08003ea8   Section        0  usart.o(i.USART_Configuration)
    i.USART_GetFlagStatus                    0x08003f50   Section        0  stm32f10x_usart.o(i.USART_GetFlagStatus)
    i.USART_ITConfig                         0x08003f6a   Section        0  stm32f10x_usart.o(i.USART_ITConfig)
    i.USART_Init                             0x08003fb4   Section        0  stm32f10x_usart.o(i.USART_Init)
    i.USART_SendData                         0x0800408c   Section        0  stm32f10x_usart.o(i.USART_SendData)
    i.USB_LP_CAN1_RX0_IRQHandler             0x08004094   Section        0  stm32f10x_it.o(i.USB_LP_CAN1_RX0_IRQHandler)
    i.UsageFault_Handler                     0x0800414c   Section        0  stm32f10x_it.o(i.UsageFault_Handler)
    i.WheelSpeed                             0x08004150   Section        0  ttcan_mes.o(i.WheelSpeed)
    i.__0printf                              0x08004204   Section        0  printfa.o(i.__0printf)
    i.__ARM_fpclassify                       0x08004224   Section        0  fpclassify.o(i.__ARM_fpclassify)
    i.__kernel_poly                          0x0800424c   Section        0  poly.o(i.__kernel_poly)
    i.__mathlib_dbl_divzero                  0x080042f8   Section        0  dunder.o(i.__mathlib_dbl_divzero)
    i.__mathlib_dbl_infnan2                  0x08004308   Section        0  dunder.o(i.__mathlib_dbl_infnan2)
    i.__mathlib_dbl_invalid                  0x0800430c   Section        0  dunder.o(i.__mathlib_dbl_invalid)
    i.__mathlib_dbl_overflow                 0x08004318   Section        0  dunder.o(i.__mathlib_dbl_overflow)
    i.__mathlib_dbl_underflow                0x08004328   Section        0  dunder.o(i.__mathlib_dbl_underflow)
    i.__scatterload_copy                     0x08004338   Section       14  handlers.o(i.__scatterload_copy)
    i.__scatterload_null                     0x08004346   Section        2  handlers.o(i.__scatterload_null)
    i.__scatterload_zeroinit                 0x08004348   Section       14  handlers.o(i.__scatterload_zeroinit)
    i.__set_errno                            0x08004358   Section        0  errno.o(i.__set_errno)
    i._fp_digits                             0x08004364   Section        0  printfa.o(i._fp_digits)
    _fp_digits                               0x08004365   Thumb Code   366  printfa.o(i._fp_digits)
    i._printf_core                           0x080044e8   Section        0  printfa.o(i._printf_core)
    _printf_core                             0x080044e9   Thumb Code  1704  printfa.o(i._printf_core)
    i._printf_post_padding                   0x08004b9c   Section        0  printfa.o(i._printf_post_padding)
    _printf_post_padding                     0x08004b9d   Thumb Code    36  printfa.o(i._printf_post_padding)
    i._printf_pre_padding                    0x08004bc0   Section        0  printfa.o(i._printf_pre_padding)
    _printf_pre_padding                      0x08004bc1   Thumb Code    46  printfa.o(i._printf_pre_padding)
    i.delay_ms                               0x08004bf0   Section        0  systick.o(i.delay_ms)
    i.delay_us                               0x08004c44   Section        0  systick.o(i.delay_us)
    i.fputc                                  0x08004c8c   Section        0  main.o(i.fputc)
    i.main                                   0x08004cb0   Section        0  main.o(i.main)
    i.message1                               0x08004cf0   Section        0  ttcan_mes.o(i.message1)
    i.message2                               0x08004df8   Section        0  ttcan_mes.o(i.message2)
    i.message3                               0x08004f00   Section        0  ttcan_mes.o(i.message3)
    i.message5                               0x08004f94   Section        0  ttcan_mes.o(i.message5)
    i.message6                               0x0800509c   Section        0  ttcan_mes.o(i.message6)
    i.pow                                    0x080051a8   Section        0  pow.o(i.pow)
    i.read_encoder                           0x08005b80   Section        0  timer.o(i.read_encoder)
    i.sqrt                                   0x08005b9c   Section        0  sqrt.o(i.sqrt)
    .constdata                               0x08005be8   Section       12  nodes.o(.constdata)
    .constdata                               0x08005bf8   Section      136  pow.o(.constdata)
    bp                                       0x08005bf8   Data          16  pow.o(.constdata)
    dp_h                                     0x08005c08   Data          16  pow.o(.constdata)
    dp_l                                     0x08005c18   Data          16  pow.o(.constdata)
    L                                        0x08005c28   Data          48  pow.o(.constdata)
    P                                        0x08005c58   Data          40  pow.o(.constdata)
    .constdata                               0x08005c80   Section        8  qnan.o(.constdata)
    .conststring                             0x08005c88   Section      720  nodes.o(.conststring)
    .data                                    0x20000000   Section       42  stm32f10x_it.o(.data)
    .data                                    0x2000002a   Section        5  systick.o(.data)
    delay_fac_us                             0x2000002a   Data           1  systick.o(.data)
    delay_fac_ms                             0x2000002c   Data           2  systick.o(.data)
    Status                                   0x2000002e   Data           1  systick.o(.data)
    .data                                    0x2000002f   Section       20  stm32f10x_rcc.o(.data)
    APBAHBPrescTable                         0x2000002f   Data          16  stm32f10x_rcc.o(.data)
    ADCPrescTable                            0x2000003f   Data           4  stm32f10x_rcc.o(.data)
    .data                                    0x20000048   Section       32  can_config.o(.data)
    .data                                    0x20000068   Section       14  timer.o(.data)
    .data                                    0x20000078   Section      200  ttcan.o(.data)
    .data                                    0x20000140   Section       49  ttcan_mes.o(.data)
    .data                                    0x20000174   Section      136  nodes.o(.data)
    .data                                    0x200001fc   Section        4  stdout.o(.data)
    .data                                    0x20000200   Section        4  errno.o(.data)
    _errno                                   0x20000200   Data           4  errno.o(.data)
    .bss                                     0x20000204   Section      168  ttcan.o(.bss)
    STACK                                    0x200002b0   Section     1024  startup_stm32f10x_hd.o(STACK)

    Global Symbols

    Symbol Name                              Value     Ov Type        Size  Object(Section)

    BuildAttributes$$THM_ISAv4$P$D$K$B$S$PE$A:L22UL41UL21$X:L11$S22US41US21$IEEE1$IW$USESV6$~STKCKD$USESV7$~SHL$OTIME$ROPI$IEEEX$EBA8$MICROLIB$REQ8$PRES8$EABIv2 0x00000000   Number         0  anon$$obj.o ABSOLUTE
    __ARM_use_no_argv                        0x00000000   Number         0  main.o ABSOLUTE
    _printf_a                                0x00000000   Number         0  stubs.o ABSOLUTE
    _printf_c                                0x00000000   Number         0  stubs.o ABSOLUTE
    _printf_charcount                        0x00000000   Number         0  stubs.o ABSOLUTE
    _printf_d                                0x00000000   Number         0  stubs.o ABSOLUTE
    _printf_e                                0x00000000   Number         0  stubs.o ABSOLUTE
    _printf_f                                0x00000000   Number         0  stubs.o ABSOLUTE
    _printf_flags                            0x00000000   Number         0  stubs.o ABSOLUTE
    _printf_fp_dec                           0x00000000   Number         0  stubs.o ABSOLUTE
    _printf_fp_hex                           0x00000000   Number         0  stubs.o ABSOLUTE
    _printf_g                                0x00000000   Number         0  stubs.o ABSOLUTE
    _printf_i                                0x00000000   Number         0  stubs.o ABSOLUTE
    _printf_int_dec                          0x00000000   Number         0  stubs.o ABSOLUTE
    _printf_l                                0x00000000   Number         0  stubs.o ABSOLUTE
    _printf_lc                               0x00000000   Number         0  stubs.o ABSOLUTE
    _printf_ll                               0x00000000   Number         0  stubs.o ABSOLUTE
    _printf_lld                              0x00000000   Number         0  stubs.o ABSOLUTE
    _printf_lli                              0x00000000   Number         0  stubs.o ABSOLUTE
    _printf_llo                              0x00000000   Number         0  stubs.o ABSOLUTE
    _printf_llu                              0x00000000   Number         0  stubs.o ABSOLUTE
    _printf_llx                              0x00000000   Number         0  stubs.o ABSOLUTE
    _printf_longlong_dec                     0x00000000   Number         0  stubs.o ABSOLUTE
    _printf_longlong_hex                     0x00000000   Number         0  stubs.o ABSOLUTE
    _printf_longlong_oct                     0x00000000   Number         0  stubs.o ABSOLUTE
    _printf_ls                               0x00000000   Number         0  stubs.o ABSOLUTE
    _printf_mbtowc                           0x00000000   Number         0  stubs.o ABSOLUTE
    _printf_n                                0x00000000   Number         0  stubs.o ABSOLUTE
    _printf_o                                0x00000000   Number         0  stubs.o ABSOLUTE
    _printf_p                                0x00000000   Number         0  stubs.o ABSOLUTE
    _printf_percent                          0x00000000   Number         0  stubs.o ABSOLUTE
    _printf_pre_padding                      0x00000000   Number         0  stubs.o ABSOLUTE
    _printf_return_value                     0x00000000   Number         0  stubs.o ABSOLUTE
    _printf_s                                0x00000000   Number         0  stubs.o ABSOLUTE
    _printf_sizespec                         0x00000000   Number         0  stubs.o ABSOLUTE
    _printf_str                              0x00000000   Number         0  stubs.o ABSOLUTE
    _printf_truncate_signed                  0x00000000   Number         0  stubs.o ABSOLUTE
    _printf_truncate_unsigned                0x00000000   Number         0  stubs.o ABSOLUTE
    _printf_u                                0x00000000   Number         0  stubs.o ABSOLUTE
    _printf_wc                               0x00000000   Number         0  stubs.o ABSOLUTE
    _printf_wctomb                           0x00000000   Number         0  stubs.o ABSOLUTE
    _printf_widthprec                        0x00000000   Number         0  stubs.o ABSOLUTE
    _printf_x                                0x00000000   Number         0  stubs.o ABSOLUTE
    __arm_fini_                               - Undefined Weak Reference
    __cpp_initialize__aeabi_                  - Undefined Weak Reference
    __cxa_finalize                            - Undefined Weak Reference
    _clock_init                               - Undefined Weak Reference
    _microlib_exit                            - Undefined Weak Reference
    __Vectors_Size                           0x00000130   Number         0  startup_stm32f10x_hd.o ABSOLUTE
    __Vectors                                0x08000000   Data           4  startup_stm32f10x_hd.o(RESET)
    __Vectors_End                            0x08000130   Data           0  startup_stm32f10x_hd.o(RESET)
    __main                                   0x08000131   Thumb Code     0  entry.o(.ARM.Collect$$$$00000000)
    _main_stk                                0x08000131   Thumb Code     0  entry2.o(.ARM.Collect$$$$00000001)
    _main_scatterload                        0x08000135   Thumb Code     0  entry5.o(.ARM.Collect$$$$00000004)
    __main_after_scatterload                 0x08000139   Thumb Code     0  entry5.o(.ARM.Collect$$$$00000004)
    _main_clock                              0x08000139   Thumb Code     0  entry7b.o(.ARM.Collect$$$$00000008)
    _main_cpp_init                           0x08000139   Thumb Code     0  entry8b.o(.ARM.Collect$$$$0000000A)
    _main_init                               0x08000139   Thumb Code     0  entry9a.o(.ARM.Collect$$$$0000000B)
    __rt_lib_shutdown_fini                   0x08000141   Thumb Code     0  entry12b.o(.ARM.Collect$$$$0000000E)
    __rt_final_cpp                           0x08000145   Thumb Code     0  entry10a.o(.ARM.Collect$$$$0000000F)
    __rt_final_exit                          0x08000145   Thumb Code     0  entry11a.o(.ARM.Collect$$$$00000011)
    Reset_Handler                            0x08000149   Thumb Code     8  startup_stm32f10x_hd.o(.text)
    ADC1_2_IRQHandler                        0x08000163   Thumb Code     0  startup_stm32f10x_hd.o(.text)
    ADC3_IRQHandler                          0x08000163   Thumb Code     0  startup_stm32f10x_hd.o(.text)
    CAN1_SCE_IRQHandler                      0x08000163   Thumb Code     0  startup_stm32f10x_hd.o(.text)
    DMA1_Channel1_IRQHandler                 0x08000163   Thumb Code     0  startup_stm32f10x_hd.o(.text)
    DMA1_Channel2_IRQHandler                 0x08000163   Thumb Code     0  startup_stm32f10x_hd.o(.text)
    DMA1_Channel3_IRQHandler                 0x08000163   Thumb Code     0  startup_stm32f10x_hd.o(.text)
    DMA1_Channel4_IRQHandler                 0x08000163   Thumb Code     0  startup_stm32f10x_hd.o(.text)
    DMA1_Channel5_IRQHandler                 0x08000163   Thumb Code     0  startup_stm32f10x_hd.o(.text)
    DMA1_Channel6_IRQHandler                 0x08000163   Thumb Code     0  startup_stm32f10x_hd.o(.text)
    DMA1_Channel7_IRQHandler                 0x08000163   Thumb Code     0  startup_stm32f10x_hd.o(.text)
    DMA2_Channel1_IRQHandler                 0x08000163   Thumb Code     0  startup_stm32f10x_hd.o(.text)
    DMA2_Channel2_IRQHandler                 0x08000163   Thumb Code     0  startup_stm32f10x_hd.o(.text)
    DMA2_Channel3_IRQHandler                 0x08000163   Thumb Code     0  startup_stm32f10x_hd.o(.text)
    DMA2_Channel4_5_IRQHandler               0x08000163   Thumb Code     0  startup_stm32f10x_hd.o(.text)
    EXTI0_IRQHandler                         0x08000163   Thumb Code     0  startup_stm32f10x_hd.o(.text)
    EXTI15_10_IRQHandler                     0x08000163   Thumb Code     0  startup_stm32f10x_hd.o(.text)
    EXTI1_IRQHandler                         0x08000163   Thumb Code     0  startup_stm32f10x_hd.o(.text)
    EXTI2_IRQHandler                         0x08000163   Thumb Code     0  startup_stm32f10x_hd.o(.text)
    EXTI3_IRQHandler                         0x08000163   Thumb Code     0  startup_stm32f10x_hd.o(.text)
    EXTI4_IRQHandler                         0x08000163   Thumb Code     0  startup_stm32f10x_hd.o(.text)
    EXTI9_5_IRQHandler                       0x08000163   Thumb Code     0  startup_stm32f10x_hd.o(.text)
    FLASH_IRQHandler                         0x08000163   Thumb Code     0  startup_stm32f10x_hd.o(.text)
    FSMC_IRQHandler                          0x08000163   Thumb Code     0  startup_stm32f10x_hd.o(.text)
    I2C1_ER_IRQHandler                       0x08000163   Thumb Code     0  startup_stm32f10x_hd.o(.text)
    I2C1_EV_IRQHandler                       0x08000163   Thumb Code     0  startup_stm32f10x_hd.o(.text)
    I2C2_ER_IRQHandler                       0x08000163   Thumb Code     0  startup_stm32f10x_hd.o(.text)
    I2C2_EV_IRQHandler                       0x08000163   Thumb Code     0  startup_stm32f10x_hd.o(.text)
    PVD_IRQHandler                           0x08000163   Thumb Code     0  startup_stm32f10x_hd.o(.text)
    RCC_IRQHandler                           0x08000163   Thumb Code     0  startup_stm32f10x_hd.o(.text)
    RTCAlarm_IRQHandler                      0x08000163   Thumb Code     0  startup_stm32f10x_hd.o(.text)
    RTC_IRQHandler                           0x08000163   Thumb Code     0  startup_stm32f10x_hd.o(.text)
    SDIO_IRQHandler                          0x08000163   Thumb Code     0  startup_stm32f10x_hd.o(.text)
    SPI1_IRQHandler                          0x08000163   Thumb Code     0  startup_stm32f10x_hd.o(.text)
    SPI2_IRQHandler                          0x08000163   Thumb Code     0  startup_stm32f10x_hd.o(.text)
    SPI3_IRQHandler                          0x08000163   Thumb Code     0  startup_stm32f10x_hd.o(.text)
    TAMPER_IRQHandler                        0x08000163   Thumb Code     0  startup_stm32f10x_hd.o(.text)
    TIM1_BRK_IRQHandler                      0x08000163   Thumb Code     0  startup_stm32f10x_hd.o(.text)
    TIM1_CC_IRQHandler                       0x08000163   Thumb Code     0  startup_stm32f10x_hd.o(.text)
    TIM1_TRG_COM_IRQHandler                  0x08000163   Thumb Code     0  startup_stm32f10x_hd.o(.text)
    TIM1_UP_IRQHandler                       0x08000163   Thumb Code     0  startup_stm32f10x_hd.o(.text)
    TIM5_IRQHandler                          0x08000163   Thumb Code     0  startup_stm32f10x_hd.o(.text)
    TIM6_IRQHandler                          0x08000163   Thumb Code     0  startup_stm32f10x_hd.o(.text)
    TIM7_IRQHandler                          0x08000163   Thumb Code     0  startup_stm32f10x_hd.o(.text)
    TIM8_BRK_IRQHandler                      0x08000163   Thumb Code     0  startup_stm32f10x_hd.o(.text)
    TIM8_CC_IRQHandler                       0x08000163   Thumb Code     0  startup_stm32f10x_hd.o(.text)
    TIM8_TRG_COM_IRQHandler                  0x08000163   Thumb Code     0  startup_stm32f10x_hd.o(.text)
    TIM8_UP_IRQHandler                       0x08000163   Thumb Code     0  startup_stm32f10x_hd.o(.text)
    UART4_IRQHandler                         0x08000163   Thumb Code     0  startup_stm32f10x_hd.o(.text)
    UART5_IRQHandler                         0x08000163   Thumb Code     0  startup_stm32f10x_hd.o(.text)
    USART1_IRQHandler                        0x08000163   Thumb Code     0  startup_stm32f10x_hd.o(.text)
    USART2_IRQHandler                        0x08000163   Thumb Code     0  startup_stm32f10x_hd.o(.text)
    USART3_IRQHandler                        0x08000163   Thumb Code     0  startup_stm32f10x_hd.o(.text)
    USBWakeUp_IRQHandler                     0x08000163   Thumb Code     0  startup_stm32f10x_hd.o(.text)
    USB_HP_CAN1_TX_IRQHandler                0x08000163   Thumb Code     0  startup_stm32f10x_hd.o(.text)
    WWDG_IRQHandler                          0x08000163   Thumb Code     0  startup_stm32f10x_hd.o(.text)
    __aeabi_fmul                             0x0800016d   Thumb Code   100  fmul.o(.text)
    __aeabi_dadd                             0x080001d1   Thumb Code   322  dadd.o(.text)
    __aeabi_dsub                             0x08000313   Thumb Code     6  dadd.o(.text)
    __aeabi_drsub                            0x08000319   Thumb Code     6  dadd.o(.text)
    __aeabi_dmul                             0x0800031f   Thumb Code   228  dmul.o(.text)
    __aeabi_ddiv                             0x08000403   Thumb Code   222  ddiv.o(.text)
    __aeabi_i2d                              0x080004e1   Thumb Code    34  dflti.o(.text)
    __aeabi_f2uiz                            0x08000503   Thumb Code    40  ffixui.o(.text)
    __aeabi_f2d                              0x0800052b   Thumb Code    38  f2d.o(.text)
    __aeabi_cdcmpeq                          0x08000551   Thumb Code     0  cdcmple.o(.text)
    __aeabi_cdcmple                          0x08000551   Thumb Code    48  cdcmple.o(.text)
    __aeabi_cdrcmple                         0x08000581   Thumb Code    48  cdrcmple.o(.text)
    __aeabi_d2f                              0x080005b1   Thumb Code    56  d2f.o(.text)
    __aeabi_cfcmpeq                          0x080005e9   Thumb Code     0  cfcmple.o(.text)
    __aeabi_cfcmple                          0x080005e9   Thumb Code    20  cfcmple.o(.text)
    __aeabi_uidiv                            0x080005fd   Thumb Code     0  uidiv.o(.text)
    __aeabi_uidivmod                         0x080005fd   Thumb Code    44  uidiv.o(.text)
    __aeabi_uldivmod                         0x08000629   Thumb Code    98  uldiv.o(.text)
    __aeabi_llsl                             0x0800068b   Thumb Code    30  llshl.o(.text)
    _ll_shift_l                              0x0800068b   Thumb Code     0  llshl.o(.text)
    __aeabi_llsr                             0x080006a9   Thumb Code    32  llushr.o(.text)
    _ll_ushift_r                             0x080006a9   Thumb Code     0  llushr.o(.text)
    __aeabi_lasr                             0x080006c9   Thumb Code    36  llsshr.o(.text)
    _ll_sshift_r                             0x080006c9   Thumb Code     0  llsshr.o(.text)
    __I$use$fp                               0x080006ed   Thumb Code     0  iusefp.o(.text)
    _float_round                             0x080006ed   Thumb Code    18  fepilogue.o(.text)
    _float_epilogue                          0x080006ff   Thumb Code    92  fepilogue.o(.text)
    _double_round                            0x0800075b   Thumb Code    30  depilogue.o(.text)
    _double_epilogue                         0x08000779   Thumb Code   156  depilogue.o(.text)
    __ARM_scalbn                             0x08000815   Thumb Code    46  dscalb.o(.text)
    scalbn                                   0x08000815   Thumb Code     0  dscalb.o(.text)
    _dsqrt                                   0x08000843   Thumb Code   162  dsqrt.o(.text)
    __aeabi_d2ulz                            0x080008e5   Thumb Code    48  dfixul.o(.text)
    __scatterload                            0x08000915   Thumb Code    28  init.o(.text)
    __scatterload_rt2                        0x08000915   Thumb Code     0  init.o(.text)
    __decompress                             0x08000939   Thumb Code     0  __dczerorl2.o(.text)
    __decompress1                            0x08000939   Thumb Code    86  __dczerorl2.o(.text)
    ArraySum                                 0x0800098f   Thumb Code    26  ttcan.o(i.ArraySum)
    BusFault_Handler                         0x080009a9   Thumb Code     4  stm32f10x_it.o(i.BusFault_Handler)
    CAN1_RX1_IRQHandler                      0x080009ad   Thumb Code    62  stm32f10x_it.o(i.CAN1_RX1_IRQHandler)
    CAN_ClearITPendingBit                    0x08000a05   Thumb Code   162  stm32f10x_can.o(i.CAN_ClearITPendingBit)
    CAN_Configuration                        0x08000aad   Thumb Code    28  can_config.o(i.CAN_Configuration)
    CAN_DeInit                               0x08000ac9   Thumb Code    50  stm32f10x_can.o(i.CAN_DeInit)
    CAN_FIFORelease                          0x08000b01   Thumb Code    22  stm32f10x_can.o(i.CAN_FIFORelease)
    CAN_FilterInit                           0x08000b19   Thumb Code   258  stm32f10x_can.o(i.CAN_FilterInit)
    CAN_ITConfig                             0x08000c21   Thumb Code    18  stm32f10x_can.o(i.CAN_ITConfig)
    CAN_Init                                 0x08000c33   Thumb Code   276  stm32f10x_can.o(i.CAN_Init)
    CAN_Receive                              0x08000d47   Thumb Code   254  stm32f10x_can.o(i.CAN_Receive)
    CAN_StructInit                           0x08000e45   Thumb Code    32  stm32f10x_can.o(i.CAN_StructInit)
    CAN_Transmit                             0x08000e65   Thumb Code   294  stm32f10x_can.o(i.CAN_Transmit)
    CAN_TransmitStatus                       0x08000f8b   Thumb Code   142  stm32f10x_can.o(i.CAN_TransmitStatus)
    CAN__Master_Configuration                0x08001019   Thumb Code   160  can_config.o(i.CAN__Master_Configuration)
    CanFilter_0_Configure                    0x080010bd   Thumb Code    74  can_config.o(i.CanFilter_0_Configure)
    CanFilter_1_Configure                    0x0800110d   Thumb Code    76  can_config.o(i.CanFilter_1_Configure)
    CanInit                                  0x0800115d   Thumb Code    96  can_config.o(i.CanInit)
    DebugMon_Handler                         0x080011c1   Thumb Code     2  stm32f10x_it.o(i.DebugMon_Handler)
    Delay_init                               0x080011c5   Thumb Code    54  systick.o(i.Delay_init)
    GPIO_Configuration                       0x08001209   Thumb Code    96  usart.o(i.GPIO_Configuration)
    GPIO_Init                                0x08001271   Thumb Code   278  stm32f10x_gpio.o(i.GPIO_Init)
    GPIO_ResetBits                           0x08001387   Thumb Code     4  stm32f10x_gpio.o(i.GPIO_ResetBits)
    GPIO_SetBits                             0x0800138b   Thumb Code     4  stm32f10x_gpio.o(i.GPIO_SetBits)
    GPIO_StructInit                          0x0800138f   Thumb Code    16  stm32f10x_gpio.o(i.GPIO_StructInit)
    HardFault_Handler                        0x0800139f   Thumb Code     4  stm32f10x_it.o(i.HardFault_Handler)
    LED_Init                                 0x080013a5   Thumb Code    98  led.o(i.LED_Init)
    MemManage_Handler                        0x08001415   Thumb Code     4  stm32f10x_it.o(i.MemManage_Handler)
    MesTransmitTime                          0x08001419   Thumb Code    44  ttcan.o(i.MesTransmitTime)
    Mspeed                                   0x08001449   Thumb Code   140  timer.o(i.Mspeed)
    NMI_Handler                              0x080014f1   Thumb Code     2  stm32f10x_it.o(i.NMI_Handler)
    NVIC0_Configuration                      0x080014f3   Thumb Code    40  usart.o(i.NVIC0_Configuration)
    NVIC1_Configuration                      0x0800151b   Thumb Code    40  usart.o(i.NVIC1_Configuration)
    NVIC_Init                                0x08001545   Thumb Code   100  misc.o(i.NVIC_Init)
    NVIC_PriorityGroupConfig                 0x080015b5   Thumb Code    10  misc.o(i.NVIC_PriorityGroupConfig)
    Node0                                    0x080015c9   Thumb Code   156  nodes.o(i.Node0)
    Node1                                    0x080016ed   Thumb Code   928  nodes.o(i.Node1)
    Node2                                    0x08001ca9   Thumb Code  3882  nodes.o(i.Node2)
    NodeMesTransmit                          0x08002c25   Thumb Code    94  can_config.o(i.NodeMesTransmit)
    PendSV_Handler                           0x08002ca5   Thumb Code     2  stm32f10x_it.o(i.PendSV_Handler)
    RCC_APB1PeriphClockCmd                   0x08002ca9   Thumb Code    26  stm32f10x_rcc.o(i.RCC_APB1PeriphClockCmd)
    RCC_APB1PeriphResetCmd                   0x08002cc9   Thumb Code    26  stm32f10x_rcc.o(i.RCC_APB1PeriphResetCmd)
    RCC_APB2PeriphClockCmd                   0x08002ce9   Thumb Code    26  stm32f10x_rcc.o(i.RCC_APB2PeriphClockCmd)
    RCC_GetClocksFreq                        0x08002d09   Thumb Code   192  stm32f10x_rcc.o(i.RCC_GetClocksFreq)
    ReiceiveSM                               0x08002ddd   Thumb Code   178  ttcan.o(i.ReiceiveSM)
    SOS_ID                                   0x08002ed5   Thumb Code   220  ttcan.o(i.SOS_ID)
    SVC_Handler                              0x08003001   Thumb Code     2  stm32f10x_it.o(i.SVC_Handler)
    SendMatrix                               0x08003005   Thumb Code   194  ttcan.o(i.SendMatrix)
    SendRef                                  0x08003125   Thumb Code   180  can_config.o(i.SendRef)
    SysTick_CLKSourceConfig                  0x0800330d   Thumb Code    40  misc.o(i.SysTick_CLKSourceConfig)
    SysTick_CounterCmd                       0x08003335   Thumb Code    54  stm32f10x_systick.o(i.SysTick_CounterCmd)
    SysTick_GetFlagStatus                    0x0800336b   Thumb Code    46  stm32f10x_systick.o(i.SysTick_GetFlagStatus)
    SysTick_Handler                          0x08003399   Thumb Code     2  stm32f10x_it.o(i.SysTick_Handler)
    SysTick_ITConfig                         0x0800339b   Thumb Code    38  stm32f10x_systick.o(i.SysTick_ITConfig)
    SysTick_SetReload                        0x080033c1   Thumb Code     8  stm32f10x_systick.o(i.SysTick_SetReload)
    SystemInit                               0x080033c9   Thumb Code    78  system_stm32f10x.o(i.SystemInit)
    TIM2_IRQHandler                          0x08003669   Thumb Code    58  timer.o(i.TIM2_IRQHandler)
    TIM2_Int_Init                            0x080036b9   Thumb Code    96  timer.o(i.TIM2_Int_Init)
    TIM3_IRQHandler                          0x08003719   Thumb Code   102  stm32f10x_it.o(i.TIM3_IRQHandler)
    TIM3_Int_Init                            0x080037c5   Thumb Code    92  timer.o(i.TIM3_Int_Init)
    TIM4_EncoderMode_Config                  0x08003825   Thumb Code   176  timer.o(i.TIM4_EncoderMode_Config)
    TIM4_IRQHandler                          0x080038dd   Thumb Code    40  timer.o(i.TIM4_IRQHandler)
    TIM4_PWM_Init                            0x0800390d   Thumb Code   122  timer.o(i.TIM4_PWM_Init)
    TIM_ClearITPendingBit                    0x08003991   Thumb Code     6  stm32f10x_tim.o(i.TIM_ClearITPendingBit)
    TIM_Cmd                                  0x08003997   Thumb Code    24  stm32f10x_tim.o(i.TIM_Cmd)
    TIM_EncoderInterfaceConfig               0x080039af   Thumb Code    66  stm32f10x_tim.o(i.TIM_EncoderInterfaceConfig)
    TIM_GetITStatus                          0x080039f1   Thumb Code    34  stm32f10x_tim.o(i.TIM_GetITStatus)
    TIM_ICInit                               0x08003a15   Thumb Code   150  stm32f10x_tim.o(i.TIM_ICInit)
    TIM_ICStructInit                         0x08003ac1   Thumb Code    18  stm32f10x_tim.o(i.TIM_ICStructInit)
    TIM_ITConfig                             0x08003ad3   Thumb Code    18  stm32f10x_tim.o(i.TIM_ITConfig)
    TIM_OC2Init                              0x08003ae5   Thumb Code   154  stm32f10x_tim.o(i.TIM_OC2Init)
    TIM_OC2PreloadConfig                     0x08003b89   Thumb Code    26  stm32f10x_tim.o(i.TIM_OC2PreloadConfig)
    TIM_SetCompare2                          0x08003ba3   Thumb Code     4  stm32f10x_tim.o(i.TIM_SetCompare2)
    TIM_SetCounter                           0x08003ba7   Thumb Code     4  stm32f10x_tim.o(i.TIM_SetCounter)
    TIM_SetIC1Prescaler                      0x08003bab   Thumb Code    18  stm32f10x_tim.o(i.TIM_SetIC1Prescaler)
    TIM_SetIC2Prescaler                      0x08003bbd   Thumb Code    26  stm32f10x_tim.o(i.TIM_SetIC2Prescaler)
    TIM_SetIC3Prescaler                      0x08003bd7   Thumb Code    18  stm32f10x_tim.o(i.TIM_SetIC3Prescaler)
    TIM_SetIC4Prescaler                      0x08003be9   Thumb Code    26  stm32f10x_tim.o(i.TIM_SetIC4Prescaler)
    TIM_TimeBaseInit                         0x08003c05   Thumb Code   122  stm32f10x_tim.o(i.TIM_TimeBaseInit)
    TIM_TimeBaseStructInit                   0x08003ca9   Thumb Code    18  stm32f10x_tim.o(i.TIM_TimeBaseStructInit)
    TimerISR                                 0x08003cbd   Thumb Code   330  ttcan.o(i.TimerISR)
    TimerSlotSet                             0x08003e3d   Thumb Code    72  ttcan.o(i.TimerSlotSet)
    USART_Cmd                                0x08003e91   Thumb Code    24  stm32f10x_usart.o(i.USART_Cmd)
    USART_Configuration                      0x08003ea9   Thumb Code   160  usart.o(i.USART_Configuration)
    USART_GetFlagStatus                      0x08003f51   Thumb Code    26  stm32f10x_usart.o(i.USART_GetFlagStatus)
    USART_ITConfig                           0x08003f6b   Thumb Code    74  stm32f10x_usart.o(i.USART_ITConfig)
    USART_Init                               0x08003fb5   Thumb Code   210  stm32f10x_usart.o(i.USART_Init)
    USART_SendData                           0x0800408d   Thumb Code     8  stm32f10x_usart.o(i.USART_SendData)
    USB_LP_CAN1_RX0_IRQHandler               0x08004095   Thumb Code   136  stm32f10x_it.o(i.USB_LP_CAN1_RX0_IRQHandler)
    UsageFault_Handler                       0x0800414d   Thumb Code     4  stm32f10x_it.o(i.UsageFault_Handler)
    WheelSpeed                               0x08004151   Thumb Code   112  ttcan_mes.o(i.WheelSpeed)
    __0printf                                0x08004205   Thumb Code    22  printfa.o(i.__0printf)
    __1printf                                0x08004205   Thumb Code     0  printfa.o(i.__0printf)
    __2printf                                0x08004205   Thumb Code     0  printfa.o(i.__0printf)
    __c89printf                              0x08004205   Thumb Code     0  printfa.o(i.__0printf)
    printf                                   0x08004205   Thumb Code     0  printfa.o(i.__0printf)
    __ARM_fpclassify                         0x08004225   Thumb Code    40  fpclassify.o(i.__ARM_fpclassify)
    __kernel_poly                            0x0800424d   Thumb Code   170  poly.o(i.__kernel_poly)
    __mathlib_dbl_divzero                    0x080042f9   Thumb Code    12  dunder.o(i.__mathlib_dbl_divzero)
    __mathlib_dbl_infnan2                    0x08004309   Thumb Code     4  dunder.o(i.__mathlib_dbl_infnan2)
    __mathlib_dbl_invalid                    0x0800430d   Thumb Code    12  dunder.o(i.__mathlib_dbl_invalid)
    __mathlib_dbl_overflow                   0x08004319   Thumb Code    14  dunder.o(i.__mathlib_dbl_overflow)
    __mathlib_dbl_underflow                  0x08004329   Thumb Code    10  dunder.o(i.__mathlib_dbl_underflow)
    __scatterload_copy                       0x08004339   Thumb Code    14  handlers.o(i.__scatterload_copy)
    __scatterload_null                       0x08004347   Thumb Code     2  handlers.o(i.__scatterload_null)
    __scatterload_zeroinit                   0x08004349   Thumb Code    14  handlers.o(i.__scatterload_zeroinit)
    __set_errno                              0x08004359   Thumb Code     6  errno.o(i.__set_errno)
    delay_ms                                 0x08004bf1   Thumb Code    74  systick.o(i.delay_ms)
    delay_us                                 0x08004c45   Thumb Code    62  systick.o(i.delay_us)
    fputc                                    0x08004c8d   Thumb Code    32  main.o(i.fputc)
    main                                     0x08004cb1   Thumb Code    62  main.o(i.main)
    message1                                 0x08004cf1   Thumb Code   180  ttcan_mes.o(i.message1)
    message2                                 0x08004df9   Thumb Code   180  ttcan_mes.o(i.message2)
    message3                                 0x08004f01   Thumb Code   100  ttcan_mes.o(i.message3)
    message5                                 0x08004f95   Thumb Code   180  ttcan_mes.o(i.message5)
    message6                                 0x0800509d   Thumb Code   182  ttcan_mes.o(i.message6)
    pow                                      0x080051a9   Thumb Code  2512  pow.o(i.pow)
    read_encoder                             0x08005b81   Thumb Code    24  timer.o(i.read_encoder)
    sqrt                                     0x08005b9d   Thumb Code    76  sqrt.o(i.sqrt)
    __mathlib_zero                           0x08005c80   Data           8  qnan.o(.constdata)
    Region$$Table$$Base                      0x08005f58   Number         0  anon$$obj.o(Region$$Table)
    Region$$Table$$Limit                     0x08005f78   Number         0  anon$$obj.o(Region$$Table)
    CANSM_ID                                 0x20000000   Data           2  stm32f10x_it.o(.data)
    CanSMFlag                                0x20000002   Data           2  stm32f10x_it.o(.data)
    SOS_ISR_flag                             0x20000004   Data           2  stm32f10x_it.o(.data)
    SOS_ISR_Count                            0x20000006   Data           1  stm32f10x_it.o(.data)
    Rx0_DATA0                                0x20000007   Data           1  stm32f10x_it.o(.data)
    Rx0_DATA1                                0x20000008   Data           1  stm32f10x_it.o(.data)
    Rx0_DATA2                                0x20000009   Data           1  stm32f10x_it.o(.data)
    Rx0_DATA3                                0x2000000a   Data           1  stm32f10x_it.o(.data)
    Rx0_DATA4                                0x2000000b   Data           1  stm32f10x_it.o(.data)
    Rx0_DATA5                                0x2000000c   Data           1  stm32f10x_it.o(.data)
    Rx0_DATA6                                0x2000000d   Data           1  stm32f10x_it.o(.data)
    Rx0_DATA7                                0x2000000e   Data           1  stm32f10x_it.o(.data)
    CanRefFlag                               0x20000010   Data           2  stm32f10x_it.o(.data)
    timeStamp                                0x20000012   Data           2  stm32f10x_it.o(.data)
    TimeStampRx1                             0x20000014   Data           2  stm32f10x_it.o(.data)
    Rx1_DATA0                                0x20000016   Data           1  stm32f10x_it.o(.data)
    Rx1_DATA1                                0x20000017   Data           1  stm32f10x_it.o(.data)
    Rx1_DATA2                                0x20000018   Data           1  stm32f10x_it.o(.data)
    Rx1_DATA3                                0x20000019   Data           1  stm32f10x_it.o(.data)
    Rx1_DATA4                                0x2000001a   Data           1  stm32f10x_it.o(.data)
    Rx1_DATA5                                0x2000001b   Data           1  stm32f10x_it.o(.data)
    Rx1_DATA6                                0x2000001c   Data           1  stm32f10x_it.o(.data)
    Rx1_DATA7                                0x2000001d   Data           1  stm32f10x_it.o(.data)
    CanRxFlag                                0x2000001e   Data           1  stm32f10x_it.o(.data)
    CANRx_ID                                 0x20000020   Data           2  stm32f10x_it.o(.data)
    SM_ID_Sent_Counter                       0x20000024   Data           4  stm32f10x_it.o(.data)
    SM_ID_Sent_flag                          0x20000028   Data           2  stm32f10x_it.o(.data)
    MasterNumBC                              0x20000048   Data           1  can_config.o(.data)
    MasterTimeTx                             0x20000050   Data           8  can_config.o(.data)
    MASTER_DATA0                             0x20000058   Data           1  can_config.o(.data)
    MASTER_DATA1                             0x20000059   Data           1  can_config.o(.data)
    MASTER_DATA2                             0x2000005a   Data           1  can_config.o(.data)
    MASTER_DATA3                             0x2000005b   Data           1  can_config.o(.data)
    MASTER_DATA4                             0x2000005c   Data           1  can_config.o(.data)
    MASTER_DATA5                             0x2000005d   Data           1  can_config.o(.data)
    MASTER_DATA6                             0x2000005e   Data           1  can_config.o(.data)
    MASTER_DATA7                             0x2000005f   Data           1  can_config.o(.data)
    CAN_DATA0                                0x20000060   Data           1  can_config.o(.data)
    CAN_DATA1                                0x20000061   Data           1  can_config.o(.data)
    CAN_DATA2                                0x20000062   Data           1  can_config.o(.data)
    CAN_DATA3                                0x20000063   Data           1  can_config.o(.data)
    CAN_DATA4                                0x20000064   Data           1  can_config.o(.data)
    CAN_DATA5                                0x20000065   Data           1  can_config.o(.data)
    CAN_DATA6                                0x20000066   Data           1  can_config.o(.data)
    CAN_DATA7                                0x20000067   Data           1  can_config.o(.data)
    rounds                                   0x20000068   Data           4  timer.o(.data)
    mes_send_flag                            0x2000006c   Data           2  timer.o(.data)
    Transmit_time_flag                       0x2000006e   Data           1  timer.o(.data)
    NumHighFreq                              0x20000070   Data           4  timer.o(.data)
    Mmethodflag                              0x20000074   Data           2  timer.o(.data)
    NumOfSlot_flag                           0x20000078   Data           2  ttcan.o(.data)
    Slot_ISR_Timer                           0x2000007a   Data           2  ttcan.o(.data)
    node_time                                0x20000080   Data           8  ttcan.o(.data)
    timeTx                                   0x20000088   Data           8  ttcan.o(.data)
    NumBC                                    0x20000090   Data           2  ttcan.o(.data)
    TimerArray                               0x20000092   Data           4  ttcan.o(.data)
    Node1MesIDList                           0x20000096   Data           6  ttcan.o(.data)
    Node2MesIDList                           0x2000009c   Data           6  ttcan.o(.data)
    mes_id                                   0x200000a2   Data          24  ttcan.o(.data)
    Received_mes_id                          0x200000ba   Data          24  ttcan.o(.data)
    finalTimerValue                          0x200000d2   Data           6  ttcan.o(.data)
    selected_ID                              0x200000d8   Data           2  ttcan.o(.data)
    TimerArrayLocation                       0x200000dc   Data           4  ttcan.o(.data)
    is_exclusive_window                      0x200000e0   Data          24  ttcan.o(.data)
    Mes_list                                 0x200000f8   Data          36  ttcan.o(.data)
    finalTimerArrayShift_Nonzero             0x2000011c   Data           4  ttcan.o(.data)
    finalTimerArrayShift_zero                0x20000120   Data           4  ttcan.o(.data)
    IDsInOneBC_shift_Nonzero                 0x20000124   Data           4  ttcan.o(.data)
    IDsInOneBC_shift_zero                    0x20000128   Data           4  ttcan.o(.data)
    Locationjump                             0x2000012c   Data           4  ttcan.o(.data)
    tempMesLocation_y                        0x20000130   Data           4  ttcan.o(.data)
    everyBCmesTimes                          0x20000134   Data           2  ttcan.o(.data)
    i                                        0x20000138   Data           4  ttcan.o(.data)
    j                                        0x2000013c   Data           4  ttcan.o(.data)
    Mes1_TimeTx                              0x20000140   Data           8  ttcan_mes.o(.data)
    Mes2_TimeTx                              0x20000148   Data           8  ttcan_mes.o(.data)
    Mes3_TimeTx                              0x20000150   Data           8  ttcan_mes.o(.data)
    Mes4_TimeTx                              0x20000158   Data           8  ttcan_mes.o(.data)
    Mes5_TimeTx                              0x20000160   Data           8  ttcan_mes.o(.data)
    Mes6_TimeTx                              0x20000168   Data           8  ttcan_mes.o(.data)
    increase_flag                            0x20000170   Data           1  ttcan_mes.o(.data)
    sm_id_nonzero_flag                       0x20000174   Data           4  nodes.o(.data)
    MES1_DATA0                               0x20000178   Data           1  nodes.o(.data)
    MES1_DATA1                               0x20000179   Data           1  nodes.o(.data)
    MES1_DATA2                               0x2000017a   Data           1  nodes.o(.data)
    MES1_DATA3                               0x2000017b   Data           1  nodes.o(.data)
    MES1_DATA4                               0x2000017c   Data           1  nodes.o(.data)
    MES1_DATA5                               0x2000017d   Data           1  nodes.o(.data)
    MES1_DATA6                               0x2000017e   Data           1  nodes.o(.data)
    MES1_DATA7                               0x2000017f   Data           1  nodes.o(.data)
    MES2_DATA0                               0x20000180   Data           1  nodes.o(.data)
    MES2_DATA1                               0x20000181   Data           1  nodes.o(.data)
    MES2_DATA2                               0x20000182   Data           1  nodes.o(.data)
    MES2_DATA3                               0x20000183   Data           1  nodes.o(.data)
    MES2_DATA4                               0x20000184   Data           1  nodes.o(.data)
    MES2_DATA5                               0x20000185   Data           1  nodes.o(.data)
    MES2_DATA6                               0x20000186   Data           1  nodes.o(.data)
    MES2_DATA7                               0x20000187   Data           1  nodes.o(.data)
    MES3_DATA0                               0x20000188   Data           1  nodes.o(.data)
    MES3_DATA1                               0x20000189   Data           1  nodes.o(.data)
    MES3_DATA2                               0x2000018a   Data           1  nodes.o(.data)
    MES3_DATA3                               0x2000018b   Data           1  nodes.o(.data)
    MES3_DATA4                               0x2000018c   Data           1  nodes.o(.data)
    MES3_DATA5                               0x2000018d   Data           1  nodes.o(.data)
    MES3_DATA6                               0x2000018e   Data           1  nodes.o(.data)
    MES3_DATA7                               0x2000018f   Data           1  nodes.o(.data)
    MES4_DATA0                               0x20000190   Data           1  nodes.o(.data)
    MES4_DATA1                               0x20000191   Data           1  nodes.o(.data)
    MES4_DATA2                               0x20000192   Data           1  nodes.o(.data)
    MES4_DATA3                               0x20000193   Data           1  nodes.o(.data)
    MES4_DATA4                               0x20000194   Data           1  nodes.o(.data)
    MES4_DATA5                               0x20000195   Data           1  nodes.o(.data)
    MES4_DATA6                               0x20000196   Data           1  nodes.o(.data)
    MES4_DATA7                               0x20000197   Data           1  nodes.o(.data)
    MES5_DATA0                               0x20000198   Data           1  nodes.o(.data)
    MES5_DATA1                               0x20000199   Data           1  nodes.o(.data)
    MES5_DATA2                               0x2000019a   Data           1  nodes.o(.data)
    MES5_DATA3                               0x2000019b   Data           1  nodes.o(.data)
    MES5_DATA4                               0x2000019c   Data           1  nodes.o(.data)
    MES5_DATA5                               0x2000019d   Data           1  nodes.o(.data)
    MES5_DATA6                               0x2000019e   Data           1  nodes.o(.data)
    MES5_DATA7                               0x2000019f   Data           1  nodes.o(.data)
    MES6_DATA0                               0x200001a0   Data           1  nodes.o(.data)
    MES6_DATA1                               0x200001a1   Data           1  nodes.o(.data)
    MES6_DATA2                               0x200001a2   Data           1  nodes.o(.data)
    MES6_DATA3                               0x200001a3   Data           1  nodes.o(.data)
    MES6_DATA4                               0x200001a4   Data           1  nodes.o(.data)
    MES6_DATA5                               0x200001a5   Data           1  nodes.o(.data)
    MES6_DATA6                               0x200001a6   Data           1  nodes.o(.data)
    MES6_DATA7                               0x200001a7   Data           1  nodes.o(.data)
    MesTimesInBC                             0x200001a8   Data           4  nodes.o(.data)
    MasterNodeFlag                           0x200001ac   Data           1  nodes.o(.data)
    temp_receive_id                          0x200001ae   Data           2  nodes.o(.data)
    first_mes_after_ref                      0x200001b0   Data           2  nodes.o(.data)
    temp_MesTranTime                         0x200001b2   Data           2  nodes.o(.data)
    temp_sos_ID                              0x200001b4   Data           2  nodes.o(.data)
    interrupt_sos_times                      0x200001b6   Data           2  nodes.o(.data)
    temp                                     0x200001b8   Data           2  nodes.o(.data)
    SlaveNode1Flag                           0x200001ba   Data           1  nodes.o(.data)
    SlaveNode2Flag                           0x200001bb   Data           1  nodes.o(.data)
    speedArray                               0x200001bc   Data           8  nodes.o(.data)
    VeloVar1                                 0x200001c4   Data           4  nodes.o(.data)
    VeloVar2                                 0x200001c8   Data           4  nodes.o(.data)
    DecelerateRate                           0x200001cc   Data           4  nodes.o(.data)
    VeloThreshold                            0x200001d0   Data           4  nodes.o(.data)
    Phase1                                   0x200001d4   Data           4  nodes.o(.data)
    Phase2                                   0x200001d8   Data           4  nodes.o(.data)
    Decelerate                               0x200001dc   Data           4  nodes.o(.data)
    Radian                                   0x200001e0   Data           4  nodes.o(.data)
    Radius                                   0x200001e4   Data           4  nodes.o(.data)
    intermediate                             0x200001e8   Data           4  nodes.o(.data)
    TarrValue                                0x200001ec   Data           2  nodes.o(.data)
    TpscValue                                0x200001ee   Data           2  nodes.o(.data)
    TMethodSpeed                             0x200001f0   Data           4  nodes.o(.data)
    MarrValue                                0x200001f4   Data           2  nodes.o(.data)
    MpscValue                                0x200001f6   Data           2  nodes.o(.data)
    MMethodSpeed                             0x200001f8   Data           4  nodes.o(.data)
    __stdout                                 0x200001fc   Data           4  stdout.o(.data)
    received_is_exclusive_window             0x20000204   Data          12  ttcan.o(.bss)
    mes_ids                                  0x20000210   Data          32  ttcan.o(.bss)
    IDsInOneBC                               0x20000230   Data          16  ttcan.o(.bss)
    tempMesLocation                          0x20000240   Data          96  ttcan.o(.bss)
    tempTimerValue                           0x200002a0   Data          12  ttcan.o(.bss)
    __initial_sp                             0x200006b0   Data           0  startup_stm32f10x_hd.o(STACK)



==============================================================================

Memory Map of the image

  Image Entry point : 0x08000131

  Load Region LR_IROM1 (Base: 0x08000000, Size: 0x0000617c, Max: 0x00080000, ABSOLUTE, COMPRESSED[0x00005ff8])

    Execution Region ER_IROM1 (Exec base: 0x08000000, Load base: 0x08000000, Size: 0x00005f78, Max: 0x00080000, ABSOLUTE)

    Exec Addr    Load Addr    Size         Type   Attr      Idx    E Section Name        Object

    0x08000000   0x08000000   0x00000130   Data   RO         3270    RESET               startup_stm32f10x_hd.o
    0x08000130   0x08000130   0x00000000   Code   RO         3672  * .ARM.Collect$$$$00000000  mc_w.l(entry.o)
    0x08000130   0x08000130   0x00000004   Code   RO         3983    .ARM.Collect$$$$00000001  mc_w.l(entry2.o)
    0x08000134   0x08000134   0x00000004   Code   RO         3986    .ARM.Collect$$$$00000004  mc_w.l(entry5.o)
    0x08000138   0x08000138   0x00000000   Code   RO         3988    .ARM.Collect$$$$00000008  mc_w.l(entry7b.o)
    0x08000138   0x08000138   0x00000000   Code   RO         3990    .ARM.Collect$$$$0000000A  mc_w.l(entry8b.o)
    0x08000138   0x08000138   0x00000008   Code   RO         3991    .ARM.Collect$$$$0000000B  mc_w.l(entry9a.o)
    0x08000140   0x08000140   0x00000004   Code   RO         3998    .ARM.Collect$$$$0000000E  mc_w.l(entry12b.o)
    0x08000144   0x08000144   0x00000000   Code   RO         3993    .ARM.Collect$$$$0000000F  mc_w.l(entry10a.o)
    0x08000144   0x08000144   0x00000000   Code   RO         3995    .ARM.Collect$$$$00000011  mc_w.l(entry11a.o)
    0x08000144   0x08000144   0x00000004   Code   RO         3984    .ARM.Collect$$$$00002712  mc_w.l(entry2.o)
    0x08000148   0x08000148   0x00000024   Code   RO         3271    .text               startup_stm32f10x_hd.o
    0x0800016c   0x0800016c   0x00000064   Code   RO         3936    .text               mf_w.l(fmul.o)
    0x080001d0   0x080001d0   0x0000014e   Code   RO         3938    .text               mf_w.l(dadd.o)
    0x0800031e   0x0800031e   0x000000e4   Code   RO         3940    .text               mf_w.l(dmul.o)
    0x08000402   0x08000402   0x000000de   Code   RO         3942    .text               mf_w.l(ddiv.o)
    0x080004e0   0x080004e0   0x00000022   Code   RO         3944    .text               mf_w.l(dflti.o)
    0x08000502   0x08000502   0x00000028   Code   RO         3950    .text               mf_w.l(ffixui.o)
    0x0800052a   0x0800052a   0x00000026   Code   RO         3954    .text               mf_w.l(f2d.o)
    0x08000550   0x08000550   0x00000030   Code   RO         3956    .text               mf_w.l(cdcmple.o)
    0x08000580   0x08000580   0x00000030   Code   RO         3958    .text               mf_w.l(cdrcmple.o)
    0x080005b0   0x080005b0   0x00000038   Code   RO         3960    .text               mf_w.l(d2f.o)
    0x080005e8   0x080005e8   0x00000014   Code   RO         3962    .text               mf_w.l(cfcmple.o)
    0x080005fc   0x080005fc   0x0000002c   Code   RO         4000    .text               mc_w.l(uidiv.o)
    0x08000628   0x08000628   0x00000062   Code   RO         4002    .text               mc_w.l(uldiv.o)
    0x0800068a   0x0800068a   0x0000001e   Code   RO         4004    .text               mc_w.l(llshl.o)
    0x080006a8   0x080006a8   0x00000020   Code   RO         4006    .text               mc_w.l(llushr.o)
    0x080006c8   0x080006c8   0x00000024   Code   RO         4008    .text               mc_w.l(llsshr.o)
    0x080006ec   0x080006ec   0x00000000   Code   RO         4017    .text               mc_w.l(iusefp.o)
    0x080006ec   0x080006ec   0x0000006e   Code   RO         4018    .text               mf_w.l(fepilogue.o)
    0x0800075a   0x0800075a   0x000000ba   Code   RO         4020    .text               mf_w.l(depilogue.o)
    0x08000814   0x08000814   0x0000002e   Code   RO         4022    .text               mf_w.l(dscalb.o)
    0x08000842   0x08000842   0x000000a2   Code   RO         4024    .text               mf_w.l(dsqrt.o)
    0x080008e4   0x080008e4   0x00000030   Code   RO         4026    .text               mf_w.l(dfixul.o)
    0x08000914   0x08000914   0x00000024   Code   RO         4028    .text               mc_w.l(init.o)
    0x08000938   0x08000938   0x00000056   Code   RO         4038    .text               mc_w.l(__dczerorl2.o)
    0x0800098e   0x0800098e   0x0000001a   Code   RO         3496    i.ArraySum          ttcan.o
    0x080009a8   0x080009a8   0x00000004   Code   RO           99    i.BusFault_Handler  stm32f10x_it.o
    0x080009ac   0x080009ac   0x00000058   Code   RO          100    i.CAN1_RX1_IRQHandler  stm32f10x_it.o
    0x08000a04   0x08000a04   0x000000a8   Code   RO         1088    i.CAN_ClearITPendingBit  stm32f10x_can.o
    0x08000aac   0x08000aac   0x0000001c   Code   RO         3327    i.CAN_Configuration  can_config.o
    0x08000ac8   0x08000ac8   0x00000038   Code   RO         1090    i.CAN_DeInit        stm32f10x_can.o
    0x08000b00   0x08000b00   0x00000016   Code   RO         1091    i.CAN_FIFORelease   stm32f10x_can.o
    0x08000b16   0x08000b16   0x00000002   PAD
    0x08000b18   0x08000b18   0x00000108   Code   RO         1092    i.CAN_FilterInit    stm32f10x_can.o
    0x08000c20   0x08000c20   0x00000012   Code   RO         1095    i.CAN_ITConfig      stm32f10x_can.o
    0x08000c32   0x08000c32   0x00000114   Code   RO         1096    i.CAN_Init          stm32f10x_can.o
    0x08000d46   0x08000d46   0x000000fe   Code   RO         1098    i.CAN_Receive       stm32f10x_can.o
    0x08000e44   0x08000e44   0x00000020   Code   RO         1101    i.CAN_StructInit    stm32f10x_can.o
    0x08000e64   0x08000e64   0x00000126   Code   RO         1102    i.CAN_Transmit      stm32f10x_can.o
    0x08000f8a   0x08000f8a   0x0000008e   Code   RO         1103    i.CAN_TransmitStatus  stm32f10x_can.o
    0x08001018   0x08001018   0x000000a4   Code   RO         3328    i.CAN__Master_Configuration  can_config.o
    0x080010bc   0x080010bc   0x00000050   Code   RO         3329    i.CanFilter_0_Configure  can_config.o
    0x0800110c   0x0800110c   0x00000050   Code   RO         3330    i.CanFilter_1_Configure  can_config.o
    0x0800115c   0x0800115c   0x00000064   Code   RO         3331    i.CanInit           can_config.o
    0x080011c0   0x080011c0   0x00000002   Code   RO          101    i.DebugMon_Handler  stm32f10x_it.o
    0x080011c2   0x080011c2   0x00000002   PAD
    0x080011c4   0x080011c4   0x00000044   Code   RO          227    i.Delay_init        systick.o
    0x08001208   0x08001208   0x00000068   Code   RO         3275    i.GPIO_Configuration  usart.o
    0x08001270   0x08001270   0x00000116   Code   RO          472    i.GPIO_Init         stm32f10x_gpio.o
    0x08001386   0x08001386   0x00000004   Code   RO          479    i.GPIO_ResetBits    stm32f10x_gpio.o
    0x0800138a   0x0800138a   0x00000004   Code   RO          480    i.GPIO_SetBits      stm32f10x_gpio.o
    0x0800138e   0x0800138e   0x00000010   Code   RO          481    i.GPIO_StructInit   stm32f10x_gpio.o
    0x0800139e   0x0800139e   0x00000004   Code   RO          102    i.HardFault_Handler  stm32f10x_it.o
    0x080013a2   0x080013a2   0x00000002   PAD
    0x080013a4   0x080013a4   0x00000070   Code   RO         3312    i.LED_Init          led.o
    0x08001414   0x08001414   0x00000004   Code   RO          103    i.MemManage_Handler  stm32f10x_it.o
    0x08001418   0x08001418   0x00000030   Code   RO         3498    i.MesTransmitTime   ttcan.o
    0x08001448   0x08001448   0x000000a8   Code   RO         3381    i.Mspeed            timer.o
    0x080014f0   0x080014f0   0x00000002   Code   RO          104    i.NMI_Handler       stm32f10x_it.o
    0x080014f2   0x080014f2   0x00000028   Code   RO         3276    i.NVIC0_Configuration  usart.o
    0x0800151a   0x0800151a   0x00000028   Code   RO         3277    i.NVIC1_Configuration  usart.o
    0x08001542   0x08001542   0x00000002   PAD
    0x08001544   0x08001544   0x00000070   Code   RO          256    i.NVIC_Init         misc.o
    0x080015b4   0x080015b4   0x00000014   Code   RO          257    i.NVIC_PriorityGroupConfig  misc.o
    0x080015c8   0x080015c8   0x00000124   Code   RO         3617    i.Node0             nodes.o
    0x080016ec   0x080016ec   0x000005bc   Code   RO         3618    i.Node1             nodes.o
    0x08001ca8   0x08001ca8   0x00000f7c   Code   RO         3619    i.Node2             nodes.o
    0x08002c24   0x08002c24   0x00000080   Code   RO         3332    i.NodeMesTransmit   can_config.o
    0x08002ca4   0x08002ca4   0x00000002   Code   RO          105    i.PendSV_Handler    stm32f10x_it.o
    0x08002ca6   0x08002ca6   0x00000002   PAD
    0x08002ca8   0x08002ca8   0x00000020   Code   RO          582    i.RCC_APB1PeriphClockCmd  stm32f10x_rcc.o
    0x08002cc8   0x08002cc8   0x00000020   Code   RO          583    i.RCC_APB1PeriphResetCmd  stm32f10x_rcc.o
    0x08002ce8   0x08002ce8   0x00000020   Code   RO          584    i.RCC_APB2PeriphClockCmd  stm32f10x_rcc.o
    0x08002d08   0x08002d08   0x000000d4   Code   RO          592    i.RCC_GetClocksFreq  stm32f10x_rcc.o
    0x08002ddc   0x08002ddc   0x000000f8   Code   RO         3499    i.ReiceiveSM        ttcan.o
    0x08002ed4   0x08002ed4   0x0000012c   Code   RO         3500    i.SOS_ID            ttcan.o
    0x08003000   0x08003000   0x00000002   Code   RO          106    i.SVC_Handler       stm32f10x_it.o
    0x08003002   0x08003002   0x00000002   PAD
    0x08003004   0x08003004   0x00000120   Code   RO         3501    i.SendMatrix        ttcan.o
    0x08003124   0x08003124   0x00000100   Code   RO         3333    i.SendRef           can_config.o
    0x08003224   0x08003224   0x00000008   Code   RO         3234    i.SetSysClock       system_stm32f10x.o
    0x0800322c   0x0800322c   0x000000e0   Code   RO         3235    i.SetSysClockTo72   system_stm32f10x.o
    0x0800330c   0x0800330c   0x00000028   Code   RO          260    i.SysTick_CLKSourceConfig  misc.o
    0x08003334   0x08003334   0x00000036   Code   RO          188    i.SysTick_CounterCmd  stm32f10x_systick.o
    0x0800336a   0x0800336a   0x0000002e   Code   RO          190    i.SysTick_GetFlagStatus  stm32f10x_systick.o
    0x08003398   0x08003398   0x00000002   Code   RO          107    i.SysTick_Handler   stm32f10x_it.o
    0x0800339a   0x0800339a   0x00000026   Code   RO          191    i.SysTick_ITConfig  stm32f10x_systick.o
    0x080033c0   0x080033c0   0x00000008   Code   RO          192    i.SysTick_SetReload  stm32f10x_systick.o
    0x080033c8   0x080033c8   0x00000060   Code   RO         3237    i.SystemInit        system_stm32f10x.o
    0x08003428   0x08003428   0x00000080   Code   RO         2438    i.TI1_Config        stm32f10x_tim.o
    0x080034a8   0x080034a8   0x00000098   Code   RO         2439    i.TI2_Config        stm32f10x_tim.o
    0x08003540   0x08003540   0x00000090   Code   RO         2440    i.TI3_Config        stm32f10x_tim.o
    0x080035d0   0x080035d0   0x00000098   Code   RO         2441    i.TI4_Config        stm32f10x_tim.o
    0x08003668   0x08003668   0x00000050   Code   RO         3382    i.TIM2_IRQHandler   timer.o
    0x080036b8   0x080036b8   0x00000060   Code   RO         3383    i.TIM2_Int_Init     timer.o
    0x08003718   0x08003718   0x000000ac   Code   RO          108    i.TIM3_IRQHandler   stm32f10x_it.o
    0x080037c4   0x080037c4   0x00000060   Code   RO         3384    i.TIM3_Int_Init     timer.o
    0x08003824   0x08003824   0x000000b8   Code   RO         3385    i.TIM4_EncoderMode_Config  timer.o
    0x080038dc   0x080038dc   0x00000030   Code   RO         3386    i.TIM4_IRQHandler   timer.o
    0x0800390c   0x0800390c   0x00000084   Code   RO         3388    i.TIM4_PWM_Init     timer.o
    0x08003990   0x08003990   0x00000006   Code   RO         2449    i.TIM_ClearITPendingBit  stm32f10x_tim.o
    0x08003996   0x08003996   0x00000018   Code   RO         2454    i.TIM_Cmd           stm32f10x_tim.o
    0x080039ae   0x080039ae   0x00000042   Code   RO         2463    i.TIM_EncoderInterfaceConfig  stm32f10x_tim.o
    0x080039f0   0x080039f0   0x00000022   Code   RO         2475    i.TIM_GetITStatus   stm32f10x_tim.o
    0x08003a12   0x08003a12   0x00000002   PAD
    0x08003a14   0x08003a14   0x000000ac   Code   RO         2477    i.TIM_ICInit        stm32f10x_tim.o
    0x08003ac0   0x08003ac0   0x00000012   Code   RO         2478    i.TIM_ICStructInit  stm32f10x_tim.o
    0x08003ad2   0x08003ad2   0x00000012   Code   RO         2479    i.TIM_ITConfig      stm32f10x_tim.o
    0x08003ae4   0x08003ae4   0x000000a4   Code   RO         2488    i.TIM_OC2Init       stm32f10x_tim.o
    0x08003b88   0x08003b88   0x0000001a   Code   RO         2491    i.TIM_OC2PreloadConfig  stm32f10x_tim.o
    0x08003ba2   0x08003ba2   0x00000004   Code   RO         2516    i.TIM_SetCompare2   stm32f10x_tim.o
    0x08003ba6   0x08003ba6   0x00000004   Code   RO         2519    i.TIM_SetCounter    stm32f10x_tim.o
    0x08003baa   0x08003baa   0x00000012   Code   RO         2520    i.TIM_SetIC1Prescaler  stm32f10x_tim.o
    0x08003bbc   0x08003bbc   0x0000001a   Code   RO         2521    i.TIM_SetIC2Prescaler  stm32f10x_tim.o
    0x08003bd6   0x08003bd6   0x00000012   Code   RO         2522    i.TIM_SetIC3Prescaler  stm32f10x_tim.o
    0x08003be8   0x08003be8   0x0000001a   Code   RO         2523    i.TIM_SetIC4Prescaler  stm32f10x_tim.o
    0x08003c02   0x08003c02   0x00000002   PAD
    0x08003c04   0x08003c04   0x000000a4   Code   RO         2525    i.TIM_TimeBaseInit  stm32f10x_tim.o
    0x08003ca8   0x08003ca8   0x00000012   Code   RO         2526    i.TIM_TimeBaseStructInit  stm32f10x_tim.o
    0x08003cba   0x08003cba   0x00000002   PAD
    0x08003cbc   0x08003cbc   0x00000180   Code   RO         3503    i.TimerISR          ttcan.o
    0x08003e3c   0x08003e3c   0x00000054   Code   RO         3504    i.TimerSlotSet      ttcan.o
    0x08003e90   0x08003e90   0x00000018   Code   RO         2990    i.USART_Cmd         stm32f10x_usart.o
    0x08003ea8   0x08003ea8   0x000000a8   Code   RO         3278    i.USART_Configuration  usart.o
    0x08003f50   0x08003f50   0x0000001a   Code   RO         2993    i.USART_GetFlagStatus  stm32f10x_usart.o
    0x08003f6a   0x08003f6a   0x0000004a   Code   RO         2996    i.USART_ITConfig    stm32f10x_usart.o
    0x08003fb4   0x08003fb4   0x000000d8   Code   RO         2997    i.USART_Init        stm32f10x_usart.o
    0x0800408c   0x0800408c   0x00000008   Code   RO         3007    i.USART_SendData    stm32f10x_usart.o
    0x08004094   0x08004094   0x000000b8   Code   RO          109    i.USB_LP_CAN1_RX0_IRQHandler  stm32f10x_it.o
    0x0800414c   0x0800414c   0x00000004   Code   RO          110    i.UsageFault_Handler  stm32f10x_it.o
    0x08004150   0x08004150   0x000000b4   Code   RO         3562    i.WheelSpeed        ttcan_mes.o
    0x08004204   0x08004204   0x00000020   Code   RO         3908    i.__0printf         mc_w.l(printfa.o)
    0x08004224   0x08004224   0x00000028   Code   RO         3978    i.__ARM_fpclassify  m_ws.l(fpclassify.o)
    0x0800424c   0x0800424c   0x000000aa   Code   RO         3980    i.__kernel_poly     m_ws.l(poly.o)
    0x080042f6   0x080042f6   0x00000002   PAD
    0x080042f8   0x080042f8   0x00000010   Code   RO         3964    i.__mathlib_dbl_divzero  m_ws.l(dunder.o)
    0x08004308   0x08004308   0x00000004   Code   RO         3966    i.__mathlib_dbl_infnan2  m_ws.l(dunder.o)
    0x0800430c   0x0800430c   0x0000000c   Code   RO         3967    i.__mathlib_dbl_invalid  m_ws.l(dunder.o)
    0x08004318   0x08004318   0x0000000e   Code   RO         3968    i.__mathlib_dbl_overflow  m_ws.l(dunder.o)
    0x08004326   0x08004326   0x00000002   PAD
    0x08004328   0x08004328   0x00000010   Code   RO         3970    i.__mathlib_dbl_underflow  m_ws.l(dunder.o)
    0x08004338   0x08004338   0x0000000e   Code   RO         4032    i.__scatterload_copy  mc_w.l(handlers.o)
    0x08004346   0x08004346   0x00000002   Code   RO         4033    i.__scatterload_null  mc_w.l(handlers.o)
    0x08004348   0x08004348   0x0000000e   Code   RO         4034    i.__scatterload_zeroinit  mc_w.l(handlers.o)
    0x08004356   0x08004356   0x00000002   PAD
    0x08004358   0x08004358   0x0000000c   Code   RO         4012    i.__set_errno       mc_w.l(errno.o)
    0x08004364   0x08004364   0x00000184   Code   RO         3915    i._fp_digits        mc_w.l(printfa.o)
    0x080044e8   0x080044e8   0x000006b4   Code   RO         3916    i._printf_core      mc_w.l(printfa.o)
    0x08004b9c   0x08004b9c   0x00000024   Code   RO         3917    i._printf_post_padding  mc_w.l(printfa.o)
    0x08004bc0   0x08004bc0   0x0000002e   Code   RO         3918    i._printf_pre_padding  mc_w.l(printfa.o)
    0x08004bee   0x08004bee   0x00000002   PAD
    0x08004bf0   0x08004bf0   0x00000054   Code   RO          228    i.delay_ms          systick.o
    0x08004c44   0x08004c44   0x00000048   Code   RO          229    i.delay_us          systick.o
    0x08004c8c   0x08004c8c   0x00000024   Code   RO            1    i.fputc             main.o
    0x08004cb0   0x08004cb0   0x0000003e   Code   RO            2    i.main              main.o
    0x08004cee   0x08004cee   0x00000002   PAD
    0x08004cf0   0x08004cf0   0x00000108   Code   RO         3563    i.message1          ttcan_mes.o
    0x08004df8   0x08004df8   0x00000108   Code   RO         3564    i.message2          ttcan_mes.o
    0x08004f00   0x08004f00   0x00000094   Code   RO         3565    i.message3          ttcan_mes.o
    0x08004f94   0x08004f94   0x00000108   Code   RO         3566    i.message5          ttcan_mes.o
    0x0800509c   0x0800509c   0x0000010c   Code   RO         3567    i.message6          ttcan_mes.o
    0x080051a8   0x080051a8   0x000009d8   Code   RO         3655    i.pow               m_ws.l(pow.o)
    0x08005b80   0x08005b80   0x0000001c   Code   RO         3391    i.read_encoder      timer.o
    0x08005b9c   0x08005b9c   0x0000004c   Code   RO         3665    i.sqrt              m_ws.l(sqrt.o)
    0x08005be8   0x08005be8   0x0000000c   Data   RO         3620    .constdata          nodes.o
    0x08005bf4   0x08005bf4   0x00000004   PAD
    0x08005bf8   0x08005bf8   0x00000088   Data   RO         3656    .constdata          m_ws.l(pow.o)
    0x08005c80   0x08005c80   0x00000008   Data   RO         3982    .constdata          m_ws.l(qnan.o)
    0x08005c88   0x08005c88   0x000002d0   Data   RO         3621    .conststring        nodes.o
    0x08005f58   0x08005f58   0x00000020   Data   RO         4030    Region$$Table       anon$$obj.o


    Execution Region RW_IRAM1 (Exec base: 0x20000000, Load base: 0x08005f78, Size: 0x000006b0, Max: 0x00010000, ABSOLUTE, COMPRESSED[0x00000080])

    Exec Addr    Load Addr    Size         Type   Attr      Idx    E Section Name        Object

    0x20000000   COMPRESSED   0x0000002a   Data   RW          111    .data               stm32f10x_it.o
    0x2000002a   COMPRESSED   0x00000005   Data   RW          230    .data               systick.o
    0x2000002f   COMPRESSED   0x00000014   Data   RW          612    .data               stm32f10x_rcc.o
    0x20000043   COMPRESSED   0x00000005   PAD
    0x20000048   COMPRESSED   0x00000020   Data   RW         3334    .data               can_config.o
    0x20000068   COMPRESSED   0x0000000e   Data   RW         3392    .data               timer.o
    0x20000076   COMPRESSED   0x00000002   PAD
    0x20000078   COMPRESSED   0x000000c8   Data   RW         3506    .data               ttcan.o
    0x20000140   COMPRESSED   0x00000031   Data   RW         3568    .data               ttcan_mes.o
    0x20000171   COMPRESSED   0x00000003   PAD
    0x20000174   COMPRESSED   0x00000088   Data   RW         3622    .data               nodes.o
    0x200001fc   COMPRESSED   0x00000004   Data   RW         3999    .data               mc_w.l(stdout.o)
    0x20000200   COMPRESSED   0x00000004   Data   RW         4013    .data               mc_w.l(errno.o)
    0x20000204        -       0x000000a8   Zero   RW         3505    .bss                ttcan.o
    0x200002ac   COMPRESSED   0x00000004   PAD
    0x200002b0        -       0x00000400   Zero   RW         3268    STACK               startup_stm32f10x_hd.o


==============================================================================

Image component sizes


      Code (inc. data)   RO Data    RW Data    ZI Data      Debug   Object Name

       836        134          0         32          0       4925   can_config.o
         0          0          0          0          0         32   core_cm3.o
       112         14          0          0          0        487   led.o
        98          4          0          0          0     261151   main.o
       172         22          0          0          0       2177   misc.o
      5724       1392        732        136          0       7187   nodes.o
        36          8        304          0       1024        888   startup_stm32f10x_hd.o
      1526         18          0          0          0       7517   stm32f10x_can.o
       302          0          0          0          0       3698   stm32f10x_gpio.o
       470        144          0         42          0       6523   stm32f10x_it.o
       308         38          0         20          0       5143   stm32f10x_rcc.o
       146          0          0          0          0       2136   stm32f10x_systick.o
      1382        160          0          0          0      14368   stm32f10x_tim.o
       348          6          0          0          0       5033   stm32f10x_usart.o
       328         28          0          0          0       1837   system_stm32f10x.o
       224         34          0          5          0       1811   systick.o
       832         84          0         14          0       5256   timer.o
      1378        314          0        200        168       7078   ttcan.o
      1388        454          0         49          0       4208   ttcan_mes.o
       352         16          0          0          0       2171   usart.o

    ----------------------------------------------------------------------
     15982       2870       1072        508       1196     343626   Object Totals
         0          0         32          0          0          0   (incl. Generated)
        20          0          4         10          4          0   (incl. Padding)

    ----------------------------------------------------------------------

      Code (inc. data)   RO Data    RW Data    ZI Data      Debug   Library Member Name

        62         10          0          0          0        340   dunder.o
        40          0          0          0          0         68   fpclassify.o
       170          0          0          0          0         96   poly.o
      2520        190        136          0          0        324   pow.o
         0          0          8          0          0          0   qnan.o
        76          0          0          0          0         84   sqrt.o
        86          0          0          0          0          0   __dczerorl2.o
         0          0          0          0          0          0   entry.o
         0          0          0          0          0          0   entry10a.o
         0          0          0          0          0          0   entry11a.o
         4          0          0          0          0          0   entry12b.o
         8          4          0          0          0          0   entry2.o
         4          0          0          0          0          0   entry5.o
         0          0          0          0          0          0   entry7b.o
         0          0          0          0          0          0   entry8b.o
         8          4          0          0          0          0   entry9a.o
        12          6          0          4          0         68   errno.o
        30          0          0          0          0          0   handlers.o
        36          8          0          0          0         68   init.o
         0          0          0          0          0          0   iusefp.o
        30          0          0          0          0         68   llshl.o
        36          0          0          0          0         68   llsshr.o
        32          0          0          0          0         68   llushr.o
      2218         90          0          0          0        464   printfa.o
         0          0          0          4          0          0   stdout.o
        44          0          0          0          0         80   uidiv.o
        98          0          0          0          0         92   uldiv.o
        48          0          0          0          0         68   cdcmple.o
        48          0          0          0          0         68   cdrcmple.o
        20          0          0          0          0         68   cfcmple.o
        56          0          0          0          0         88   d2f.o
       334          0          0          0          0        148   dadd.o
       222          0          0          0          0        100   ddiv.o
       186          0          0          0          0        176   depilogue.o
        48          0          0          0          0         68   dfixul.o
        34          0          0          0          0         76   dflti.o
       228          0          0          0          0         96   dmul.o
        46          0          0          0          0         80   dscalb.o
       162          0          0          0          0        100   dsqrt.o
        38          0          0          0          0         68   f2d.o
       110          0          0          0          0        168   fepilogue.o
        40          0          0          0          0         68   ffixui.o
       100          0          0          0          0         76   fmul.o

    ----------------------------------------------------------------------
      7242        312        144          8          0       3404   Library Totals
         8          0          0          0          0          0   (incl. Padding)

    ----------------------------------------------------------------------

      Code (inc. data)   RO Data    RW Data    ZI Data      Debug   Library Name

      2868        200        144          0          0        912   m_ws.l
      2646        112          0          8          0        976   mc_w.l
      1720          0          0          0          0       1516   mf_w.l

    ----------------------------------------------------------------------
      7242        312        144          8          0       3404   Library Totals

    ----------------------------------------------------------------------

==============================================================================


      Code (inc. data)   RO Data    RW Data    ZI Data      Debug   

     23224       3182       1216        516       1196     340086   Grand Totals
     23224       3182       1216        128       1196     340086   ELF Image Totals (compressed)
     23224       3182       1216        128          0          0   ROM Totals

==============================================================================

    Total RO  Size (Code + RO Data)                24440 (  23.87kB)
    Total RW  Size (RW Data + ZI Data)              1712 (   1.67kB)
    Total ROM Size (Code + RO Data + RW Data)      24568 (  23.99kB)

==============================================================================

